
> afse-calculator@0.1.0 build
> next build

   鈻?Next.js 15.5.9
   - Environments: .env.local

   Creating an optimized production build ...
node.exe :  鈿?Compiled with wa
rnings in 2.2s
所在位置 行:1 字符: 1
+ & "C:\Program Files\nodejs/n
ode.exe" "C:\Program Files\nod
ejs/node_mo ...
+ ~~~~~~~~~~~~~~~~~~~~~~~~~~~~
~~~~~~~~~~~~~~~~~~~~~~~~~~~~~~
~~~~~~~~~~~
    + CategoryInfo          : 
N    otSpecified: ( 鈿?Compiled
 w    ith warnings in 2.2s:Str
ing    ) [], RemoteException
    + FullyQualifiedErrorId : 
N    ativeCommandError
 

./node_modules/next/dist/lib/i
s-error.js
There are multiple modules wit
h names that only differ in ca
sing.
This can lead to unexpected be
havior when compiling on a fil
esystem with other case-semant
ic.
Use equal casing. Compare thes
e module identifiers:
* javascript/auto|C:\antigravi
ty\AFSE\node_modules\next\dist
\lib\is-error.js|pages-dir-nod
e
    Used by 2 module(s), i. e.
    javascript/auto|C:\antigra
vity\afse\node_modules\next\di
st\build\webpack\loaders\next-
swc-loader.js??ruleSet[1].rule
s[16].oneOf[8].use[0]!C:\antig
ravity\AFSE\node_modules\next\
dist\pages\_document.js|pages-
dir-node
* javascript/auto|C:\antigravi
ty\afse\node_modules\next\dist
\lib\is-error.js|pages-dir-nod
e
    Used by 2 module(s), i. e.
    javascript/auto|C:\antigra
vity\afse\node_modules\next\di
st\build\webpack\loaders\next-
swc-loader.js??ruleSet[1].rule
s[16].oneOf[8].use[0]!C:\antig
ravity\afse\node_modules\next\
dist\pages\_document.js|pages-
dir-node

Import trace for requested mod
ule:
./node_modules/next/dist/lib/i
s-error.js

./node_modules/next/dist/lib/p
retty-bytes.js
There are multiple modules wit
h names that only differ in ca
sing.
This can lead to unexpected be
havior when compiling on a fil
esystem with other case-semant
ic.
Use equal casing. Compare thes
e module identifiers:
* javascript/auto|C:\antigravi
ty\AFSE\node_modules\next\dist
\lib\pretty-bytes.js|pages-dir
-node
    Used by 1 module(s), i. e.
    javascript/auto|C:\antigra
vity\afse\node_modules\next\di
st\build\webpack\loaders\next-
swc-loader.js??ruleSet[1].rule
s[16].oneOf[8].use[0]!C:\antig
ravity\AFSE\node_modules\next\
dist\pages\_document.js|pages-
dir-node
* javascript/auto|C:\antigravi
ty\afse\node_modules\next\dist
\lib\pretty-bytes.js|pages-dir
-node
    Used by 1 module(s), i. e.
    javascript/auto|C:\antigra
vity\afse\node_modules\next\di
st\build\webpack\loaders\next-
swc-loader.js??ruleSet[1].rule
s[16].oneOf[8].use[0]!C:\antig
ravity\afse\node_modules\next\
dist\pages\_document.js|pages-
dir-node

Import trace for requested mod
ule:
./node_modules/next/dist/lib/p
retty-bytes.js

./node_modules/next/dist/serve
r/get-page-files.js
There are multiple modules wit
h names that only differ in ca
sing.
This can lead to unexpected be
havior when compiling on a fil
esystem with other case-semant
ic.
Use equal casing. Compare thes
e module identifiers:
* javascript/auto|C:\antigravi
ty\AFSE\node_modules\next\dist
\server\get-page-files.js|page
s-dir-node
    Used by 1 module(s), i. e.
    javascript/auto|C:\antigra
vity\afse\node_modules\next\di
st\build\webpack\loaders\next-
swc-loader.js??ruleSet[1].rule
s[16].oneOf[8].use[0]!C:\antig
ravity\AFSE\node_modules\next\
dist\pages\_document.js|pages-
dir-node
* javascript/auto|C:\antigravi
ty\afse\node_modules\next\dist
\server\get-page-files.js|page
s-dir-node
    Used by 1 module(s), i. e.
    javascript/auto|C:\antigra
vity\afse\node_modules\next\di
st\build\webpack\loaders\next-
swc-loader.js??ruleSet[1].rule
s[16].oneOf[8].use[0]!C:\antig
ravity\afse\node_modules\next\
dist\pages\_document.js|pages-
dir-node

Import trace for requested mod
ule:
./node_modules/next/dist/serve
r/get-page-files.js

./node_modules/next/dist/serve
r/htmlescape.js
There are multiple modules wit
h names that only differ in ca
sing.
This can lead to unexpected be
havior when compiling on a fil
esystem with other case-semant
ic.
Use equal casing. Compare thes
e module identifiers:
* javascript/auto|C:\antigravi
ty\AFSE\node_modules\next\dist
\server\htmlescape.js|pages-di
r-node
    Used by 2 module(s), i. e.
    javascript/auto|C:\antigra
vity\afse\node_modules\next\di
st\build\webpack\loaders\next-
swc-loader.js??ruleSet[1].rule
s[16].oneOf[8].use[0]!C:\antig
ravity\AFSE\node_modules\next\
dist\pages\_document.js|pages-
dir-node
* javascript/auto|C:\antigravi
ty\afse\node_modules\next\dist
\server\htmlescape.js|pages-di
r-node
    Used by 2 module(s), i. e.
    javascript/auto|C:\antigra
vity\afse\node_modules\next\di
st\build\webpack\loaders\next-
swc-loader.js??ruleSet[1].rule
s[16].oneOf[8].use[0]!C:\antig
ravity\afse\node_modules\next\
dist\pages\_document.js|pages-
dir-node

Import trace for requested mod
ule:
./node_modules/next/dist/serve
r/htmlescape.js

./node_modules/next/dist/serve
r/lib/trace/constants.js
There are multiple modules wit
h names that only differ in ca
sing.
This can lead to unexpected be
havior when compiling on a fil
esystem with other case-semant
ic.
Use equal casing. Compare thes
e module identifiers:
* javascript/auto|C:\antigravi
ty\AFSE\node_modules\next\dist
\server\lib\trace\constants.js
|pages-dir-node
    Used by 2 module(s), i. e.
    javascript/auto|C:\antigra
vity\AFSE\node_modules\next\di
st\server\lib\trace\tracer.js|
pages-dir-node
* javascript/auto|C:\antigravi
ty\afse\node_modules\next\dist
\server\lib\trace\constants.js
|pages-dir-node
    Used by 5 module(s), i. e.
    javascript/auto|C:\antigra
vity\afse\node_modules\next\di
st\server\route-modules\pages\
pages-handler.js|pages-dir-nod
e

Import trace for requested mod
ule:
./node_modules/next/dist/serve
r/lib/trace/constants.js
./node_modules/next/dist/serve
r/lib/trace/tracer.js

./node_modules/next/dist/serve
r/lib/trace/tracer.js
There are multiple modules wit
h names that only differ in ca
sing.
This can lead to unexpected be
havior when compiling on a fil
esystem with other case-semant
ic.
Use equal casing. Compare thes
e module identifiers:
* javascript/auto|C:\antigravi
ty\AFSE\node_modules\next\dist
\server\lib\trace\tracer.js|pa
ges-dir-node
    Used by 2 module(s), i. e.
    javascript/auto|C:\antigra
vity\afse\node_modules\next\di
st\build\webpack\loaders\next-
swc-loader.js??ruleSet[1].rule
s[16].oneOf[8].use[0]!C:\antig
ravity\AFSE\node_modules\next\
dist\pages\_document.js|pages-
dir-node
* javascript/auto|C:\antigravi
ty\afse\node_modules\next\dist
\server\lib\trace\tracer.js|pa
ges-dir-node
    Used by 5 module(s), i. e.
    javascript/auto|C:\antigra
vity\afse\node_modules\next\di
st\build\webpack\loaders\next-
swc-loader.js??ruleSet[1].rule
s[16].oneOf[8].use[0]!C:\antig
ravity\afse\node_modules\next\
dist\pages\_document.js|pages-
dir-node

Import trace for requested mod
ule:
./node_modules/next/dist/serve
r/lib/trace/tracer.js

./node_modules/next/dist/serve
r/lib/trace/utils.js
There are multiple modules wit
h names that only differ in ca
sing.
This can lead to unexpected be
havior when compiling on a fil
esystem with other case-semant
ic.
Use equal casing. Compare thes
e module identifiers:
* javascript/auto|C:\antigravi
ty\AFSE\node_modules\next\dist
\server\lib\trace\utils.js|pag
es-dir-node
    Used by 1 module(s), i. e.
    javascript/auto|C:\antigra
vity\afse\node_modules\next\di
st\build\webpack\loaders\next-
swc-loader.js??ruleSet[1].rule
s[16].oneOf[8].use[0]!C:\antig
ravity\AFSE\node_modules\next\
dist\pages\_document.js|pages-
dir-node
* javascript/auto|C:\antigravi
ty\afse\node_modules\next\dist
\server\lib\trace\utils.js|pag
es-dir-node
    Used by 1 module(s), i. e.
    javascript/auto|C:\antigra
vity\afse\node_modules\next\di
st\build\webpack\loaders\next-
swc-loader.js??ruleSet[1].rule
s[16].oneOf[8].use[0]!C:\antig
ravity\afse\node_modules\next\
dist\pages\_document.js|pages-
dir-node

Import trace for requested mod
ule:
./node_modules/next/dist/serve
r/lib/trace/utils.js

./node_modules/next/dist/serve
r/utils.js
There are multiple modules wit
h names that only differ in ca
sing.
This can lead to unexpected be
havior when compiling on a fil
esystem with other case-semant
ic.
Use equal casing. Compare thes
e module identifiers:
* javascript/auto|C:\antigravi
ty\AFSE\node_modules\next\dist
\server\utils.js|pages-dir-nod
e
    Used by 2 module(s), i. e.
    javascript/auto|C:\antigra
vity\afse\node_modules\next\di
st\build\webpack\loaders\next-
swc-loader.js??ruleSet[1].rule
s[16].oneOf[8].use[0]!C:\antig
ravity\AFSE\node_modules\next\
dist\pages\_document.js|pages-
dir-node
* javascript/auto|C:\antigravi
ty\afse\node_modules\next\dist
\server\utils.js|pages-dir-nod
e
    Used by 2 module(s), i. e.
    javascript/auto|C:\antigra
vity\afse\node_modules\next\di
st\build\webpack\loaders\next-
swc-loader.js??ruleSet[1].rule
s[16].oneOf[8].use[0]!C:\antig
ravity\afse\node_modules\next\
dist\pages\_document.js|pages-
dir-node

Import trace for requested mod
ule:
./node_modules/next/dist/serve
r/utils.js

./node_modules/next/dist/pages
/_app.js
There are multiple modules wit
h names that only differ in ca
sing.
This can lead to unexpected be
havior when compiling on a fil
esystem with other case-semant
ic.
Use equal casing. Compare thes
e module identifiers:
* javascript/auto|C:\antigravi
ty\afse\node_modules\next\dist
\build\webpack\loaders\next-sw
c-loader.js??ruleSet[1].rules[
16].oneOf[8].use[0]!C:\antigra
vity\AFSE\node_modules\next\di
st\pages\_app.js|pages-dir-nod
e
    Used by 1 module(s), i. e.
    javascript/auto|C:\antigra
vity\afse\node_modules\next\di
st\build\webpack\loaders\next-
swc-loader.js??ruleSet[1].rule
s[16].oneOf[8].use[0]!C:\antig
ravity\AFSE\node_modules\next\
dist\pages\_app.js|pages-dir-n
ode
* javascript/auto|C:\antigravi
ty\afse\node_modules\next\dist
\build\webpack\loaders\next-sw
c-loader.js??ruleSet[1].rules[
16].oneOf[8].use[0]!C:\antigra
vity\afse\node_modules\next\di
st\pages\_app.js|pages-dir-nod
e
    Used by 2 module(s), i. e.
    javascript/auto|C:\antigra
vity\afse\node_modules\next\di
st\build\webpack\loaders\next-
route-loader\index.js?kind=PAG
ES&page=%2F_error&preferredReg
ion=&absolutePagePath=next%2Fd
ist%2Fpages%2F_error&absoluteA
ppPath=next%2Fdist%2Fpages%2F_
app&absoluteDocumentPath=next%
2Fdist%2Fpages%2F_document&mid
dlewareConfigBase64=e30%3D!|pa
ges-dir-node

./node_modules/next/dist/pages
/_document.js
There are multiple modules wit
h names that only differ in ca
sing.
This can lead to unexpected be
havior when compiling on a fil
esystem with other case-semant
ic.
Use equal casing. Compare thes
e module identifiers:
* javascript/auto|C:\antigravi
ty\afse\node_modules\next\dist
\build\webpack\loaders\next-sw
c-loader.js??ruleSet[1].rules[
16].oneOf[8].use[0]!C:\antigra
vity\AFSE\node_modules\next\di
st\pages\_document.js|pages-di
r-node
    Used by 1 module(s), i. e.
    javascript/auto|C:\antigra
vity\afse\node_modules\next\di
st\build\webpack\loaders\next-
swc-loader.js??ruleSet[1].rule
s[16].oneOf[8].use[0]!C:\antig
ravity\AFSE\node_modules\next\
dist\pages\_document.js|pages-
dir-node
* javascript/auto|C:\antigravi
ty\afse\node_modules\next\dist
\build\webpack\loaders\next-sw
c-loader.js??ruleSet[1].rules[
16].oneOf[8].use[0]!C:\antigra
vity\afse\node_modules\next\di
st\pages\_document.js|pages-di
r-node
    Used by 2 module(s), i. e.
    javascript/auto|C:\antigra
vity\afse\node_modules\next\di
st\build\webpack\loaders\next-
route-loader\index.js?kind=PAG
ES&page=%2F_error&preferredReg
ion=&absolutePagePath=next%2Fd
ist%2Fpages%2F_error&absoluteA
ppPath=next%2Fdist%2Fpages%2F_
app&absoluteDocumentPath=next%
2Fdist%2Fpages%2F_document&mid
dlewareConfigBase64=e30%3D!|pa
ges-dir-node

./node_modules/next/dist/share
d/lib/constants.js
There are multiple modules wit
h names that only differ in ca
sing.
This can lead to unexpected be
havior when compiling on a fil
esystem with other case-semant
ic.
Use equal casing. Compare thes
e module identifiers:
* javascript/auto|C:\antigravi
ty\afse\node_modules\next\dist
\build\webpack\loaders\next-sw
c-loader.js??ruleSet[1].rules[
16].oneOf[8].use[0]!C:\antigra
vity\AFSE\node_modules\next\di
st\shared\lib\constants.js|pag
es-dir-node
    Used by 3 module(s), i. e.
    javascript/auto|C:\antigra
vity\afse\node_modules\next\di
st\build\webpack\loaders\next-
swc-loader.js??ruleSet[1].rule
s[16].oneOf[8].use[0]!C:\antig
ravity\AFSE\node_modules\next\
dist\pages\_document.js|pages-
dir-node
* javascript/auto|C:\antigravi
ty\afse\node_modules\next\dist
\build\webpack\loaders\next-sw
c-loader.js??ruleSet[1].rules[
16].oneOf[8].use[0]!C:\antigra
vity\afse\node_modules\next\di
st\shared\lib\constants.js|pag
es-dir-node
    Used by 3 module(s), i. e.
    javascript/auto|C:\antigra
vity\afse\node_modules\next\di
st\build\webpack\loaders\next-
swc-loader.js??ruleSet[1].rule
s[16].oneOf[8].use[0]!C:\antig
ravity\afse\node_modules\next\
dist\pages\_document.js|pages-
dir-node

Import trace for requested mod
ule:
./node_modules/next/dist/share
d/lib/constants.js

./node_modules/next/dist/share
d/lib/encode-uri-path.js
There are multiple modules wit
h names that only differ in ca
sing.
This can lead to unexpected be
havior when compiling on a fil
esystem with other case-semant
ic.
Use equal casing. Compare thes
e module identifiers:
* javascript/auto|C:\antigravi
ty\afse\node_modules\next\dist
\build\webpack\loaders\next-sw
c-loader.js??ruleSet[1].rules[
16].oneOf[8].use[0]!C:\antigra
vity\AFSE\node_modules\next\di
st\shared\lib\encode-uri-path.
js|pages-dir-node
    Used by 1 module(s), i. e.
    javascript/auto|C:\antigra
vity\afse\node_modules\next\di
st\build\webpack\loaders\next-
swc-loader.js??ruleSet[1].rule
s[16].oneOf[8].use[0]!C:\antig
ravity\AFSE\node_modules\next\
dist\pages\_document.js|pages-
dir-node
* javascript/auto|C:\antigravi
ty\afse\node_modules\next\dist
\build\webpack\loaders\next-sw
c-loader.js??ruleSet[1].rules[
16].oneOf[8].use[0]!C:\antigra
vity\afse\node_modules\next\di
st\shared\lib\encode-uri-path.
js|pages-dir-node
    Used by 1 module(s), i. e.
    javascript/auto|C:\antigra
vity\afse\node_modules\next\di
st\build\webpack\loaders\next-
swc-loader.js??ruleSet[1].rule
s[16].oneOf[8].use[0]!C:\antig
ravity\afse\node_modules\next\
dist\pages\_document.js|pages-
dir-node

Import trace for requested mod
ule:
./node_modules/next/dist/share
d/lib/encode-uri-path.js

./node_modules/next/dist/share
d/lib/is-plain-object.js
There are multiple modules wit
h names that only differ in ca
sing.
This can lead to unexpected be
havior when compiling on a fil
esystem with other case-semant
ic.
Use equal casing. Compare thes
e module identifiers:
* javascript/auto|C:\antigravi
ty\afse\node_modules\next\dist
\build\webpack\loaders\next-sw
c-loader.js??ruleSet[1].rules[
16].oneOf[8].use[0]!C:\antigra
vity\AFSE\node_modules\next\di
st\shared\lib\is-plain-object.
js|pages-dir-node
    Used by 2 module(s), i. e.
    javascript/auto|C:\antigra
vity\AFSE\node_modules\next\di
st\lib\is-error.js|pages-dir-n
ode
* javascript/auto|C:\antigravi
ty\afse\node_modules\next\dist
\build\webpack\loaders\next-sw
c-loader.js??ruleSet[1].rules[
16].oneOf[8].use[0]!C:\antigra
vity\afse\node_modules\next\di
st\shared\lib\is-plain-object.
js|pages-dir-node
    Used by 2 module(s), i. e.
    javascript/auto|C:\antigra
vity\afse\node_modules\next\di
st\lib\is-error.js|pages-dir-n
ode

Import trace for requested mod
ule:
./node_modules/next/dist/share
d/lib/is-plain-object.js
./node_modules/next/dist/lib/i
s-error.js

./node_modules/next/dist/share
d/lib/is-thenable.js
There are multiple modules wit
h names that only differ in ca
sing.
This can lead to unexpected be
havior when compiling on a fil
esystem with other case-semant
ic.
Use equal casing. Compare thes
e module identifiers:
* javascript/auto|C:\antigravi
ty\afse\node_modules\next\dist
\build\webpack\loaders\next-sw
c-loader.js??ruleSet[1].rules[
16].oneOf[8].use[0]!C:\antigra
vity\AFSE\node_modules\next\di
st\shared\lib\is-thenable.js|p
ages-dir-node
    Used by 1 module(s), i. e.
    javascript/auto|C:\antigra
vity\AFSE\node_modules\next\di
st\server\lib\trace\tracer.js|
pages-dir-node
* javascript/auto|C:\antigravi
ty\afse\node_modules\next\dist
\build\webpack\loaders\next-sw
c-loader.js??ruleSet[1].rules[
16].oneOf[8].use[0]!C:\antigra
vity\afse\node_modules\next\di
st\shared\lib\is-thenable.js|p
ages-dir-node
    Used by 1 module(s), i. e.
    javascript/auto|C:\antigra
vity\afse\node_modules\next\di
st\server\lib\trace\tracer.js|
pages-dir-node

Import trace for requested mod
ule:
./node_modules/next/dist/share
d/lib/is-thenable.js
./node_modules/next/dist/serve
r/lib/trace/tracer.js

./node_modules/next/dist/share
d/lib/modern-browserslist-targ
et.js
There are multiple modules wit
h names that only differ in ca
sing.
This can lead to unexpected be
havior when compiling on a fil
esystem with other case-semant
ic.
Use equal casing. Compare thes
e module identifiers:
* javascript/auto|C:\antigravi
ty\afse\node_modules\next\dist
\build\webpack\loaders\next-sw
c-loader.js??ruleSet[1].rules[
16].oneOf[8].use[0]!C:\antigra
vity\AFSE\node_modules\next\di
st\shared\lib\modern-browsersl
ist-target.js|pages-dir-node
    Used by 2 module(s), i. e.
    javascript/auto|C:\antigra
vity\afse\node_modules\next\di
st\build\webpack\loaders\next-
swc-loader.js??ruleSet[1].rule
s[16].oneOf[8].use[0]!C:\antig
ravity\AFSE\node_modules\next\
dist\shared\lib\constants.js|p
ages-dir-node
* javascript/auto|C:\antigravi
ty\afse\node_modules\next\dist
\build\webpack\loaders\next-sw
c-loader.js??ruleSet[1].rules[
16].oneOf[8].use[0]!C:\antigra
vity\afse\node_modules\next\di
st\shared\lib\modern-browsersl
ist-target.js|pages-dir-node
    Used by 2 module(s), i. e.
    javascript/auto|C:\antigra
vity\afse\node_modules\next\di
st\build\webpack\loaders\next-
swc-loader.js??ruleSet[1].rule
s[16].oneOf[8].use[0]!C:\antig
ravity\afse\node_modules\next\
dist\shared\lib\constants.js|p
ages-dir-node

Import trace for requested mod
ule:
./node_modules/next/dist/share
d/lib/modern-browserslist-targ
et.js
./node_modules/next/dist/share
d/lib/constants.js

./node_modules/next/dist/share
d/lib/page-path/denormalize-pa
ge-path.js
There are multiple modules wit
h names that only differ in ca
sing.
This can lead to unexpected be
havior when compiling on a fil
esystem with other case-semant
ic.
Use equal casing. Compare thes
e module identifiers:
* javascript/auto|C:\antigravi
ty\afse\node_modules\next\dist
\build\webpack\loaders\next-sw
c-loader.js??ruleSet[1].rules[
16].oneOf[8].use[0]!C:\antigra
vity\AFSE\node_modules\next\di
st\shared\lib\page-path\denorm
alize-page-path.js|pages-dir-n
ode
    Used by 1 module(s), i. e.
    javascript/auto|C:\antigra
vity\AFSE\node_modules\next\di
st\server\get-page-files.js|pa
ges-dir-node
* javascript/auto|C:\antigravi
ty\afse\node_modules\next\dist
\build\webpack\loaders\next-sw
c-loader.js??ruleSet[1].rules[
16].oneOf[8].use[0]!C:\antigra
vity\afse\node_modules\next\di
st\shared\lib\page-path\denorm
alize-page-path.js|pages-dir-n
ode
    Used by 1 module(s), i. e.
    javascript/auto|C:\antigra
vity\afse\node_modules\next\di
st\server\get-page-files.js|pa
ges-dir-node

Import trace for requested mod
ule:
./node_modules/next/dist/share
d/lib/page-path/denormalize-pa
ge-path.js
./node_modules/next/dist/serve
r/get-page-files.js

./node_modules/next/dist/share
d/lib/page-path/ensure-leading
-slash.js
There are multiple modules wit
h names that only differ in ca
sing.
This can lead to unexpected be
havior when compiling on a fil
esystem with other case-semant
ic.
Use equal casing. Compare thes
e module identifiers:
* javascript/auto|C:\antigravi
ty\afse\node_modules\next\dist
\build\webpack\loaders\next-sw
c-loader.js??ruleSet[1].rules[
16].oneOf[8].use[0]!C:\antigra
vity\AFSE\node_modules\next\di
st\shared\lib\page-path\ensure
-leading-slash.js|pages-dir-no
de
    Used by 2 module(s), i. e.
    javascript/auto|C:\antigra
vity\afse\node_modules\next\di
st\build\webpack\loaders\next-
swc-loader.js??ruleSet[1].rule
s[16].oneOf[8].use[0]!C:\antig
ravity\AFSE\node_modules\next\
dist\shared\lib\page-path\norm
alize-page-path.js|pages-dir-n
ode
* javascript/auto|C:\antigravi
ty\afse\node_modules\next\dist
\build\webpack\loaders\next-sw
c-loader.js??ruleSet[1].rules[
16].oneOf[8].use[0]!C:\antigra
vity\afse\node_modules\next\di
st\shared\lib\page-path\ensure
-leading-slash.js|pages-dir-no
de
    Used by 2 module(s), i. e.
    javascript/auto|C:\antigra
vity\afse\node_modules\next\di
st\build\webpack\loaders\next-
swc-loader.js??ruleSet[1].rule
s[16].oneOf[8].use[0]!C:\antig
ravity\afse\node_modules\next\
dist\shared\lib\page-path\norm
alize-page-path.js|pages-dir-n
ode

Import trace for requested mod
ule:
./node_modules/next/dist/share
d/lib/page-path/ensure-leading
-slash.js
./node_modules/next/dist/share
d/lib/page-path/normalize-page
-path.js
./node_modules/next/dist/serve
r/get-page-files.js

./node_modules/next/dist/share
d/lib/page-path/normalize-page
-path.js
There are multiple modules wit
h names that only differ in ca
sing.
This can lead to unexpected be
havior when compiling on a fil
esystem with other case-semant
ic.
Use equal casing. Compare thes
e module identifiers:
* javascript/auto|C:\antigravi
ty\afse\node_modules\next\dist
\build\webpack\loaders\next-sw
c-loader.js??ruleSet[1].rules[
16].oneOf[8].use[0]!C:\antigra
vity\AFSE\node_modules\next\di
st\shared\lib\page-path\normal
ize-page-path.js|pages-dir-nod
e
    Used by 1 module(s), i. e.
    javascript/auto|C:\antigra
vity\AFSE\node_modules\next\di
st\server\get-page-files.js|pa
ges-dir-node
* javascript/auto|C:\antigravi
ty\afse\node_modules\next\dist
\build\webpack\loaders\next-sw
c-loader.js??ruleSet[1].rules[
16].oneOf[8].use[0]!C:\antigra
vity\afse\node_modules\next\di
st\shared\lib\page-path\normal
ize-page-path.js|pages-dir-nod
e
    Used by 1 module(s), i. e.
    javascript/auto|C:\antigra
vity\afse\node_modules\next\di
st\server\get-page-files.js|pa
ges-dir-node

Import trace for requested mod
ule:
./node_modules/next/dist/share
d/lib/page-path/normalize-page
-path.js
./node_modules/next/dist/serve
r/get-page-files.js

./node_modules/next/dist/share
d/lib/page-path/normalize-path
-sep.js
There are multiple modules wit
h names that only differ in ca
sing.
This can lead to unexpected be
havior when compiling on a fil
esystem with other case-semant
ic.
Use equal casing. Compare thes
e module identifiers:
* javascript/auto|C:\antigravi
ty\afse\node_modules\next\dist
\build\webpack\loaders\next-sw
c-loader.js??ruleSet[1].rules[
16].oneOf[8].use[0]!C:\antigra
vity\AFSE\node_modules\next\di
st\shared\lib\page-path\normal
ize-path-sep.js|pages-dir-node
    Used by 1 module(s), i. e.
    javascript/auto|C:\antigra
vity\afse\node_modules\next\di
st\build\webpack\loaders\next-
swc-loader.js??ruleSet[1].rule
s[16].oneOf[8].use[0]!C:\antig
ravity\AFSE\node_modules\next\
dist\shared\lib\page-path\deno
rmalize-page-path.js|pages-dir
-node
* javascript/auto|C:\antigravi
ty\afse\node_modules\next\dist
\build\webpack\loaders\next-sw
c-loader.js??ruleSet[1].rules[
16].oneOf[8].use[0]!C:\antigra
vity\afse\node_modules\next\di
st\shared\lib\page-path\normal
ize-path-sep.js|pages-dir-node
    Used by 1 module(s), i. e.
    javascript/auto|C:\antigra
vity\afse\node_modules\next\di
st\build\webpack\loaders\next-
swc-loader.js??ruleSet[1].rule
s[16].oneOf[8].use[0]!C:\antig
ravity\afse\node_modules\next\
dist\shared\lib\page-path\deno
rmalize-page-path.js|pages-dir
-node

Import trace for requested mod
ule:
./node_modules/next/dist/share
d/lib/page-path/normalize-path
-sep.js
./node_modules/next/dist/share
d/lib/page-path/denormalize-pa
ge-path.js
./node_modules/next/dist/serve
r/get-page-files.js

./node_modules/next/dist/share
d/lib/router/utils/app-paths.j
s
There are multiple modules wit
h names that only differ in ca
sing.
This can lead to unexpected be
havior when compiling on a fil
esystem with other case-semant
ic.
Use equal casing. Compare thes
e module identifiers:
* javascript/auto|C:\antigravi
ty\afse\node_modules\next\dist
\build\webpack\loaders\next-sw
c-loader.js??ruleSet[1].rules[
16].oneOf[8].use[0]!C:\antigra
vity\AFSE\node_modules\next\di
st\shared\lib\router\utils\app
-paths.js|pages-dir-node
    Used by 2 module(s), i. e.
    javascript/auto|C:\antigra
vity\afse\node_modules\next\di
st\build\webpack\loaders\next-
swc-loader.js??ruleSet[1].rule
s[16].oneOf[8].use[0]!C:\antig
ravity\AFSE\node_modules\next\
dist\shared\lib\router\utils\i
nterception-routes.js|pages-di
r-node
* javascript/auto|C:\antigravi
ty\afse\node_modules\next\dist
\build\webpack\loaders\next-sw
c-loader.js??ruleSet[1].rules[
16].oneOf[8].use[0]!C:\antigra
vity\afse\node_modules\next\di
st\shared\lib\router\utils\app
-paths.js|pages-dir-node
    Used by 2 module(s), i. e.
    javascript/auto|C:\antigra
vity\afse\node_modules\next\di
st\build\webpack\loaders\next-
swc-loader.js??ruleSet[1].rule
s[16].oneOf[8].use[0]!C:\antig
ravity\afse\node_modules\next\
dist\shared\lib\router\utils\i
nterception-routes.js|pages-di
r-node

Import trace for requested mod
ule:
./node_modules/next/dist/share
d/lib/router/utils/app-paths.j
s
./node_modules/next/dist/share
d/lib/router/utils/interceptio
n-routes.js
./node_modules/next/dist/share
d/lib/router/utils/is-dynamic.
js
./node_modules/next/dist/share
d/lib/router/utils/index.js
./node_modules/next/dist/share
d/lib/page-path/denormalize-pa
ge-path.js
./node_modules/next/dist/serve
r/get-page-files.js

./node_modules/next/dist/share
d/lib/router/utils/index.js
There are multiple modules wit
h names that only differ in ca
sing.
This can lead to unexpected be
havior when compiling on a fil
esystem with other case-semant
ic.
Use equal casing. Compare thes
e module identifiers:
* javascript/auto|C:\antigravi
ty\afse\node_modules\next\dist
\build\webpack\loaders\next-sw
c-loader.js??ruleSet[1].rules[
16].oneOf[8].use[0]!C:\antigra
vity\AFSE\node_modules\next\di
st\shared\lib\router\utils\ind
ex.js|pages-dir-node
    Used by 3 module(s), i. e.
    javascript/auto|C:\antigra
vity\afse\node_modules\next\di
st\build\webpack\loaders\next-
swc-loader.js??ruleSet[1].rule
s[16].oneOf[8].use[0]!C:\antig
ravity\AFSE\node_modules\next\
dist\shared\lib\page-path\deno
rmalize-page-path.js|pages-dir
-node
* javascript/auto|C:\antigravi
ty\afse\node_modules\next\dist
\build\webpack\loaders\next-sw
c-loader.js??ruleSet[1].rules[
16].oneOf[8].use[0]!C:\antigra
vity\afse\node_modules\next\di
st\shared\lib\router\utils\ind
ex.js|pages-dir-node
    Used by 3 module(s), i. e.
    javascript/auto|C:\antigra
vity\afse\node_modules\next\di
st\build\webpack\loaders\next-
swc-loader.js??ruleSet[1].rule
s[16].oneOf[8].use[0]!C:\antig
ravity\afse\node_modules\next\
dist\shared\lib\page-path\deno
rmalize-page-path.js|pages-dir
-node

Import trace for requested mod
ule:
./node_modules/next/dist/share
d/lib/router/utils/index.js
./node_modules/next/dist/share
d/lib/page-path/denormalize-pa
ge-path.js
./node_modules/next/dist/serve
r/get-page-files.js

./node_modules/next/dist/share
d/lib/router/utils/interceptio
n-routes.js
There are multiple modules wit
h names that only differ in ca
sing.
This can lead to unexpected be
havior when compiling on a fil
esystem with other case-semant
ic.
Use equal casing. Compare thes
e module identifiers:
* javascript/auto|C:\antigravi
ty\afse\node_modules\next\dist
\build\webpack\loaders\next-sw
c-loader.js??ruleSet[1].rules[
16].oneOf[8].use[0]!C:\antigra
vity\AFSE\node_modules\next\di
st\shared\lib\router\utils\int
erception-routes.js|pages-dir-
node
    Used by 2 module(s), i. e.
    javascript/auto|C:\antigra
vity\afse\node_modules\next\di
st\build\webpack\loaders\next-
swc-loader.js??ruleSet[1].rule
s[16].oneOf[8].use[0]!C:\antig
ravity\AFSE\node_modules\next\
dist\shared\lib\router\utils\i
s-dynamic.js|pages-dir-node
* javascript/auto|C:\antigravi
ty\afse\node_modules\next\dist
\build\webpack\loaders\next-sw
c-loader.js??ruleSet[1].rules[
16].oneOf[8].use[0]!C:\antigra
vity\afse\node_modules\next\di
st\shared\lib\router\utils\int
erception-routes.js|pages-dir-
node
    Used by 2 module(s), i. e.
    javascript/auto|C:\antigra
vity\afse\node_modules\next\di
st\build\webpack\loaders\next-
swc-loader.js??ruleSet[1].rule
s[16].oneOf[8].use[0]!C:\antig
ravity\afse\node_modules\next\
dist\shared\lib\router\utils\i
s-dynamic.js|pages-dir-node

Import trace for requested mod
ule:
./node_modules/next/dist/share
d/lib/router/utils/interceptio
n-routes.js
./node_modules/next/dist/share
d/lib/router/utils/is-dynamic.
js
./node_modules/next/dist/share
d/lib/router/utils/index.js
./node_modules/next/dist/share
d/lib/page-path/denormalize-pa
ge-path.js
./node_modules/next/dist/serve
r/get-page-files.js

./node_modules/next/dist/share
d/lib/router/utils/is-dynamic.
js
There are multiple modules wit
h names that only differ in ca
sing.
This can lead to unexpected be
havior when compiling on a fil
esystem with other case-semant
ic.
Use equal casing. Compare thes
e module identifiers:
* javascript/auto|C:\antigravi
ty\afse\node_modules\next\dist
\build\webpack\loaders\next-sw
c-loader.js??ruleSet[1].rules[
16].oneOf[8].use[0]!C:\antigra
vity\AFSE\node_modules\next\di
st\shared\lib\router\utils\is-
dynamic.js|pages-dir-node
    Used by 1 module(s), i. e.
    javascript/auto|C:\antigra
vity\afse\node_modules\next\di
st\build\webpack\loaders\next-
swc-loader.js??ruleSet[1].rule
s[16].oneOf[8].use[0]!C:\antig
ravity\AFSE\node_modules\next\
dist\shared\lib\router\utils\i
ndex.js|pages-dir-node
* javascript/auto|C:\antigravi
ty\afse\node_modules\next\dist
\build\webpack\loaders\next-sw
c-loader.js??ruleSet[1].rules[
16].oneOf[8].use[0]!C:\antigra
vity\afse\node_modules\next\di
st\shared\lib\router\utils\is-
dynamic.js|pages-dir-node
    Used by 1 module(s), i. e.
    javascript/auto|C:\antigra
vity\afse\node_modules\next\di
st\build\webpack\loaders\next-
swc-loader.js??ruleSet[1].rule
s[16].oneOf[8].use[0]!C:\antig
ravity\afse\node_modules\next\
dist\shared\lib\router\utils\i
ndex.js|pages-dir-node

Import trace for requested mod
ule:
./node_modules/next/dist/share
d/lib/router/utils/is-dynamic.
js
./node_modules/next/dist/share
d/lib/router/utils/index.js
./node_modules/next/dist/share
d/lib/page-path/denormalize-pa
ge-path.js
./node_modules/next/dist/serve
r/get-page-files.js

./node_modules/next/dist/share
d/lib/router/utils/sorted-rout
es.js
There are multiple modules wit
h names that only differ in ca
sing.
This can lead to unexpected be
havior when compiling on a fil
esystem with other case-semant
ic.
Use equal casing. Compare thes
e module identifiers:
* javascript/auto|C:\antigravi
ty\afse\node_modules\next\dist
\build\webpack\loaders\next-sw
c-loader.js??ruleSet[1].rules[
16].oneOf[8].use[0]!C:\antigra
vity\AFSE\node_modules\next\di
st\shared\lib\router\utils\sor
ted-routes.js|pages-dir-node
    Used by 2 module(s), i. e.
    javascript/auto|C:\antigra
vity\afse\node_modules\next\di
st\build\webpack\loaders\next-
swc-loader.js??ruleSet[1].rule
s[16].oneOf[8].use[0]!C:\antig
ravity\AFSE\node_modules\next\
dist\shared\lib\router\utils\i
ndex.js|pages-dir-node
* javascript/auto|C:\antigravi
ty\afse\node_modules\next\dist
\build\webpack\loaders\next-sw
c-loader.js??ruleSet[1].rules[
16].oneOf[8].use[0]!C:\antigra
vity\afse\node_modules\next\di
st\shared\lib\router\utils\sor
ted-routes.js|pages-dir-node
    Used by 2 module(s), i. e.
    javascript/auto|C:\antigra
vity\afse\node_modules\next\di
st\build\webpack\loaders\next-
swc-loader.js??ruleSet[1].rule
s[16].oneOf[8].use[0]!C:\antig
ravity\afse\node_modules\next\
dist\shared\lib\router\utils\i
ndex.js|pages-dir-node

Import trace for requested mod
ule:
./node_modules/next/dist/share
d/lib/router/utils/sorted-rout
es.js
./node_modules/next/dist/share
d/lib/router/utils/index.js
./node_modules/next/dist/share
d/lib/page-path/denormalize-pa
ge-path.js
./node_modules/next/dist/serve
r/get-page-files.js

./node_modules/next/dist/share
d/lib/segment.js
There are multiple modules wit
h names that only differ in ca
sing.
This can lead to unexpected be
havior when compiling on a fil
esystem with other case-semant
ic.
Use equal casing. Compare thes
e module identifiers:
* javascript/auto|C:\antigravi
ty\afse\node_modules\next\dist
\build\webpack\loaders\next-sw
c-loader.js??ruleSet[1].rules[
16].oneOf[8].use[0]!C:\antigra
vity\AFSE\node_modules\next\di
st\shared\lib\segment.js|pages
-dir-node
    Used by 2 module(s), i. e.
    javascript/auto|C:\antigra
vity\afse\node_modules\next\di
st\build\webpack\loaders\next-
swc-loader.js??ruleSet[1].rule
s[16].oneOf[8].use[0]!C:\antig
ravity\AFSE\node_modules\next\
dist\shared\lib\router\utils\a
pp-paths.js|pages-dir-node
* javascript/auto|C:\antigravi
ty\afse\node_modules\next\dist
\build\webpack\loaders\next-sw
c-loader.js??ruleSet[1].rules[
16].oneOf[8].use[0]!C:\antigra
vity\afse\node_modules\next\di
st\shared\lib\segment.js|pages
-dir-node
    Used by 2 module(s), i. e.
    javascript/auto|C:\antigra
vity\afse\node_modules\next\di
st\build\webpack\loaders\next-
swc-loader.js??ruleSet[1].rule
s[16].oneOf[8].use[0]!C:\antig
ravity\afse\node_modules\next\
dist\shared\lib\router\utils\a
pp-paths.js|pages-dir-node

Import trace for requested mod
ule:
./node_modules/next/dist/share
d/lib/segment.js
./node_modules/next/dist/share
d/lib/router/utils/app-paths.j
s
./node_modules/next/dist/share
d/lib/router/utils/interceptio
n-routes.js
./node_modules/next/dist/share
d/lib/router/utils/is-dynamic.
js
./node_modules/next/dist/share
d/lib/router/utils/index.js
./node_modules/next/dist/share
d/lib/page-path/denormalize-pa
ge-path.js
./node_modules/next/dist/serve
r/get-page-files.js

./node_modules/next/dist/share
d/lib/utils.js
There are multiple modules wit
h names that only differ in ca
sing.
This can lead to unexpected be
havior when compiling on a fil
esystem with other case-semant
ic.
Use equal casing. Compare thes
e module identifiers:
* javascript/auto|C:\antigravi
ty\afse\node_modules\next\dist
\build\webpack\loaders\next-sw
c-loader.js??ruleSet[1].rules[
16].oneOf[8].use[0]!C:\antigra
vity\AFSE\node_modules\next\di
st\shared\lib\utils.js|pages-d
ir-node
    Used by 3 module(s), i. e.
    javascript/auto|C:\antigra
vity\afse\node_modules\next\di
st\build\webpack\loaders\next-
swc-loader.js??ruleSet[1].rule
s[16].oneOf[8].use[0]!C:\antig
ravity\AFSE\node_modules\next\
dist\pages\_app.js|pages-dir-n
ode
* javascript/auto|C:\antigravi
ty\afse\node_modules\next\dist
\build\webpack\loaders\next-sw
c-loader.js??ruleSet[1].rules[
16].oneOf[8].use[0]!C:\antigra
vity\afse\node_modules\next\di
st\shared\lib\utils.js|pages-d
ir-node
    Used by 5 module(s), i. e.
    javascript/auto|C:\antigra
vity\afse\node_modules\next\di
st\build\webpack\loaders\next-
swc-loader.js??ruleSet[1].rule
s[16].oneOf[8].use[0]!C:\antig
ravity\afse\node_modules\next\
dist\pages\_app.js|pages-dir-n
ode

Import trace for requested mod
ule:
./node_modules/next/dist/share
d/lib/utils.js

 鈿?Compiled with warnings in 1
678ms

./node_modules/next/dist/build
/deployment-id.js
There are multiple modules wit
h names that only differ in ca
sing.
This can lead to unexpected be
havior when compiling on a fil
esystem with other case-semant
ic.
Use equal casing. Compare thes
e module identifiers:
* javascript/auto|C:\antigravi
ty\AFSE\node_modules\next\dist
\build\deployment-id.js|pages-
dir-browser
    Used by 2 module(s), i. e.
    javascript/auto|C:\antigra
vity\afse\node_modules\next\di
st\build\webpack\loaders\next-
swc-loader.js??ruleSet[1].rule
s[16].oneOf[8].use[0]!C:\antig
ravity\AFSE\node_modules\next\
dist\client\webpack.js|pages-d
ir-browser
* javascript/auto|C:\antigravi
ty\afse\node_modules\next\dist
\build\deployment-id.js|pages-
dir-browser
    Used by 1 module(s), i. e.
    javascript/auto|C:\antigra
vity\afse\node_modules\next\di
st\build\webpack\loaders\next-
swc-loader.js??ruleSet[1].rule
s[16].oneOf[8].use[0]!C:\antig
ravity\afse\node_modules\next\
dist\client\route-loader.js|pa
ges-dir-browser

Import trace for requested mod
ule:
./node_modules/next/dist/build
/deployment-id.js
./node_modules/next/dist/clien
t/webpack.js

./node_modules/next/dist/lib/c
onstants.js
There are multiple modules wit
h names that only differ in ca
sing.
This can lead to unexpected be
havior when compiling on a fil
esystem with other case-semant
ic.
Use equal casing. Compare thes
e module identifiers:
* javascript/auto|C:\antigravi
ty\AFSE\node_modules\next\dist
\lib\constants.js|pages-dir-br
owser
    Used by 3 module(s), i. e.
    javascript/auto|C:\antigra
vity\afse\node_modules\next\di
st\build\webpack\loaders\next-
swc-loader.js??ruleSet[1].rule
s[16].oneOf[8].use[0]!C:\antig
ravity\AFSE\node_modules\next\
dist\shared\lib\router\router.
js|pages-dir-browser
* javascript/auto|C:\antigravi
ty\afse\node_modules\next\dist
\lib\constants.js|pages-dir-br
owser
    Used by 3 module(s), i. e.
    javascript/auto|C:\antigra
vity\afse\node_modules\next\di
st\build\webpack\loaders\next-
swc-loader.js??ruleSet[1].rule
s[16].oneOf[8].use[0]!C:\antig
ravity\afse\node_modules\next\
dist\shared\lib\router\router.
js|pages-dir-browser

Import trace for requested mod
ule:
./node_modules/next/dist/lib/c
onstants.js
./node_modules/next/dist/share
d/lib/router/router.js
./node_modules/next/dist/clien
t/router.js
./node_modules/next/dist/clien
t/index.js

./node_modules/next/dist/lib/i
s-api-route.js
There are multiple modules wit
h names that only differ in ca
sing.
This can lead to unexpected be
havior when compiling on a fil
esystem with other case-semant
ic.
Use equal casing. Compare thes
e module identifiers:
* javascript/auto|C:\antigravi
ty\AFSE\node_modules\next\dist
\lib\is-api-route.js|pages-dir
-browser
    Used by 1 module(s), i. e.
    javascript/auto|C:\antigra
vity\afse\node_modules\next\di
st\build\webpack\loaders\next-
swc-loader.js??ruleSet[1].rule
s[16].oneOf[8].use[0]!C:\antig
ravity\AFSE\node_modules\next\
dist\shared\lib\router\router.
js|pages-dir-browser
* javascript/auto|C:\antigravi
ty\afse\node_modules\next\dist
\lib\is-api-route.js|pages-dir
-browser
    Used by 1 module(s), i. e.
    javascript/auto|C:\antigra
vity\afse\node_modules\next\di
st\build\webpack\loaders\next-
swc-loader.js??ruleSet[1].rule
s[16].oneOf[8].use[0]!C:\antig
ravity\afse\node_modules\next\
dist\shared\lib\router\router.
js|pages-dir-browser

Import trace for requested mod
ule:
./node_modules/next/dist/lib/i
s-api-route.js
./node_modules/next/dist/share
d/lib/router/router.js
./node_modules/next/dist/clien
t/router.js
./node_modules/next/dist/clien
t/index.js

./node_modules/next/dist/lib/i
s-error.js
There are multiple modules wit
h names that only differ in ca
sing.
This can lead to unexpected be
havior when compiling on a fil
esystem with other case-semant
ic.
Use equal casing. Compare thes
e module identifiers:
* javascript/auto|C:\antigravi
ty\AFSE\node_modules\next\dist
\lib\is-error.js|pages-dir-bro
wser
    Used by 5 module(s), i. e.
    javascript/auto|C:\antigra
vity\afse\node_modules\next\di
st\build\webpack\loaders\next-
swc-loader.js??ruleSet[1].rule
s[16].oneOf[8].use[0]!C:\antig
ravity\AFSE\node_modules\next\
dist\client\index.js|pages-dir
-browser
* javascript/auto|C:\antigravi
ty\afse\node_modules\next\dist
\lib\is-error.js|pages-dir-bro
wser
    Used by 3 module(s), i. e.
    javascript/auto|C:\antigra
vity\afse\node_modules\next\di
st\build\webpack\loaders\next-
swc-loader.js??ruleSet[1].rule
s[16].oneOf[8].use[0]!C:\antig
ravity\afse\node_modules\next\
dist\client\router.js|pages-di
r-browser

Import trace for requested mod
ule:
./node_modules/next/dist/lib/i
s-error.js
./node_modules/next/dist/clien
t/index.js

./node_modules/next/dist/lib/r
oute-pattern-normalizer.js
There are multiple modules wit
h names that only differ in ca
sing.
This can lead to unexpected be
havior when compiling on a fil
esystem with other case-semant
ic.
Use equal casing. Compare thes
e module identifiers:
* javascript/auto|C:\antigravi
ty\AFSE\node_modules\next\dist
\lib\route-pattern-normalizer.
js|pages-dir-browser
    Used by 2 module(s), i. e.
    javascript/auto|C:\antigra
vity\afse\node_modules\next\di
st\build\webpack\loaders\next-
swc-loader.js??ruleSet[1].rule
s[16].oneOf[8].use[0]!C:\antig
ravity\AFSE\node_modules\next\
dist\shared\lib\router\utils\r
oute-match-utils.js|pages-dir-
browser
* javascript/auto|C:\antigravi
ty\afse\node_modules\next\dist
\lib\route-pattern-normalizer.
js|pages-dir-browser
    Used by 2 module(s), i. e.
    javascript/auto|C:\antigra
vity\afse\node_modules\next\di
st\build\webpack\loaders\next-
swc-loader.js??ruleSet[1].rule
s[16].oneOf[8].use[0]!C:\antig
ravity\afse\node_modules\next\
dist\shared\lib\router\utils\r
oute-match-utils.js|pages-dir-
browser

Import trace for requested mod
ule:
./node_modules/next/dist/lib/r
oute-pattern-normalizer.js
./node_modules/next/dist/share
d/lib/router/utils/route-match
-utils.js
./node_modules/next/dist/share
d/lib/router/utils/route-match
er.js
./node_modules/next/dist/share
d/lib/router/utils/interpolate
-as.js
./node_modules/next/dist/clien
t/page-loader.js
./node_modules/next/dist/clien
t/index.js

./node_modules/react-dom/cjs/r
eact-dom.production.js
There are multiple modules wit
h names that only differ in ca
sing.
This can lead to unexpected be
havior when compiling on a fil
esystem with other case-semant
ic.
Use equal casing. Compare thes
e module identifiers:
* javascript/auto|C:\antigravi
ty\AFSE\node_modules\react-dom
\cjs\react-dom.production.js|p
ages-dir-browser
    Used by 1 module(s), i. e.
    javascript/auto|C:\antigra
vity\AFSE\node_modules\react-d
om\index.js|pages-dir-browser
* javascript/auto|C:\antigravi
ty\afse\node_modules\react-dom
\cjs\react-dom.production.js|p
ages-dir-browser
    Used by 1 module(s), i. e.
    javascript/auto|C:\antigra
vity\afse\node_modules\react-d
om\index.js|pages-dir-browser

Import trace for requested mod
ule:
./node_modules/react-dom/cjs/r
eact-dom.production.js
./node_modules/react-dom/index
.js
./node_modules/next/dist/clien
t/portal/index.js
./node_modules/next/dist/clien
t/index.js

./node_modules/react-dom/index
.js
There are multiple modules wit
h names that only differ in ca
sing.
This can lead to unexpected be
havior when compiling on a fil
esystem with other case-semant
ic.
Use equal casing. Compare thes
e module identifiers:
* javascript/auto|C:\antigravi
ty\AFSE\node_modules\react-dom
\index.js|pages-dir-browser
    Used by 3 module(s), i. e.
    javascript/auto|C:\antigra
vity\afse\node_modules\next\di
st\build\webpack\loaders\next-
swc-loader.js??ruleSet[1].rule
s[16].oneOf[8].use[0]!C:\antig
ravity\AFSE\node_modules\next\
dist\client\portal\index.js|pa
ges-dir-browser
* javascript/auto|C:\antigravi
ty\afse\node_modules\react-dom
\index.js|pages-dir-browser
    Used by 1 module(s), i. e.
    javascript/auto|C:\antigra
vity\afse\node_modules\next\di
st\build\webpack\loaders\next-
swc-loader.js??ruleSet[1].rule
s[16].oneOf[8].use[0]!C:\antig
ravity\afse\node_modules\next\
dist\client\script.js|pages-di
r-browser

Import trace for requested mod
ule:
./node_modules/react-dom/index
.js
./node_modules/next/dist/clien
t/portal/index.js
./node_modules/next/dist/clien
t/index.js

./node_modules/react/cjs/react
-jsx-runtime.production.js
There are multiple modules wit
h names that only differ in ca
sing.
This can lead to unexpected be
havior when compiling on a fil
esystem with other case-semant
ic.
Use equal casing. Compare thes
e module identifiers:
* javascript/auto|C:\antigravi
ty\AFSE\node_modules\react\cjs
\react-jsx-runtime.production.
js|pages-dir-browser
    Used by 1 module(s), i. e.
    javascript/auto|C:\antigra
vity\AFSE\node_modules\react\j
sx-runtime.js|pages-dir-browse
r
* javascript/auto|C:\antigravi
ty\afse\node_modules\react\cjs
\react-jsx-runtime.production.
js|pages-dir-browser
    Used by 1 module(s), i. e.
    javascript/auto|C:\antigra
vity\afse\node_modules\react\j
sx-runtime.js|pages-dir-browse
r

Import trace for requested mod
ule:
./node_modules/react/cjs/react
-jsx-runtime.production.js
./node_modules/react/jsx-runti
me.js
./node_modules/next/dist/clien
t/index.js

./node_modules/react/cjs/react
.production.js
There are multiple modules wit
h names that only differ in ca
sing.
This can lead to unexpected be
havior when compiling on a fil
esystem with other case-semant
ic.
Use equal casing. Compare thes
e module identifiers:
* javascript/auto|C:\antigravi
ty\AFSE\node_modules\react\cjs
\react.production.js|pages-dir
-browser
    Used by 1 module(s), i. e.
    javascript/auto|C:\antigra
vity\AFSE\node_modules\react\i
ndex.js|pages-dir-browser
* javascript/auto|C:\antigravi
ty\afse\node_modules\react\cjs
\react.production.js|pages-dir
-browser
    Used by 1 module(s), i. e.
    javascript/auto|C:\antigra
vity\afse\node_modules\react\i
ndex.js|pages-dir-browser

Import trace for requested mod
ule:
./node_modules/react/cjs/react
.production.js
./node_modules/react/index.js
./node_modules/next/dist/clien
t/index.js

./node_modules/react/index.js
There are multiple modules wit
h names that only differ in ca
sing.
This can lead to unexpected be
havior when compiling on a fil
esystem with other case-semant
ic.
Use equal casing. Compare thes
e module identifiers:
* javascript/auto|C:\antigravi
ty\AFSE\node_modules\react\ind
ex.js|pages-dir-browser
    Used by 19 module(s), i. e
.
    javascript/auto|C:\antigra
vity\afse\node_modules\next\di
st\build\webpack\loaders\next-
swc-loader.js??ruleSet[1].rule
s[16].oneOf[8].use[0]!C:\antig
ravity\AFSE\node_modules\next\
dist\client\index.js|pages-dir
-browser
* javascript/auto|C:\antigravi
ty\afse\node_modules\react\ind
ex.js|pages-dir-browser
    Used by 11 module(s), i. e
.
    javascript/auto|C:\antigra
vity\afse\node_modules\next\di
st\build\webpack\loaders\next-
swc-loader.js??ruleSet[1].rule
s[16].oneOf[8].use[0]!C:\antig
ravity\afse\node_modules\next\
dist\client\router.js|pages-di
r-browser

Import trace for requested mod
ule:
./node_modules/react/index.js
./node_modules/next/dist/clien
t/index.js

./node_modules/react/jsx-runti
me.js
There are multiple modules wit
h names that only differ in ca
sing.
This can lead to unexpected be
havior when compiling on a fil
esystem with other case-semant
ic.
Use equal casing. Compare thes
e module identifiers:
* javascript/auto|C:\antigravi
ty\AFSE\node_modules\react\jsx
-runtime.js|pages-dir-browser
    Used by 8 module(s), i. e.
    javascript/auto|C:\antigra
vity\afse\node_modules\next\di
st\build\webpack\loaders\next-
swc-loader.js??ruleSet[1].rule
s[16].oneOf[8].use[0]!C:\antig
ravity\AFSE\node_modules\next\
dist\client\index.js|pages-dir
-browser
* javascript/auto|C:\antigravi
ty\afse\node_modules\react\jsx
-runtime.js|pages-dir-browser
    Used by 5 module(s), i. e.
    javascript/auto|C:\antigra
vity\afse\node_modules\next\di
st\build\webpack\loaders\next-
swc-loader.js??ruleSet[1].rule
s[16].oneOf[8].use[0]!C:\antig
ravity\afse\node_modules\next\
dist\pages\_app.js|pages-dir-b
rowser

Import trace for requested mod
ule:
./node_modules/react/jsx-runti
me.js
./node_modules/next/dist/clien
t/index.js

./node_modules/next/dist/clien
t/add-base-path.js
There are multiple modules wit
h names that only differ in ca
sing.
This can lead to unexpected be
havior when compiling on a fil
esystem with other case-semant
ic.
Use equal casing. Compare thes
e module identifiers:
* javascript/auto|C:\antigravi
ty\afse\node_modules\next\dist
\build\webpack\loaders\next-fl
ight-client-module-loader.js!C
:\antigravity\afse\node_module
s\next\dist\build\webpack\load
ers\next-swc-loader.js??ruleSe
t[1].rules[16].oneOf[6].use[1]
!C:\antigravity\AFSE\node_modu
les\next\dist\client\add-base-
path.js|app-pages-browser
    Used by 4 module(s), i. e.
    javascript/auto|C:\antigra
vity\afse\node_modules\next\di
st\build\webpack\loaders\next-
flight-client-module-loader.js
!C:\antigravity\afse\node_modu
les\next\dist\build\webpack\lo
aders\next-swc-loader.js??rule
Set[1].rules[16].oneOf[6].use[
1]!C:\antigravity\AFSE\node_mo
dules\next\dist\client\compone
nts\app-router-instance.js|app
-pages-browser
* javascript/auto|C:\antigravi
ty\afse\node_modules\next\dist
\build\webpack\loaders\next-fl
ight-client-module-loader.js!C
:\antigravity\afse\node_module
s\next\dist\build\webpack\load
ers\next-swc-loader.js??ruleSe
t[1].rules[16].oneOf[6].use[1]
!C:\antigravity\afse\node_modu
les\next\dist\client\add-base-
path.js|app-pages-browser
    Used by 5 module(s), i. e.
    javascript/auto|C:\antigra
vity\afse\node_modules\next\di
st\build\webpack\loaders\next-
flight-client-module-loader.js
!C:\antigravity\afse\node_modu
les\next\dist\build\webpack\lo
aders\next-swc-loader.js??rule
Set[1].rules[16].oneOf[6].use[
1]!C:\antigravity\afse\node_mo
dules\next\dist\client\app-dir
\link.js|app-pages-browser

Import trace for requested mod
ule:
./node_modules/next/dist/clien
t/add-base-path.js
./node_modules/next/dist/clien
t/components/app-router-instan
ce.js
./node_modules/next/dist/clien
t/app-index.js

./node_modules/next/dist/clien
t/app-build-id.js
There are multiple modules wit
h names that only differ in ca
sing.
This can lead to unexpected be
havior when compiling on a fil
esystem with other case-semant
ic.
Use equal casing. Compare thes
e module identifiers:
* javascript/auto|C:\antigravi
ty\afse\node_modules\next\dist
\build\webpack\loaders\next-fl
ight-client-module-loader.js!C
:\antigravity\afse\node_module
s\next\dist\build\webpack\load
ers\next-swc-loader.js??ruleSe
t[1].rules[16].oneOf[6].use[1]
!C:\antigravity\AFSE\node_modu
les\next\dist\client\app-build
-id.js|app-pages-browser
    Used by 3 module(s), i. e.
    javascript/auto|C:\antigra
vity\afse\node_modules\next\di
st\build\webpack\loaders\next-
flight-client-module-loader.js
!C:\antigravity\afse\node_modu
les\next\dist\build\webpack\lo
aders\next-swc-loader.js??rule
Set[1].rules[16].oneOf[6].use[
1]!C:\antigravity\AFSE\node_mo
dules\next\dist\client\app-ind
ex.js|app-pages-browser
* javascript/auto|C:\antigravi
ty\afse\node_modules\next\dist
\build\webpack\loaders\next-fl
ight-client-module-loader.js!C
:\antigravity\afse\node_module
s\next\dist\build\webpack\load
ers\next-swc-loader.js??ruleSe
t[1].rules[16].oneOf[6].use[1]
!C:\antigravity\afse\node_modu
les\next\dist\client\app-build
-id.js|app-pages-browser
    Used by 2 module(s), i. e.
    javascript/auto|C:\antigra
vity\afse\node_modules\next\di
st\build\webpack\loaders\next-
flight-client-module-loader.js
!C:\antigravity\afse\node_modu
les\next\dist\build\webpack\lo
aders\next-swc-loader.js??rule
Set[1].rules[16].oneOf[6].use[
1]!C:\antigravity\afse\node_mo
dules\next\dist\client\compone
nts\router-reducer\fetch-serve
r-response.js|app-pages-browse
r

Import trace for requested mod
ule:
./node_modules/next/dist/clien
t/app-build-id.js
./node_modules/next/dist/clien
t/app-index.js

./node_modules/next/dist/clien
t/app-call-server.js
There are multiple modules wit
h names that only differ in ca
sing.
This can lead to unexpected be
havior when compiling on a fil
esystem with other case-semant
ic.
Use equal casing. Compare thes
e module identifiers:
* javascript/auto|C:\antigravi
ty\afse\node_modules\next\dist
\build\webpack\loaders\next-fl
ight-client-module-loader.js!C
:\antigravity\afse\node_module
s\next\dist\build\webpack\load
ers\next-swc-loader.js??ruleSe
t[1].rules[16].oneOf[6].use[1]
!C:\antigravity\AFSE\node_modu
les\next\dist\client\app-call-
server.js|app-pages-browser
    Used by 4 module(s), i. e.
    javascript/auto|C:\antigra
vity\afse\node_modules\next\di
st\build\webpack\loaders\next-
flight-client-module-loader.js
!C:\antigravity\afse\node_modu
les\next\dist\build\webpack\lo
aders\next-swc-loader.js??rule
Set[1].rules[16].oneOf[6].use[
1]!C:\antigravity\AFSE\node_mo
dules\next\dist\client\app-ind
ex.js|app-pages-browser
* javascript/auto|C:\antigravi
ty\afse\node_modules\next\dist
\build\webpack\loaders\next-fl
ight-client-module-loader.js!C
:\antigravity\afse\node_module
s\next\dist\build\webpack\load
ers\next-swc-loader.js??ruleSe
t[1].rules[16].oneOf[6].use[1]
!C:\antigravity\afse\node_modu
les\next\dist\client\app-call-
server.js|app-pages-browser
    Used by 4 module(s), i. e.
    javascript/auto|C:\antigra
vity\afse\node_modules\next\di
st\build\webpack\loaders\next-
flight-client-module-loader.js
!C:\antigravity\afse\node_modu
les\next\dist\build\webpack\lo
aders\next-swc-loader.js??rule
Set[1].rules[16].oneOf[6].use[
1]!C:\antigravity\afse\node_mo
dules\next\dist\client\compone
nts\router-reducer\fetch-serve
r-response.js|app-pages-browse
r

Import trace for requested mod
ule:
./node_modules/next/dist/clien
t/app-call-server.js
./node_modules/next/dist/clien
t/app-index.js

./node_modules/next/dist/clien
t/app-find-source-map-url.js
There are multiple modules wit
h names that only differ in ca
sing.
This can lead to unexpected be
havior when compiling on a fil
esystem with other case-semant
ic.
Use equal casing. Compare thes
e module identifiers:
* javascript/auto|C:\antigravi
ty\afse\node_modules\next\dist
\build\webpack\loaders\next-fl
ight-client-module-loader.js!C
:\antigravity\afse\node_module
s\next\dist\build\webpack\load
ers\next-swc-loader.js??ruleSe
t[1].rules[16].oneOf[6].use[1]
!C:\antigravity\AFSE\node_modu
les\next\dist\client\app-find-
source-map-url.js|app-pages-br
owser
    Used by 4 module(s), i. e.
    javascript/auto|C:\antigra
vity\afse\node_modules\next\di
st\build\webpack\loaders\next-
flight-client-module-loader.js
!C:\antigravity\afse\node_modu
les\next\dist\build\webpack\lo
aders\next-swc-loader.js??rule
Set[1].rules[16].oneOf[6].use[
1]!C:\antigravity\AFSE\node_mo
dules\next\dist\client\app-ind
ex.js|app-pages-browser
* javascript/auto|C:\antigravi
ty\afse\node_modules\next\dist
\build\webpack\loaders\next-fl
ight-client-module-loader.js!C
:\antigravity\afse\node_module
s\next\dist\build\webpack\load
ers\next-swc-loader.js??ruleSe
t[1].rules[16].oneOf[6].use[1]
!C:\antigravity\afse\node_modu
les\next\dist\client\app-find-
source-map-url.js|app-pages-br
owser
    Used by 4 module(s), i. e.
    javascript/auto|C:\antigra
vity\afse\node_modules\next\di
st\build\webpack\loaders\next-
flight-client-module-loader.js
!C:\antigravity\afse\node_modu
les\next\dist\build\webpack\lo
aders\next-swc-loader.js??rule
Set[1].rules[16].oneOf[6].use[
1]!C:\antigravity\afse\node_mo
dules\next\dist\client\compone
nts\router-reducer\fetch-serve
r-response.js|app-pages-browse
r

Import trace for requested mod
ule:
./node_modules/next/dist/clien
t/app-find-source-map-url.js
./node_modules/next/dist/clien
t/app-index.js

./node_modules/next/dist/clien
t/assign-location.js
There are multiple modules wit
h names that only differ in ca
sing.
This can lead to unexpected be
havior when compiling on a fil
esystem with other case-semant
ic.
Use equal casing. Compare thes
e module identifiers:
* javascript/auto|C:\antigravi
ty\afse\node_modules\next\dist
\build\webpack\loaders\next-fl
ight-client-module-loader.js!C
:\antigravity\afse\node_module
s\next\dist\build\webpack\load
ers\next-swc-loader.js??ruleSe
t[1].rules[16].oneOf[6].use[1]
!C:\antigravity\AFSE\node_modu
les\next\dist\client\assign-lo
cation.js|app-pages-browser
    Used by 2 module(s), i. e.
    javascript/auto|C:\antigra
vity\afse\node_modules\next\di
st\build\webpack\loaders\next-
flight-client-module-loader.js
!C:\antigravity\afse\node_modu
les\next\dist\build\webpack\lo
aders\next-swc-loader.js??rule
Set[1].rules[16].oneOf[6].use[
1]!C:\antigravity\AFSE\node_mo
dules\next\dist\client\compone
nts\router-reducer\reducers\se
rver-action-reducer.js|app-pag
es-browser
* javascript/auto|C:\antigravi
ty\afse\node_modules\next\dist
\build\webpack\loaders\next-fl
ight-client-module-loader.js!C
:\antigravity\afse\node_module
s\next\dist\build\webpack\load
ers\next-swc-loader.js??ruleSe
t[1].rules[16].oneOf[6].use[1]
!C:\antigravity\afse\node_modu
les\next\dist\client\assign-lo
cation.js|app-pages-browser
    Used by 2 module(s), i. e.
    javascript/auto|C:\antigra
vity\afse\node_modules\next\di
st\build\webpack\loaders\next-
flight-client-module-loader.js
!C:\antigravity\afse\node_modu
les\next\dist\build\webpack\lo
aders\next-swc-loader.js??rule
Set[1].rules[16].oneOf[6].use[
1]!C:\antigravity\afse\node_mo
dules\next\dist\client\compone
nts\router-reducer\reducers\se
rver-action-reducer.js|app-pag
es-browser

Import trace for requested mod
ule:
./node_modules/next/dist/clien
t/assign-location.js
./node_modules/next/dist/clien
t/components/router-reducer/re
ducers/server-action-reducer.j
s
./node_modules/next/dist/clien
t/components/router-reducer/ro
uter-reducer.js
./node_modules/next/dist/clien
t/components/app-router-instan
ce.js
./node_modules/next/dist/clien
t/app-index.js

./node_modules/next/dist/clien
t/components/app-router-announ
cer.js
There are multiple modules wit
h names that only differ in ca
sing.
This can lead to unexpected be
havior when compiling on a fil
esystem with other case-semant
ic.
Use equal casing. Compare thes
e module identifiers:
* javascript/auto|C:\antigravi
ty\afse\node_modules\next\dist
\build\webpack\loaders\next-fl
ight-client-module-loader.js!C
:\antigravity\afse\node_module
s\next\dist\build\webpack\load
ers\next-swc-loader.js??ruleSe
t[1].rules[16].oneOf[6].use[1]
!C:\antigravity\AFSE\node_modu
les\next\dist\client\component
s\app-router-announcer.js|app-
pages-browser
    Used by 2 module(s), i. e.
    javascript/auto|C:\antigra
vity\afse\node_modules\next\di
st\build\webpack\loaders\next-
flight-client-module-loader.js
!C:\antigravity\afse\node_modu
les\next\dist\build\webpack\lo
aders\next-swc-loader.js??rule
Set[1].rules[16].oneOf[6].use[
1]!C:\antigravity\AFSE\node_mo
dules\next\dist\client\compone
nts\app-router.js|app-pages-br
owser
* javascript/auto|C:\antigravi
ty\afse\node_modules\next\dist
\build\webpack\loaders\next-fl
ight-client-module-loader.js!C
:\antigravity\afse\node_module
s\next\dist\build\webpack\load
ers\next-swc-loader.js??ruleSe
t[1].rules[16].oneOf[6].use[1]
!C:\antigravity\afse\node_modu
les\next\dist\client\component
s\app-router-announcer.js|app-
pages-browser
    Used by 2 module(s), i. e.
    javascript/auto|C:\antigra
vity\afse\node_modules\next\di
st\build\webpack\loaders\next-
flight-client-module-loader.js
!C:\antigravity\afse\node_modu
les\next\dist\build\webpack\lo
aders\next-swc-loader.js??rule
Set[1].rules[16].oneOf[6].use[
1]!C:\antigravity\afse\node_mo
dules\next\dist\client\compone
nts\app-router.js|app-pages-br
owser

Import trace for requested mod
ule:
./node_modules/next/dist/clien
t/components/app-router-announ
cer.js
./node_modules/next/dist/clien
t/components/app-router.js
./node_modules/next/dist/clien
t/app-index.js

./node_modules/next/dist/clien
t/components/app-router-header
s.js
There are multiple modules wit
h names that only differ in ca
sing.
This can lead to unexpected be
havior when compiling on a fil
esystem with other case-semant
ic.
Use equal casing. Compare thes
e module identifiers:
* javascript/auto|C:\antigravi
ty\afse\node_modules\next\dist
\build\webpack\loaders\next-fl
ight-client-module-loader.js!C
:\antigravity\afse\node_module
s\next\dist\build\webpack\load
ers\next-swc-loader.js??ruleSe
t[1].rules[16].oneOf[6].use[1]
!C:\antigravity\AFSE\node_modu
les\next\dist\client\component
s\app-router-headers.js|app-pa
ges-browser
    Used by 5 module(s), i. e.
    javascript/auto|C:\antigra
vity\afse\node_modules\next\di
st\build\webpack\loaders\next-
flight-client-module-loader.js
!C:\antigravity\afse\node_modu
les\next\dist\build\webpack\lo
aders\next-swc-loader.js??rule
Set[1].rules[16].oneOf[6].use[
1]!C:\antigravity\AFSE\node_mo
dules\next\dist\client\compone
nts\router-reducer\reducers\se
rver-action-reducer.js|app-pag
es-browser
* javascript/auto|C:\antigravi
ty\afse\node_modules\next\dist
\build\webpack\loaders\next-fl
ight-client-module-loader.js!C
:\antigravity\afse\node_module
s\next\dist\build\webpack\load
ers\next-swc-loader.js??ruleSe
t[1].rules[16].oneOf[6].use[1]
!C:\antigravity\afse\node_modu
les\next\dist\client\component
s\app-router-headers.js|app-pa
ges-browser
    Used by 5 module(s), i. e.
    javascript/auto|C:\antigra
vity\afse\node_modules\next\di
st\build\webpack\loaders\next-
flight-client-module-loader.js
!C:\antigravity\afse\node_modu
les\next\dist\build\webpack\lo
aders\next-swc-loader.js??rule
Set[1].rules[16].oneOf[6].use[
1]!C:\antigravity\afse\node_mo
dules\next\dist\client\compone
nts\router-reducer\fetch-serve
r-response.js|app-pages-browse
r

Import trace for requested mod
ule:
./node_modules/next/dist/clien
t/components/app-router-header
s.js
./node_modules/next/dist/clien
t/components/router-reducer/re
ducers/server-action-reducer.j
s
./node_modules/next/dist/clien
t/components/router-reducer/ro
uter-reducer.js
./node_modules/next/dist/clien
t/components/app-router-instan
ce.js
./node_modules/next/dist/clien
t/app-index.js

./node_modules/next/dist/clien
t/components/app-router-instan
ce.js
There are multiple modules wit
h names that only differ in ca
sing.
This can lead to unexpected be
havior when compiling on a fil
esystem with other case-semant
ic.
Use equal casing. Compare thes
e module identifiers:
* javascript/auto|C:\antigravi
ty\afse\node_modules\next\dist
\build\webpack\loaders\next-fl
ight-client-module-loader.js!C
:\antigravity\afse\node_module
s\next\dist\build\webpack\load
ers\next-swc-loader.js??ruleSe
t[1].rules[16].oneOf[6].use[1]
!C:\antigravity\AFSE\node_modu
les\next\dist\client\component
s\app-router-instance.js|app-p
ages-browser
    Used by 4 module(s), i. e.
    javascript/auto|C:\antigra
vity\afse\node_modules\next\di
st\build\webpack\loaders\next-
flight-client-module-loader.js
!C:\antigravity\afse\node_modu
les\next\dist\build\webpack\lo
aders\next-swc-loader.js??rule
Set[1].rules[16].oneOf[6].use[
1]!C:\antigravity\AFSE\node_mo
dules\next\dist\client\app-ind
ex.js|app-pages-browser
* javascript/auto|C:\antigravi
ty\afse\node_modules\next\dist
\build\webpack\loaders\next-fl
ight-client-module-loader.js!C
:\antigravity\afse\node_module
s\next\dist\build\webpack\load
ers\next-swc-loader.js??ruleSe
t[1].rules[16].oneOf[6].use[1]
!C:\antigravity\afse\node_modu
les\next\dist\client\component
s\app-router-instance.js|app-p
ages-browser
    Used by 4 module(s), i. e.
    javascript/auto|C:\antigra
vity\afse\node_modules\next\di
st\build\webpack\loaders\next-
flight-client-module-loader.js
!C:\antigravity\afse\node_modu
les\next\dist\build\webpack\lo
aders\next-swc-loader.js??rule
Set[1].rules[16].oneOf[6].use[
1]!C:\antigravity\afse\node_mo
dules\next\dist\client\app-dir
\link.js|app-pages-browser

Import trace for requested mod
ule:
./node_modules/next/dist/clien
t/components/app-router-instan
ce.js
./node_modules/next/dist/clien
t/app-index.js

./node_modules/next/dist/clien
t/components/app-router.js
There are multiple modules wit
h names that only differ in ca
sing.
This can lead to unexpected be
havior when compiling on a fil
esystem with other case-semant
ic.
Use equal casing. Compare thes
e module identifiers:
* javascript/auto|C:\antigravi
ty\afse\node_modules\next\dist
\build\webpack\loaders\next-fl
ight-client-module-loader.js!C
:\antigravity\afse\node_module
s\next\dist\build\webpack\load
ers\next-swc-loader.js??ruleSe
t[1].rules[16].oneOf[6].use[1]
!C:\antigravity\AFSE\node_modu
les\next\dist\client\component
s\app-router.js|app-pages-brow
ser
    Used by 10 module(s), i. e
.
    javascript/auto|C:\antigra
vity\afse\node_modules\next\di
st\build\webpack\loaders\next-
flight-client-module-loader.js
!C:\antigravity\afse\node_modu
les\next\dist\build\webpack\lo
aders\next-swc-loader.js??rule
Set[1].rules[16].oneOf[6].use[
1]!C:\antigravity\AFSE\node_mo
dules\next\dist\client\app-ind
ex.js|app-pages-browser
* javascript/auto|C:\antigravi
ty\afse\node_modules\next\dist
\build\webpack\loaders\next-fl
ight-client-module-loader.js!C
:\antigravity\afse\node_module
s\next\dist\build\webpack\load
ers\next-swc-loader.js??ruleSe
t[1].rules[16].oneOf[6].use[1]
!C:\antigravity\afse\node_modu
les\next\dist\client\component
s\app-router.js|app-pages-brow
ser
    Used by 10 module(s), i. e
.
    javascript/auto|C:\antigra
vity\afse\node_modules\next\di
st\build\webpack\loaders\next-
flight-client-module-loader.js
!C:\antigravity\afse\node_modu
les\next\dist\build\webpack\lo
aders\next-swc-loader.js??rule
Set[1].rules[16].oneOf[6].use[
1]!C:\antigravity\AFSE\node_mo
dules\next\dist\client\app-nex
t.js|app-pages-browser

Import trace for requested mod
ule:
./node_modules/next/dist/clien
t/components/app-router.js
./node_modules/next/dist/clien
t/app-index.js

./node_modules/next/dist/clien
t/components/builtin/global-er
ror.js
There are multiple modules wit
h names that only differ in ca
sing.
This can lead to unexpected be
havior when compiling on a fil
esystem with other case-semant
ic.
Use equal casing. Compare thes
e module identifiers:
* javascript/auto|C:\antigravi
ty\afse\node_modules\next\dist
\build\webpack\loaders\next-fl
ight-client-module-loader.js!C
:\antigravity\afse\node_module
s\next\dist\build\webpack\load
ers\next-swc-loader.js??ruleSe
t[1].rules[16].oneOf[6].use[1]
!C:\antigravity\AFSE\node_modu
les\next\dist\client\component
s\builtin\global-error.js|app-
pages-browser
    Used by 3 module(s), i. e.
    javascript/auto|C:\antigra
vity\afse\node_modules\next\di
st\build\webpack\loaders\next-
flight-client-module-loader.js
!C:\antigravity\afse\node_modu
les\next\dist\build\webpack\lo
aders\next-swc-loader.js??rule
Set[1].rules[16].oneOf[6].use[
1]!C:\antigravity\AFSE\node_mo
dules\next\dist\client\react-c
lient-callbacks\error-boundary
-callbacks.js|app-pages-browse
r
* javascript/auto|C:\antigravi
ty\afse\node_modules\next\dist
\build\webpack\loaders\next-fl
ight-client-module-loader.js!C
:\antigravity\afse\node_module
s\next\dist\build\webpack\load
ers\next-swc-loader.js??ruleSe
t[1].rules[16].oneOf[6].use[1]
!C:\antigravity\afse\node_modu
les\next\dist\client\component
s\builtin\global-error.js|app-
pages-browser
    Used by 2 module(s), i. e.
    javascript/auto|C:\antigra
vity\afse\node_modules\next\di
st\build\webpack\loaders\next-
flight-client-module-loader.js
!C:\antigravity\afse\node_modu
les\next\dist\build\webpack\lo
aders\next-swc-loader.js??rule
Set[1].rules[16].oneOf[6].use[
1]!C:\antigravity\afse\node_mo
dules\next\dist\client\compone
nts\app-router.js|app-pages-br
owser

Import trace for requested mod
ule:
./node_modules/next/dist/clien
t/components/builtin/global-er
ror.js
./node_modules/next/dist/clien
t/react-client-callbacks/error
-boundary-callbacks.js
./node_modules/next/dist/clien
t/app-index.js

./node_modules/next/dist/clien
t/components/error-boundary.js
There are multiple modules wit
h names that only differ in ca
sing.
This can lead to unexpected be
havior when compiling on a fil
esystem with other case-semant
ic.
Use equal casing. Compare thes
e module identifiers:
* javascript/auto|C:\antigravi
ty\afse\node_modules\next\dist
\build\webpack\loaders\next-fl
ight-client-module-loader.js!C
:\antigravity\afse\node_module
s\next\dist\build\webpack\load
ers\next-swc-loader.js??ruleSe
t[1].rules[16].oneOf[6].use[1]
!C:\antigravity\AFSE\node_modu
les\next\dist\client\component
s\error-boundary.js|app-pages-
browser
    Used by 3 module(s), i. e.
    javascript/auto|C:\antigra
vity\afse\node_modules\next\di
st\build\webpack\loaders\next-
flight-client-module-loader.js
!C:\antigravity\afse\node_modu
les\next\dist\build\webpack\lo
aders\next-swc-loader.js??rule
Set[1].rules[16].oneOf[6].use[
1]!C:\antigravity\AFSE\node_mo
dules\next\dist\client\react-c
lient-callbacks\error-boundary
-callbacks.js|app-pages-browse
r
* javascript/auto|C:\antigravi
ty\afse\node_modules\next\dist
\build\webpack\loaders\next-fl
ight-client-module-loader.js!C
:\antigravity\afse\node_module
s\next\dist\build\webpack\load
ers\next-swc-loader.js??ruleSe
t[1].rules[16].oneOf[6].use[1]
!C:\antigravity\afse\node_modu
les\next\dist\client\component
s\error-boundary.js|app-pages-
browser
    Used by 3 module(s), i. e.
    javascript/auto|C:\antigra
vity\afse\node_modules\next\di
st\build\webpack\loaders\next-
flight-client-module-loader.js
!C:\antigravity\afse\node_modu
les\next\dist\build\webpack\lo
aders\next-swc-loader.js??rule
Set[1].rules[16].oneOf[6].use[
1]!C:\antigravity\afse\node_mo
dules\next\dist\client\compone
nts\layout-router.js|app-pages
-browser

Import trace for requested mod
ule:
./node_modules/next/dist/clien
t/components/error-boundary.js
./node_modules/next/dist/clien
t/react-client-callbacks/error
-boundary-callbacks.js
./node_modules/next/dist/clien
t/app-index.js

./node_modules/next/dist/clien
t/components/errors/graceful-d
egrade-boundary.js
There are multiple modules wit
h names that only differ in ca
sing.
This can lead to unexpected be
havior when compiling on a fil
esystem with other case-semant
ic.
Use equal casing. Compare thes
e module identifiers:
* javascript/auto|C:\antigravi
ty\afse\node_modules\next\dist
\build\webpack\loaders\next-fl
ight-client-module-loader.js!C
:\antigravity\afse\node_module
s\next\dist\build\webpack\load
ers\next-swc-loader.js??ruleSe
t[1].rules[16].oneOf[6].use[1]
!C:\antigravity\AFSE\node_modu
les\next\dist\client\component
s\errors\graceful-degrade-boun
dary.js|app-pages-browser
    Used by 2 module(s), i. e.
    javascript/auto|C:\antigra
vity\afse\node_modules\next\di
st\build\webpack\loaders\next-
flight-client-module-loader.js
!C:\antigravity\afse\node_modu
les\next\dist\build\webpack\lo
aders\next-swc-loader.js??rule
Set[1].rules[16].oneOf[6].use[
1]!C:\antigravity\AFSE\node_mo
dules\next\dist\client\compone
nts\errors\root-error-boundary
.js|app-pages-browser
* javascript/auto|C:\antigravi
ty\afse\node_modules\next\dist
\build\webpack\loaders\next-fl
ight-client-module-loader.js!C
:\antigravity\afse\node_module
s\next\dist\build\webpack\load
ers\next-swc-loader.js??ruleSe
t[1].rules[16].oneOf[6].use[1]
!C:\antigravity\afse\node_modu
les\next\dist\client\component
s\errors\graceful-degrade-boun
dary.js|app-pages-browser
    Used by 2 module(s), i. e.
    javascript/auto|C:\antigra
vity\afse\node_modules\next\di
st\build\webpack\loaders\next-
flight-client-module-loader.js
!C:\antigravity\afse\node_modu
les\next\dist\build\webpack\lo
aders\next-swc-loader.js??rule
Set[1].rules[16].oneOf[6].use[
1]!C:\antigravity\afse\node_mo
dules\next\dist\client\compone
nts\errors\root-error-boundary
.js|app-pages-browser

Import trace for requested mod
ule:
./node_modules/next/dist/clien
t/components/errors/graceful-d
egrade-boundary.js
./node_modules/next/dist/clien
t/components/errors/root-error
-boundary.js
./node_modules/next/dist/clien
t/components/app-router.js
./node_modules/next/dist/clien
t/app-index.js

./node_modules/next/dist/clien
t/components/errors/root-error
-boundary.js
There are multiple modules wit
h names that only differ in ca
sing.
This can lead to unexpected be
havior when compiling on a fil
esystem with other case-semant
ic.
Use equal casing. Compare thes
e module identifiers:
* javascript/auto|C:\antigravi
ty\afse\node_modules\next\dist
\build\webpack\loaders\next-fl
ight-client-module-loader.js!C
:\antigravity\afse\node_module
s\next\dist\build\webpack\load
ers\next-swc-loader.js??ruleSe
t[1].rules[16].oneOf[6].use[1]
!C:\antigravity\AFSE\node_modu
les\next\dist\client\component
s\errors\root-error-boundary.j
s|app-pages-browser
    Used by 2 module(s), i. e.
    javascript/auto|C:\antigra
vity\afse\node_modules\next\di
st\build\webpack\loaders\next-
flight-client-module-loader.js
!C:\antigravity\afse\node_modu
les\next\dist\build\webpack\lo
aders\next-swc-loader.js??rule
Set[1].rules[16].oneOf[6].use[
1]!C:\antigravity\AFSE\node_mo
dules\next\dist\client\compone
nts\app-router.js|app-pages-br
owser
* javascript/auto|C:\antigravi
ty\afse\node_modules\next\dist
\build\webpack\loaders\next-fl
ight-client-module-loader.js!C
:\antigravity\afse\node_module
s\next\dist\build\webpack\load
ers\next-swc-loader.js??ruleSe
t[1].rules[16].oneOf[6].use[1]
!C:\antigravity\afse\node_modu
les\next\dist\client\component
s\errors\root-error-boundary.j
s|app-pages-browser
    Used by 2 module(s), i. e.
    javascript/auto|C:\antigra
vity\afse\node_modules\next\di
st\build\webpack\loaders\next-
flight-client-module-loader.js
!C:\antigravity\afse\node_modu
les\next\dist\build\webpack\lo
aders\next-swc-loader.js??rule
Set[1].rules[16].oneOf[6].use[
1]!C:\antigravity\afse\node_mo
dules\next\dist\client\compone
nts\app-router.js|app-pages-br
owser

Import trace for requested mod
ule:
./node_modules/next/dist/clien
t/components/errors/root-error
-boundary.js
./node_modules/next/dist/clien
t/components/app-router.js
./node_modules/next/dist/clien
t/app-index.js

./node_modules/next/dist/clien
t/components/forbidden.js
There are multiple modules wit
h names that only differ in ca
sing.
This can lead to unexpected be
havior when compiling on a fil
esystem with other case-semant
ic.
Use equal casing. Compare thes
e module identifiers:
* javascript/auto|C:\antigravi
ty\afse\node_modules\next\dist
\build\webpack\loaders\next-fl
ight-client-module-loader.js!C
:\antigravity\afse\node_module
s\next\dist\build\webpack\load
ers\next-swc-loader.js??ruleSe
t[1].rules[16].oneOf[6].use[1]
!C:\antigravity\AFSE\node_modu
les\next\dist\client\component
s\forbidden.js|app-pages-brows
er
    Used by 2 module(s), i. e.
    javascript/auto|C:\antigra
vity\afse\node_modules\next\di
st\build\webpack\loaders\next-
flight-client-module-loader.js
!C:\antigravity\afse\node_modu
les\next\dist\build\webpack\lo
aders\next-swc-loader.js??rule
Set[1].rules[16].oneOf[6].use[
1]!C:\antigravity\AFSE\node_mo
dules\next\dist\client\compone
nts\navigation.react-server.js
|app-pages-browser
* javascript/auto|C:\antigravi
ty\afse\node_modules\next\dist
\build\webpack\loaders\next-fl
ight-client-module-loader.js!C
:\antigravity\afse\node_module
s\next\dist\build\webpack\load
ers\next-swc-loader.js??ruleSe
t[1].rules[16].oneOf[6].use[1]
!C:\antigravity\afse\node_modu
les\next\dist\client\component
s\forbidden.js|app-pages-brows
er
    Used by 2 module(s), i. e.
    javascript/auto|C:\antigra
vity\afse\node_modules\next\di
st\build\webpack\loaders\next-
flight-client-module-loader.js
!C:\antigravity\afse\node_modu
les\next\dist\build\webpack\lo
aders\next-swc-loader.js??rule
Set[1].rules[16].oneOf[6].use[
1]!C:\antigravity\afse\node_mo
dules\next\dist\client\compone
nts\navigation.react-server.js
|app-pages-browser

Import trace for requested mod
ule:
./node_modules/next/dist/clien
t/components/forbidden.js
./node_modules/next/dist/clien
t/components/navigation.react-
server.js
./node_modules/next/dist/clien
t/components/navigation.js
./node_modules/next/dist/clien
t/components/redirect-boundary
.js
./node_modules/next/dist/clien
t/components/app-router.js
./node_modules/next/dist/clien
t/app-index.js

./node_modules/next/dist/clien
t/components/handle-isr-error.
js
There are multiple modules wit
h names that only differ in ca
sing.
This can lead to unexpected be
havior when compiling on a fil
esystem with other case-semant
ic.
Use equal casing. Compare thes
e module identifiers:
* javascript/auto|C:\antigravi
ty\afse\node_modules\next\dist
\build\webpack\loaders\next-fl
ight-client-module-loader.js!C
:\antigravity\afse\node_module
s\next\dist\build\webpack\load
ers\next-swc-loader.js??ruleSe
t[1].rules[16].oneOf[6].use[1]
!C:\antigravity\AFSE\node_modu
les\next\dist\client\component
s\handle-isr-error.js|app-page
s-browser
    Used by 3 module(s), i. e.
    javascript/auto|C:\antigra
vity\afse\node_modules\next\di
st\build\webpack\loaders\next-
flight-client-module-loader.js
!C:\antigravity\afse\node_modu
les\next\dist\build\webpack\lo
aders\next-swc-loader.js??rule
Set[1].rules[16].oneOf[6].use[
1]!C:\antigravity\AFSE\node_mo
dules\next\dist\client\compone
nts\error-boundary.js|app-page
s-browser
* javascript/auto|C:\antigravi
ty\afse\node_modules\next\dist
\build\webpack\loaders\next-fl
ight-client-module-loader.js!C
:\antigravity\afse\node_module
s\next\dist\build\webpack\load
ers\next-swc-loader.js??ruleSe
t[1].rules[16].oneOf[6].use[1]
!C:\antigravity\afse\node_modu
les\next\dist\client\component
s\handle-isr-error.js|app-page
s-browser
    Used by 3 module(s), i. e.
    javascript/auto|C:\antigra
vity\afse\node_modules\next\di
st\build\webpack\loaders\next-
flight-client-module-loader.js
!C:\antigravity\afse\node_modu
les\next\dist\build\webpack\lo
aders\next-swc-loader.js??rule
Set[1].rules[16].oneOf[6].use[
1]!C:\antigravity\afse\node_mo
dules\next\dist\client\compone
nts\error-boundary.js|app-page
s-browser

Import trace for requested mod
ule:
./node_modules/next/dist/clien
t/components/handle-isr-error.
js
./node_modules/next/dist/clien
t/components/error-boundary.js
./node_modules/next/dist/clien
t/react-client-callbacks/error
-boundary-callbacks.js
./node_modules/next/dist/clien
t/app-index.js

./node_modules/next/dist/clien
t/components/http-access-fallb
ack/http-access-fallback.js
There are multiple modules wit
h names that only differ in ca
sing.
This can lead to unexpected be
havior when compiling on a fil
esystem with other case-semant
ic.
Use equal casing. Compare thes
e module identifiers:
* javascript/auto|C:\antigravi
ty\afse\node_modules\next\dist
\build\webpack\loaders\next-fl
ight-client-module-loader.js!C
:\antigravity\afse\node_module
s\next\dist\build\webpack\load
ers\next-swc-loader.js??ruleSe
t[1].rules[16].oneOf[6].use[1]
!C:\antigravity\AFSE\node_modu
les\next\dist\client\component
s\http-access-fallback\http-ac
cess-fallback.js|app-pages-bro
wser
    Used by 5 module(s), i. e.
    javascript/auto|C:\antigra
vity\afse\node_modules\next\di
st\build\webpack\loaders\next-
flight-client-module-loader.js
!C:\antigravity\afse\node_modu
les\next\dist\build\webpack\lo
aders\next-swc-loader.js??rule
Set[1].rules[16].oneOf[6].use[
1]!C:\antigravity\AFSE\node_mo
dules\next\dist\client\compone
nts\is-next-router-error.js|ap
p-pages-browser
* javascript/auto|C:\antigravi
ty\afse\node_modules\next\dist
\build\webpack\loaders\next-fl
ight-client-module-loader.js!C
:\antigravity\afse\node_module
s\next\dist\build\webpack\load
ers\next-swc-loader.js??ruleSe
t[1].rules[16].oneOf[6].use[1]
!C:\antigravity\afse\node_modu
les\next\dist\client\component
s\http-access-fallback\http-ac
cess-fallback.js|app-pages-bro
wser
    Used by 6 module(s), i. e.
    javascript/auto|C:\antigra
vity\afse\node_modules\next\di
st\build\webpack\loaders\next-
flight-client-module-loader.js
!C:\antigravity\afse\node_modu
les\next\dist\build\webpack\lo
aders\next-swc-loader.js??rule
Set[1].rules[16].oneOf[6].use[
1]!C:\antigravity\afse\node_mo
dules\next\dist\client\compone
nts\http-access-fallback\error
-boundary.js|app-pages-browser

Import trace for requested mod
ule:
./node_modules/next/dist/clien
t/components/http-access-fallb
ack/http-access-fallback.js
./node_modules/next/dist/clien
t/components/is-next-router-er
ror.js
./node_modules/next/dist/clien
t/react-client-callbacks/error
-boundary-callbacks.js
./node_modules/next/dist/clien
t/app-index.js

./node_modules/next/dist/clien
t/components/is-next-router-er
ror.js
There are multiple modules wit
h names that only differ in ca
sing.
This can lead to unexpected be
havior when compiling on a fil
esystem with other case-semant
ic.
Use equal casing. Compare thes
e module identifiers:
* javascript/auto|C:\antigravi
ty\afse\node_modules\next\dist
\build\webpack\loaders\next-fl
ight-client-module-loader.js!C
:\antigravity\afse\node_module
s\next\dist\build\webpack\load
ers\next-swc-loader.js??ruleSe
t[1].rules[16].oneOf[6].use[1]
!C:\antigravity\AFSE\node_modu
les\next\dist\client\component
s\is-next-router-error.js|app-
pages-browser
    Used by 5 module(s), i. e.
    javascript/auto|C:\antigra
vity\afse\node_modules\next\di
st\build\webpack\loaders\next-
flight-client-module-loader.js
!C:\antigravity\afse\node_modu
les\next\dist\build\webpack\lo
aders\next-swc-loader.js??rule
Set[1].rules[16].oneOf[6].use[
1]!C:\antigravity\AFSE\node_mo
dules\next\dist\client\react-c
lient-callbacks\error-boundary
-callbacks.js|app-pages-browse
r
* javascript/auto|C:\antigravi
ty\afse\node_modules\next\dist
\build\webpack\loaders\next-fl
ight-client-module-loader.js!C
:\antigravity\afse\node_module
s\next\dist\build\webpack\load
ers\next-swc-loader.js??ruleSe
t[1].rules[16].oneOf[6].use[1]
!C:\antigravity\afse\node_modu
les\next\dist\client\component
s\is-next-router-error.js|app-
pages-browser
    Used by 3 module(s), i. e.
    javascript/auto|C:\antigra
vity\afse\node_modules\next\di
st\build\webpack\loaders\next-
flight-client-module-loader.js
!C:\antigravity\afse\node_modu
les\next\dist\build\webpack\lo
aders\next-swc-loader.js??rule
Set[1].rules[16].oneOf[6].use[
1]!C:\antigravity\afse\node_mo
dules\next\dist\client\compone
nts\error-boundary.js|app-page
s-browser

Import trace for requested mod
ule:
./node_modules/next/dist/clien
t/components/is-next-router-er
ror.js
./node_modules/next/dist/clien
t/react-client-callbacks/error
-boundary-callbacks.js
./node_modules/next/dist/clien
t/app-index.js

./node_modules/next/dist/clien
t/components/links.js
There are multiple modules wit
h names that only differ in ca
sing.
This can lead to unexpected be
havior when compiling on a fil
esystem with other case-semant
ic.
Use equal casing. Compare thes
e module identifiers:
* javascript/auto|C:\antigravi
ty\afse\node_modules\next\dist
\build\webpack\loaders\next-fl
ight-client-module-loader.js!C
:\antigravity\afse\node_module
s\next\dist\build\webpack\load
ers\next-swc-loader.js??ruleSe
t[1].rules[16].oneOf[6].use[1]
!C:\antigravity\AFSE\node_modu
les\next\dist\client\component
s\links.js|app-pages-browser
    Used by 3 module(s), i. e.
    javascript/auto|C:\antigra
vity\afse\node_modules\next\di
st\build\webpack\loaders\next-
flight-client-module-loader.js
!C:\antigravity\afse\node_modu
les\next\dist\build\webpack\lo
aders\next-swc-loader.js??rule
Set[1].rules[16].oneOf[6].use[
1]!C:\antigravity\AFSE\node_mo
dules\next\dist\client\compone
nts\app-router-instance.js|app
-pages-browser
* javascript/auto|C:\antigravi
ty\afse\node_modules\next\dist
\build\webpack\loaders\next-fl
ight-client-module-loader.js!C
:\antigravity\afse\node_module
s\next\dist\build\webpack\load
ers\next-swc-loader.js??ruleSe
t[1].rules[16].oneOf[6].use[1]
!C:\antigravity\afse\node_modu
les\next\dist\client\component
s\links.js|app-pages-browser
    Used by 4 module(s), i. e.
    javascript/auto|C:\antigra
vity\afse\node_modules\next\di
st\build\webpack\loaders\next-
flight-client-module-loader.js
!C:\antigravity\afse\node_modu
les\next\dist\build\webpack\lo
aders\next-swc-loader.js??rule
Set[1].rules[16].oneOf[6].use[
1]!C:\antigravity\afse\node_mo
dules\next\dist\client\app-dir
\link.js|app-pages-browser

Import trace for requested mod
ule:
./node_modules/next/dist/clien
t/components/links.js
./node_modules/next/dist/clien
t/components/app-router-instan
ce.js
./node_modules/next/dist/clien
t/app-index.js

./node_modules/next/dist/clien
t/components/match-segments.js
There are multiple modules wit
h names that only differ in ca
sing.
This can lead to unexpected be
havior when compiling on a fil
esystem with other case-semant
ic.
Use equal casing. Compare thes
e module identifiers:
* javascript/auto|C:\antigravi
ty\afse\node_modules\next\dist
\build\webpack\loaders\next-fl
ight-client-module-loader.js!C
:\antigravity\afse\node_module
s\next\dist\build\webpack\load
ers\next-swc-loader.js??ruleSe
t[1].rules[16].oneOf[6].use[1]
!C:\antigravity\AFSE\node_modu
les\next\dist\client\component
s\match-segments.js|app-pages-
browser
    Used by 5 module(s), i. e.
    javascript/auto|C:\antigra
vity\afse\node_modules\next\di
st\build\webpack\loaders\next-
flight-client-module-loader.js
!C:\antigravity\afse\node_modu
les\next\dist\build\webpack\lo
aders\next-swc-loader.js??rule
Set[1].rules[16].oneOf[6].use[
1]!C:\antigravity\AFSE\node_mo
dules\next\dist\client\compone
nts\router-reducer\compute-cha
nged-path.js|app-pages-browser
* javascript/auto|C:\antigravi
ty\afse\node_modules\next\dist
\build\webpack\loaders\next-fl
ight-client-module-loader.js!C
:\antigravity\afse\node_module
s\next\dist\build\webpack\load
ers\next-swc-loader.js??ruleSe
t[1].rules[16].oneOf[6].use[1]
!C:\antigravity\afse\node_modu
les\next\dist\client\component
s\match-segments.js|app-pages-
browser
    Used by 6 module(s), i. e.
    javascript/auto|C:\antigra
vity\afse\node_modules\next\di
st\build\webpack\loaders\next-
flight-client-module-loader.js
!C:\antigravity\afse\node_modu
les\next\dist\build\webpack\lo
aders\next-swc-loader.js??rule
Set[1].rules[16].oneOf[6].use[
1]!C:\antigravity\afse\node_mo
dules\next\dist\client\compone
nts\layout-router.js|app-pages
-browser

Import trace for requested mod
ule:
./node_modules/next/dist/clien
t/components/match-segments.js
./node_modules/next/dist/clien
t/components/router-reducer/co
mpute-changed-path.js
./node_modules/next/dist/clien
t/components/app-router.js
./node_modules/next/dist/clien
t/app-index.js

./node_modules/next/dist/clien
t/components/nav-failure-handl
er.js
There are multiple modules wit
h names that only differ in ca
sing.
This can lead to unexpected be
havior when compiling on a fil
esystem with other case-semant
ic.
Use equal casing. Compare thes
e module identifiers:
* javascript/auto|C:\antigravi
ty\afse\node_modules\next\dist
\build\webpack\loaders\next-fl
ight-client-module-loader.js!C
:\antigravity\afse\node_module
s\next\dist\build\webpack\load
ers\next-swc-loader.js??ruleSe
t[1].rules[16].oneOf[6].use[1]
!C:\antigravity\AFSE\node_modu
les\next\dist\client\component
s\nav-failure-handler.js|app-p
ages-browser
    Used by 3 module(s), i. e.
    javascript/auto|C:\antigra
vity\afse\node_modules\next\di
st\build\webpack\loaders\next-
flight-client-module-loader.js
!C:\antigravity\afse\node_modu
les\next\dist\build\webpack\lo
aders\next-swc-loader.js??rule
Set[1].rules[16].oneOf[6].use[
1]!C:\antigravity\AFSE\node_mo
dules\next\dist\client\compone
nts\app-router.js|app-pages-br
owser
* javascript/auto|C:\antigravi
ty\afse\node_modules\next\dist
\build\webpack\loaders\next-fl
ight-client-module-loader.js!C
:\antigravity\afse\node_module
s\next\dist\build\webpack\load
ers\next-swc-loader.js??ruleSe
t[1].rules[16].oneOf[6].use[1]
!C:\antigravity\afse\node_modu
les\next\dist\client\component
s\nav-failure-handler.js|app-p
ages-browser
    Used by 3 module(s), i. e.
    javascript/auto|C:\antigra
vity\afse\node_modules\next\di
st\build\webpack\loaders\next-
flight-client-module-loader.js
!C:\antigravity\afse\node_modu
les\next\dist\build\webpack\lo
aders\next-swc-loader.js??rule
Set[1].rules[16].oneOf[6].use[
1]!C:\antigravity\afse\node_mo
dules\next\dist\client\compone
nts\app-router.js|app-pages-br
owser

Import trace for requested mod
ule:
./node_modules/next/dist/clien
t/components/nav-failure-handl
er.js
./node_modules/next/dist/clien
t/components/app-router.js
./node_modules/next/dist/clien
t/app-index.js

./node_modules/next/dist/clien
t/components/navigation-untrac
ked.js
There are multiple modules wit
h names that only differ in ca
sing.
This can lead to unexpected be
havior when compiling on a fil
esystem with other case-semant
ic.
Use equal casing. Compare thes
e module identifiers:
* javascript/auto|C:\antigravi
ty\afse\node_modules\next\dist
\build\webpack\loaders\next-fl
ight-client-module-loader.js!C
:\antigravity\afse\node_module
s\next\dist\build\webpack\load
ers\next-swc-loader.js??ruleSe
t[1].rules[16].oneOf[6].use[1]
!C:\antigravity\AFSE\node_modu
les\next\dist\client\component
s\navigation-untracked.js|app-
pages-browser
    Used by 2 module(s), i. e.
    javascript/auto|C:\antigra
vity\afse\node_modules\next\di
st\build\webpack\loaders\next-
flight-client-module-loader.js
!C:\antigravity\afse\node_modu
les\next\dist\build\webpack\lo
aders\next-swc-loader.js??rule
Set[1].rules[16].oneOf[6].use[
1]!C:\antigravity\AFSE\node_mo
dules\next\dist\client\compone
nts\error-boundary.js|app-page
s-browser
* javascript/auto|C:\antigravi
ty\afse\node_modules\next\dist
\build\webpack\loaders\next-fl
ight-client-module-loader.js!C
:\antigravity\afse\node_module
s\next\dist\build\webpack\load
ers\next-swc-loader.js??ruleSe
t[1].rules[16].oneOf[6].use[1]
!C:\antigravity\afse\node_modu
les\next\dist\client\component
s\navigation-untracked.js|app-
pages-browser
    Used by 3 module(s), i. e.
    javascript/auto|C:\antigra
vity\afse\node_modules\next\di
st\build\webpack\loaders\next-
flight-client-module-loader.js
!C:\antigravity\afse\node_modu
les\next\dist\build\webpack\lo
aders\next-swc-loader.js??rule
Set[1].rules[16].oneOf[6].use[
1]!C:\antigravity\afse\node_mo
dules\next\dist\client\compone
nts\http-access-fallback\error
-boundary.js|app-pages-browser

Import trace for requested mod
ule:
./node_modules/next/dist/clien
t/components/navigation-untrac
ked.js
./node_modules/next/dist/clien
t/components/error-boundary.js
./node_modules/next/dist/clien
t/react-client-callbacks/error
-boundary-callbacks.js
./node_modules/next/dist/clien
t/app-index.js

./node_modules/next/dist/clien
t/components/navigation.js
There are multiple modules wit
h names that only differ in ca
sing.
This can lead to unexpected be
havior when compiling on a fil
esystem with other case-semant
ic.
Use equal casing. Compare thes
e module identifiers:
* javascript/auto|C:\antigravi
ty\afse\node_modules\next\dist
\build\webpack\loaders\next-fl
ight-client-module-loader.js!C
:\antigravity\afse\node_module
s\next\dist\build\webpack\load
ers\next-swc-loader.js??ruleSe
t[1].rules[16].oneOf[6].use[1]
!C:\antigravity\AFSE\node_modu
les\next\dist\client\component
s\navigation.js|app-pages-brow
ser
    Used by 2 module(s), i. e.
    javascript/auto|C:\antigra
vity\afse\node_modules\next\di
st\build\webpack\loaders\next-
flight-client-module-loader.js
!C:\antigravity\afse\node_modu
les\next\dist\build\webpack\lo
aders\next-swc-loader.js??rule
Set[1].rules[16].oneOf[6].use[
1]!C:\antigravity\AFSE\node_mo
dules\next\dist\client\compone
nts\redirect-boundary.js|app-p
ages-browser
* javascript/auto|C:\antigravi
ty\afse\node_modules\next\dist
\build\webpack\loaders\next-fl
ight-client-module-loader.js!C
:\antigravity\afse\node_module
s\next\dist\build\webpack\load
ers\next-swc-loader.js??ruleSe
t[1].rules[16].oneOf[6].use[1]
!C:\antigravity\afse\node_modu
les\next\dist\client\component
s\navigation.js|app-pages-brow
ser
    Used by 3 module(s), i. e.
    javascript/auto|C:\antigra
vity\afse\node_modules\next\di
st\build\webpack\loaders\next-
flight-client-module-loader.js
!C:\antigravity\afse\node_modu
les\next\dist\build\webpack\lo
aders\next-swc-loader.js??rule
Set[1].rules[16].oneOf[6].use[
1]!C:\antigravity\afse\node_mo
dules\next\dist\client\compone
nts\redirect-boundary.js|app-p
ages-browser

Import trace for requested mod
ule:
./node_modules/next/dist/clien
t/components/navigation.js
./node_modules/next/dist/clien
t/components/redirect-boundary
.js
./node_modules/next/dist/clien
t/components/app-router.js
./node_modules/next/dist/clien
t/app-index.js

./node_modules/next/dist/clien
t/components/navigation.react-
server.js
There are multiple modules wit
h names that only differ in ca
sing.
This can lead to unexpected be
havior when compiling on a fil
esystem with other case-semant
ic.
Use equal casing. Compare thes
e module identifiers:
* javascript/auto|C:\antigravi
ty\afse\node_modules\next\dist
\build\webpack\loaders\next-fl
ight-client-module-loader.js!C
:\antigravity\afse\node_module
s\next\dist\build\webpack\load
ers\next-swc-loader.js??ruleSe
t[1].rules[16].oneOf[6].use[1]
!C:\antigravity\AFSE\node_modu
les\next\dist\client\component
s\navigation.react-server.js|a
pp-pages-browser
    Used by 2 module(s), i. e.
    javascript/auto|C:\antigra
vity\afse\node_modules\next\di
st\build\webpack\loaders\next-
flight-client-module-loader.js
!C:\antigravity\afse\node_modu
les\next\dist\build\webpack\lo
aders\next-swc-loader.js??rule
Set[1].rules[16].oneOf[6].use[
1]!C:\antigravity\AFSE\node_mo
dules\next\dist\client\compone
nts\navigation.js|app-pages-br
owser
* javascript/auto|C:\antigravi
ty\afse\node_modules\next\dist
\build\webpack\loaders\next-fl
ight-client-module-loader.js!C
:\antigravity\afse\node_module
s\next\dist\build\webpack\load
ers\next-swc-loader.js??ruleSe
t[1].rules[16].oneOf[6].use[1]
!C:\antigravity\afse\node_modu
les\next\dist\client\component
s\navigation.react-server.js|a
pp-pages-browser
    Used by 2 module(s), i. e.
    javascript/auto|C:\antigra
vity\afse\node_modules\next\di
st\build\webpack\loaders\next-
flight-client-module-loader.js
!C:\antigravity\afse\node_modu
les\next\dist\build\webpack\lo
aders\next-swc-loader.js??rule
Set[1].rules[16].oneOf[6].use[
1]!C:\antigravity\afse\node_mo
dules\next\dist\client\compone
nts\navigation.js|app-pages-br
owser

Import trace for requested mod
ule:
./node_modules/next/dist/clien
t/components/navigation.react-
server.js
./node_modules/next/dist/clien
t/components/navigation.js
./node_modules/next/dist/clien
t/components/redirect-boundary
.js
./node_modules/next/dist/clien
t/components/app-router.js
./node_modules/next/dist/clien
t/app-index.js

./node_modules/next/dist/clien
t/components/not-found.js
There are multiple modules wit
h names that only differ in ca
sing.
This can lead to unexpected be
havior when compiling on a fil
esystem with other case-semant
ic.
Use equal casing. Compare thes
e module identifiers:
* javascript/auto|C:\antigravi
ty\afse\node_modules\next\dist
\build\webpack\loaders\next-fl
ight-client-module-loader.js!C
:\antigravity\afse\node_module
s\next\dist\build\webpack\load
ers\next-swc-loader.js??ruleSe
t[1].rules[16].oneOf[6].use[1]
!C:\antigravity\AFSE\node_modu
les\next\dist\client\component
s\not-found.js|app-pages-brows
er
    Used by 2 module(s), i. e.
    javascript/auto|C:\antigra
vity\afse\node_modules\next\di
st\build\webpack\loaders\next-
flight-client-module-loader.js
!C:\antigravity\afse\node_modu
les\next\dist\build\webpack\lo
aders\next-swc-loader.js??rule
Set[1].rules[16].oneOf[6].use[
1]!C:\antigravity\AFSE\node_mo
dules\next\dist\client\compone
nts\navigation.react-server.js
|app-pages-browser
* javascript/auto|C:\antigravi
ty\afse\node_modules\next\dist
\build\webpack\loaders\next-fl
ight-client-module-loader.js!C
:\antigravity\afse\node_module
s\next\dist\build\webpack\load
ers\next-swc-loader.js??ruleSe
t[1].rules[16].oneOf[6].use[1]
!C:\antigravity\afse\node_modu
les\next\dist\client\component
s\not-found.js|app-pages-brows
er
    Used by 2 module(s), i. e.
    javascript/auto|C:\antigra
vity\afse\node_modules\next\di
st\build\webpack\loaders\next-
flight-client-module-loader.js
!C:\antigravity\afse\node_modu
les\next\dist\build\webpack\lo
aders\next-swc-loader.js??rule
Set[1].rules[16].oneOf[6].use[
1]!C:\antigravity\afse\node_mo
dules\next\dist\client\compone
nts\navigation.react-server.js
|app-pages-browser

Import trace for requested mod
ule:
./node_modules/next/dist/clien
t/components/not-found.js
./node_modules/next/dist/clien
t/components/navigation.react-
server.js
./node_modules/next/dist/clien
t/components/navigation.js
./node_modules/next/dist/clien
t/components/redirect-boundary
.js
./node_modules/next/dist/clien
t/components/app-router.js
./node_modules/next/dist/clien
t/app-index.js

./node_modules/next/dist/clien
t/components/promise-queue.js
There are multiple modules wit
h names that only differ in ca
sing.
This can lead to unexpected be
havior when compiling on a fil
esystem with other case-semant
ic.
Use equal casing. Compare thes
e module identifiers:
* javascript/auto|C:\antigravi
ty\afse\node_modules\next\dist
\build\webpack\loaders\next-fl
ight-client-module-loader.js!C
:\antigravity\afse\node_module
s\next\dist\build\webpack\load
ers\next-swc-loader.js??ruleSe
t[1].rules[16].oneOf[6].use[1]
!C:\antigravity\AFSE\node_modu
les\next\dist\client\component
s\promise-queue.js|app-pages-b
rowser
    Used by 2 module(s), i. e.
    javascript/auto|C:\antigra
vity\afse\node_modules\next\di
st\build\webpack\loaders\next-
flight-client-module-loader.js
!C:\antigravity\afse\node_modu
les\next\dist\build\webpack\lo
aders\next-swc-loader.js??rule
Set[1].rules[16].oneOf[6].use[
1]!C:\antigravity\AFSE\node_mo
dules\next\dist\client\compone
nts\router-reducer\reducers\pr
efetch-reducer.js|app-pages-br
owser
* javascript/auto|C:\antigravi
ty\afse\node_modules\next\dist
\build\webpack\loaders\next-fl
ight-client-module-loader.js!C
:\antigravity\afse\node_module
s\next\dist\build\webpack\load
ers\next-swc-loader.js??ruleSe
t[1].rules[16].oneOf[6].use[1]
!C:\antigravity\afse\node_modu
les\next\dist\client\component
s\promise-queue.js|app-pages-b
rowser
    Used by 2 module(s), i. e.
    javascript/auto|C:\antigra
vity\afse\node_modules\next\di
st\build\webpack\loaders\next-
flight-client-module-loader.js
!C:\antigravity\afse\node_modu
les\next\dist\build\webpack\lo
aders\next-swc-loader.js??rule
Set[1].rules[16].oneOf[6].use[
1]!C:\antigravity\afse\node_mo
dules\next\dist\client\compone
nts\router-reducer\reducers\pr
efetch-reducer.js|app-pages-br
owser

Import trace for requested mod
ule:
./node_modules/next/dist/clien
t/components/promise-queue.js
./node_modules/next/dist/clien
t/components/router-reducer/re
ducers/prefetch-reducer.js
./node_modules/next/dist/clien
t/components/app-router-instan
ce.js
./node_modules/next/dist/clien
t/app-index.js

./node_modules/next/dist/clien
t/components/redirect-boundary
.js
There are multiple modules wit
h names that only differ in ca
sing.
This can lead to unexpected be
havior when compiling on a fil
esystem with other case-semant
ic.
Use equal casing. Compare thes
e module identifiers:
* javascript/auto|C:\antigravi
ty\afse\node_modules\next\dist
\build\webpack\loaders\next-fl
ight-client-module-loader.js!C
:\antigravity\afse\node_module
s\next\dist\build\webpack\load
ers\next-swc-loader.js??ruleSe
t[1].rules[16].oneOf[6].use[1]
!C:\antigravity\AFSE\node_modu
les\next\dist\client\component
s\redirect-boundary.js|app-pag
es-browser
    Used by 2 module(s), i. e.
    javascript/auto|C:\antigra
vity\afse\node_modules\next\di
st\build\webpack\loaders\next-
flight-client-module-loader.js
!C:\antigravity\afse\node_modu
les\next\dist\build\webpack\lo
aders\next-swc-loader.js??rule
Set[1].rules[16].oneOf[6].use[
1]!C:\antigravity\AFSE\node_mo
dules\next\dist\client\compone
nts\app-router.js|app-pages-br
owser
* javascript/auto|C:\antigravi
ty\afse\node_modules\next\dist
\build\webpack\loaders\next-fl
ight-client-module-loader.js!C
:\antigravity\afse\node_module
s\next\dist\build\webpack\load
ers\next-swc-loader.js??ruleSe
t[1].rules[16].oneOf[6].use[1]
!C:\antigravity\afse\node_modu
les\next\dist\client\component
s\redirect-boundary.js|app-pag
es-browser
    Used by 3 module(s), i. e.
    javascript/auto|C:\antigra
vity\afse\node_modules\next\di
st\build\webpack\loaders\next-
flight-client-module-loader.js
!C:\antigravity\afse\node_modu
les\next\dist\build\webpack\lo
aders\next-swc-loader.js??rule
Set[1].rules[16].oneOf[6].use[
1]!C:\antigravity\afse\node_mo
dules\next\dist\client\compone
nts\layout-router.js|app-pages
-browser

Import trace for requested mod
ule:
./node_modules/next/dist/clien
t/components/redirect-boundary
.js
./node_modules/next/dist/clien
t/components/app-router.js
./node_modules/next/dist/clien
t/app-index.js

./node_modules/next/dist/clien
t/components/redirect-error.js
There are multiple modules wit
h names that only differ in ca
sing.
This can lead to unexpected be
havior when compiling on a fil
esystem with other case-semant
ic.
Use equal casing. Compare thes
e module identifiers:
* javascript/auto|C:\antigravi
ty\afse\node_modules\next\dist
\build\webpack\loaders\next-fl
ight-client-module-loader.js!C
:\antigravity\afse\node_module
s\next\dist\build\webpack\load
ers\next-swc-loader.js??ruleSe
t[1].rules[16].oneOf[6].use[1]
!C:\antigravity\AFSE\node_modu
les\next\dist\client\component
s\redirect-error.js|app-pages-
browser
    Used by 7 module(s), i. e.
    javascript/auto|C:\antigra
vity\afse\node_modules\next\di
st\build\webpack\loaders\next-
flight-client-module-loader.js
!C:\antigravity\afse\node_modu
les\next\dist\build\webpack\lo
aders\next-swc-loader.js??rule
Set[1].rules[16].oneOf[6].use[
1]!C:\antigravity\AFSE\node_mo
dules\next\dist\client\compone
nts\app-router.js|app-pages-br
owser
* javascript/auto|C:\antigravi
ty\afse\node_modules\next\dist
\build\webpack\loaders\next-fl
ight-client-module-loader.js!C
:\antigravity\afse\node_module
s\next\dist\build\webpack\load
ers\next-swc-loader.js??ruleSe
t[1].rules[16].oneOf[6].use[1]
!C:\antigravity\afse\node_modu
les\next\dist\client\component
s\redirect-error.js|app-pages-
browser
    Used by 7 module(s), i. e.
    javascript/auto|C:\antigra
vity\afse\node_modules\next\di
st\build\webpack\loaders\next-
flight-client-module-loader.js
!C:\antigravity\afse\node_modu
les\next\dist\build\webpack\lo
aders\next-swc-loader.js??rule
Set[1].rules[16].oneOf[6].use[
1]!C:\antigravity\afse\node_mo
dules\next\dist\client\compone
nts\app-router.js|app-pages-br
owser

Import trace for requested mod
ule:
./node_modules/next/dist/clien
t/components/redirect-error.js
./node_modules/next/dist/clien
t/components/app-router.js
./node_modules/next/dist/clien
t/app-index.js

./node_modules/next/dist/clien
t/components/redirect-status-c
ode.js
There are multiple modules wit
h names that only differ in ca
sing.
This can lead to unexpected be
havior when compiling on a fil
esystem with other case-semant
ic.
Use equal casing. Compare thes
e module identifiers:
* javascript/auto|C:\antigravi
ty\afse\node_modules\next\dist
\build\webpack\loaders\next-fl
ight-client-module-loader.js!C
:\antigravity\afse\node_module
s\next\dist\build\webpack\load
ers\next-swc-loader.js??ruleSe
t[1].rules[16].oneOf[6].use[1]
!C:\antigravity\AFSE\node_modu
les\next\dist\client\component
s\redirect-status-code.js|app-
pages-browser
    Used by 3 module(s), i. e.
    javascript/auto|C:\antigra
vity\afse\node_modules\next\di
st\build\webpack\loaders\next-
flight-client-module-loader.js
!C:\antigravity\afse\node_modu
les\next\dist\build\webpack\lo
aders\next-swc-loader.js??rule
Set[1].rules[16].oneOf[6].use[
1]!C:\antigravity\AFSE\node_mo
dules\next\dist\client\compone
nts\redirect.js|app-pages-brow
ser
* javascript/auto|C:\antigravi
ty\afse\node_modules\next\dist
\build\webpack\loaders\next-fl
ight-client-module-loader.js!C
:\antigravity\afse\node_module
s\next\dist\build\webpack\load
ers\next-swc-loader.js??ruleSe
t[1].rules[16].oneOf[6].use[1]
!C:\antigravity\afse\node_modu
les\next\dist\client\component
s\redirect-status-code.js|app-
pages-browser
    Used by 3 module(s), i. e.
    javascript/auto|C:\antigra
vity\afse\node_modules\next\di
st\build\webpack\loaders\next-
flight-client-module-loader.js
!C:\antigravity\afse\node_modu
les\next\dist\build\webpack\lo
aders\next-swc-loader.js??rule
Set[1].rules[16].oneOf[6].use[
1]!C:\antigravity\afse\node_mo
dules\next\dist\client\compone
nts\redirect.js|app-pages-brow
ser

Import trace for requested mod
ule:
./node_modules/next/dist/clien
t/components/redirect-status-c
ode.js
./node_modules/next/dist/clien
t/components/redirect.js
./node_modules/next/dist/clien
t/components/app-router.js
./node_modules/next/dist/clien
t/app-index.js

./node_modules/next/dist/clien
t/components/redirect.js
There are multiple modules wit
h names that only differ in ca
sing.
This can lead to unexpected be
havior when compiling on a fil
esystem with other case-semant
ic.
Use equal casing. Compare thes
e module identifiers:
* javascript/auto|C:\antigravi
ty\afse\node_modules\next\dist
\build\webpack\loaders\next-fl
ight-client-module-loader.js!C
:\antigravity\afse\node_module
s\next\dist\build\webpack\load
ers\next-swc-loader.js??ruleSe
t[1].rules[16].oneOf[6].use[1]
!C:\antigravity\AFSE\node_modu
les\next\dist\client\component
s\redirect.js|app-pages-browse
r
    Used by 5 module(s), i. e.
    javascript/auto|C:\antigra
vity\afse\node_modules\next\di
st\build\webpack\loaders\next-
flight-client-module-loader.js
!C:\antigravity\afse\node_modu
les\next\dist\build\webpack\lo
aders\next-swc-loader.js??rule
Set[1].rules[16].oneOf[6].use[
1]!C:\antigravity\AFSE\node_mo
dules\next\dist\client\compone
nts\app-router.js|app-pages-br
owser
* javascript/auto|C:\antigravi
ty\afse\node_modules\next\dist
\build\webpack\loaders\next-fl
ight-client-module-loader.js!C
:\antigravity\afse\node_module
s\next\dist\build\webpack\load
ers\next-swc-loader.js??ruleSe
t[1].rules[16].oneOf[6].use[1]
!C:\antigravity\afse\node_modu
les\next\dist\client\component
s\redirect.js|app-pages-browse
r
    Used by 5 module(s), i. e.
    javascript/auto|C:\antigra
vity\afse\node_modules\next\di
st\build\webpack\loaders\next-
flight-client-module-loader.js
!C:\antigravity\afse\node_modu
les\next\dist\build\webpack\lo
aders\next-swc-loader.js??rule
Set[1].rules[16].oneOf[6].use[
1]!C:\antigravity\afse\node_mo
dules\next\dist\client\compone
nts\app-router.js|app-pages-br
owser

Import trace for requested mod
ule:
./node_modules/next/dist/clien
t/components/redirect.js
./node_modules/next/dist/clien
t/components/app-router.js
./node_modules/next/dist/clien
t/app-index.js

./node_modules/next/dist/clien
t/components/router-reducer/al
iased-prefetch-navigations.js
There are multiple modules wit
h names that only differ in ca
sing.
This can lead to unexpected be
havior when compiling on a fil
esystem with other case-semant
ic.
Use equal casing. Compare thes
e module identifiers:
* javascript/auto|C:\antigravi
ty\afse\node_modules\next\dist
\build\webpack\loaders\next-fl
ight-client-module-loader.js!C
:\antigravity\afse\node_module
s\next\dist\build\webpack\load
ers\next-swc-loader.js??ruleSe
t[1].rules[16].oneOf[6].use[1]
!C:\antigravity\AFSE\node_modu
les\next\dist\client\component
s\router-reducer\aliased-prefe
tch-navigations.js|app-pages-b
rowser
    Used by 2 module(s), i. e.
    javascript/auto|C:\antigra
vity\afse\node_modules\next\di
st\build\webpack\loaders\next-
flight-client-module-loader.js
!C:\antigravity\afse\node_modu
les\next\dist\build\webpack\lo
aders\next-swc-loader.js??rule
Set[1].rules[16].oneOf[6].use[
1]!C:\antigravity\AFSE\node_mo
dules\next\dist\client\compone
nts\router-reducer\reducers\na
vigate-reducer.js|app-pages-br
owser
* javascript/auto|C:\antigravi
ty\afse\node_modules\next\dist
\build\webpack\loaders\next-fl
ight-client-module-loader.js!C
:\antigravity\afse\node_module
s\next\dist\build\webpack\load
ers\next-swc-loader.js??ruleSe
t[1].rules[16].oneOf[6].use[1]
!C:\antigravity\afse\node_modu
les\next\dist\client\component
s\router-reducer\aliased-prefe
tch-navigations.js|app-pages-b
rowser
    Used by 2 module(s), i. e.
    javascript/auto|C:\antigra
vity\afse\node_modules\next\di
st\build\webpack\loaders\next-
flight-client-module-loader.js
!C:\antigravity\afse\node_modu
les\next\dist\build\webpack\lo
aders\next-swc-loader.js??rule
Set[1].rules[16].oneOf[6].use[
1]!C:\antigravity\afse\node_mo
dules\next\dist\client\compone
nts\router-reducer\reducers\na
vigate-reducer.js|app-pages-br
owser

Import trace for requested mod
ule:
./node_modules/next/dist/clien
t/components/router-reducer/al
iased-prefetch-navigations.js
./node_modules/next/dist/clien
t/components/router-reducer/re
ducers/navigate-reducer.js
./node_modules/next/dist/clien
t/components/router-reducer/ro
uter-reducer.js
./node_modules/next/dist/clien
t/components/app-router-instan
ce.js
./node_modules/next/dist/clien
t/app-index.js

./node_modules/next/dist/clien
t/components/router-reducer/ap
ply-flight-data.js
There are multiple modules wit
h names that only differ in ca
sing.
This can lead to unexpected be
havior when compiling on a fil
esystem with other case-semant
ic.
Use equal casing. Compare thes
e module identifiers:
* javascript/auto|C:\antigravi
ty\afse\node_modules\next\dist
\build\webpack\loaders\next-fl
ight-client-module-loader.js!C
:\antigravity\afse\node_module
s\next\dist\build\webpack\load
ers\next-swc-loader.js??ruleSe
t[1].rules[16].oneOf[6].use[1]
!C:\antigravity\AFSE\node_modu
les\next\dist\client\component
s\router-reducer\apply-flight-
data.js|app-pages-browser
    Used by 5 module(s), i. e.
    javascript/auto|C:\antigra
vity\afse\node_modules\next\di
st\build\webpack\loaders\next-
flight-client-module-loader.js
!C:\antigravity\afse\node_modu
les\next\dist\build\webpack\lo
aders\next-swc-loader.js??rule
Set[1].rules[16].oneOf[6].use[
1]!C:\antigravity\AFSE\node_mo
dules\next\dist\client\compone
nts\router-reducer\refetch-ina
ctive-parallel-segments.js|app
-pages-browser
* javascript/auto|C:\antigravi
ty\afse\node_modules\next\dist
\build\webpack\loaders\next-fl
ight-client-module-loader.js!C
:\antigravity\afse\node_module
s\next\dist\build\webpack\load
ers\next-swc-loader.js??ruleSe
t[1].rules[16].oneOf[6].use[1]
!C:\antigravity\afse\node_modu
les\next\dist\client\component
s\router-reducer\apply-flight-
data.js|app-pages-browser
    Used by 5 module(s), i. e.
    javascript/auto|C:\antigra
vity\afse\node_modules\next\di
st\build\webpack\loaders\next-
flight-client-module-loader.js
!C:\antigravity\afse\node_modu
les\next\dist\build\webpack\lo
aders\next-swc-loader.js??rule
Set[1].rules[16].oneOf[6].use[
1]!C:\antigravity\afse\node_mo
dules\next\dist\client\compone
nts\router-reducer\reducers\na
vigate-reducer.js|app-pages-br
owser

Import trace for requested mod
ule:
./node_modules/next/dist/clien
t/components/router-reducer/ap
ply-flight-data.js
./node_modules/next/dist/clien
t/components/router-reducer/re
fetch-inactive-parallel-segmen
ts.js
./node_modules/next/dist/clien
t/components/router-reducer/cr
eate-initial-router-state.js
./node_modules/next/dist/clien
t/app-index.js

./node_modules/next/dist/clien
t/components/router-reducer/ap
ply-router-state-patch-to-tree
.js
There are multiple modules wit
h names that only differ in ca
sing.
This can lead to unexpected be
havior when compiling on a fil
esystem with other case-semant
ic.
Use equal casing. Compare thes
e module identifiers:
* javascript/auto|C:\antigravi
ty\afse\node_modules\next\dist
\build\webpack\loaders\next-fl
ight-client-module-loader.js!C
:\antigravity\afse\node_module
s\next\dist\build\webpack\load
ers\next-swc-loader.js??ruleSe
t[1].rules[16].oneOf[6].use[1]
!C:\antigravity\AFSE\node_modu
les\next\dist\client\component
s\router-reducer\apply-router-
state-patch-to-tree.js|app-pag
es-browser
    Used by 7 module(s), i. e.
    javascript/auto|C:\antigra
vity\afse\node_modules\next\di
st\build\webpack\loaders\next-
flight-client-module-loader.js
!C:\antigravity\afse\node_modu
les\next\dist\build\webpack\lo
aders\next-swc-loader.js??rule
Set[1].rules[16].oneOf[6].use[
1]!C:\antigravity\AFSE\node_mo
dules\next\dist\client\compone
nts\router-reducer\reducers\na
vigate-reducer.js|app-pages-br
owser
* javascript/auto|C:\antigravi
ty\afse\node_modules\next\dist
\build\webpack\loaders\next-fl
ight-client-module-loader.js!C
:\antigravity\afse\node_module
s\next\dist\build\webpack\load
ers\next-swc-loader.js??ruleSe
t[1].rules[16].oneOf[6].use[1]
!C:\antigravity\afse\node_modu
les\next\dist\client\component
s\router-reducer\apply-router-
state-patch-to-tree.js|app-pag
es-browser
    Used by 7 module(s), i. e.
    javascript/auto|C:\antigra
vity\afse\node_modules\next\di
st\build\webpack\loaders\next-
flight-client-module-loader.js
!C:\antigravity\afse\node_modu
les\next\dist\build\webpack\lo
aders\next-swc-loader.js??rule
Set[1].rules[16].oneOf[6].use[
1]!C:\antigravity\afse\node_mo
dules\next\dist\client\compone
nts\router-reducer\reducers\na
vigate-reducer.js|app-pages-br
owser

Import trace for requested mod
ule:
./node_modules/next/dist/clien
t/components/router-reducer/ap
ply-router-state-patch-to-tree
.js
./node_modules/next/dist/clien
t/components/router-reducer/re
ducers/navigate-reducer.js
./node_modules/next/dist/clien
t/components/router-reducer/ro
uter-reducer.js
./node_modules/next/dist/clien
t/components/app-router-instan
ce.js
./node_modules/next/dist/clien
t/app-index.js

./node_modules/next/dist/clien
t/components/router-reducer/cl
ear-cache-node-data-for-segmen
t-path.js
There are multiple modules wit
h names that only differ in ca
sing.
This can lead to unexpected be
havior when compiling on a fil
esystem with other case-semant
ic.
Use equal casing. Compare thes
e module identifiers:
* javascript/auto|C:\antigravi
ty\afse\node_modules\next\dist
\build\webpack\loaders\next-fl
ight-client-module-loader.js!C
:\antigravity\afse\node_module
s\next\dist\build\webpack\load
ers\next-swc-loader.js??ruleSe
t[1].rules[16].oneOf[6].use[1]
!C:\antigravity\AFSE\node_modu
les\next\dist\client\component
s\router-reducer\clear-cache-n
ode-data-for-segment-path.js|a
pp-pages-browser
    Used by 2 module(s), i. e.
    javascript/auto|C:\antigra
vity\afse\node_modules\next\di
st\build\webpack\loaders\next-
flight-client-module-loader.js
!C:\antigravity\afse\node_modu
les\next\dist\build\webpack\lo
aders\next-swc-loader.js??rule
Set[1].rules[16].oneOf[6].use[
1]!C:\antigravity\AFSE\node_mo
dules\next\dist\client\compone
nts\router-reducer\reducers\na
vigate-reducer.js|app-pages-br
owser
* javascript/auto|C:\antigravi
ty\afse\node_modules\next\dist
\build\webpack\loaders\next-fl
ight-client-module-loader.js!C
:\antigravity\afse\node_module
s\next\dist\build\webpack\load
ers\next-swc-loader.js??ruleSe
t[1].rules[16].oneOf[6].use[1]
!C:\antigravity\afse\node_modu
les\next\dist\client\component
s\router-reducer\clear-cache-n
ode-data-for-segment-path.js|a
pp-pages-browser
    Used by 2 module(s), i. e.
    javascript/auto|C:\antigra
vity\afse\node_modules\next\di
st\build\webpack\loaders\next-
flight-client-module-loader.js
!C:\antigravity\afse\node_modu
les\next\dist\build\webpack\lo
aders\next-swc-loader.js??rule
Set[1].rules[16].oneOf[6].use[
1]!C:\antigravity\afse\node_mo
dules\next\dist\client\compone
nts\router-reducer\reducers\na
vigate-reducer.js|app-pages-br
owser

Import trace for requested mod
ule:
./node_modules/next/dist/clien
t/components/router-reducer/cl
ear-cache-node-data-for-segmen
t-path.js
./node_modules/next/dist/clien
t/components/router-reducer/re
ducers/navigate-reducer.js
./node_modules/next/dist/clien
t/components/router-reducer/ro
uter-reducer.js
./node_modules/next/dist/clien
t/components/app-router-instan
ce.js
./node_modules/next/dist/clien
t/app-index.js

./node_modules/next/dist/clien
t/components/router-reducer/co
mpute-changed-path.js
There are multiple modules wit
h names that only differ in ca
sing.
This can lead to unexpected be
havior when compiling on a fil
esystem with other case-semant
ic.
Use equal casing. Compare thes
e module identifiers:
* javascript/auto|C:\antigravi
ty\afse\node_modules\next\dist
\build\webpack\loaders\next-fl
ight-client-module-loader.js!C
:\antigravity\afse\node_module
s\next\dist\build\webpack\load
ers\next-swc-loader.js??ruleSe
t[1].rules[16].oneOf[6].use[1]
!C:\antigravity\AFSE\node_modu
les\next\dist\client\component
s\router-reducer\compute-chang
ed-path.js|app-pages-browser
    Used by 5 module(s), i. e.
    javascript/auto|C:\antigra
vity\afse\node_modules\next\di
st\build\webpack\loaders\next-
flight-client-module-loader.js
!C:\antigravity\afse\node_modu
les\next\dist\build\webpack\lo
aders\next-swc-loader.js??rule
Set[1].rules[16].oneOf[6].use[
1]!C:\antigravity\AFSE\node_mo
dules\next\dist\client\compone
nts\app-router.js|app-pages-br
owser
* javascript/auto|C:\antigravi
ty\afse\node_modules\next\dist
\build\webpack\loaders\next-fl
ight-client-module-loader.js!C
:\antigravity\afse\node_module
s\next\dist\build\webpack\load
ers\next-swc-loader.js??ruleSe
t[1].rules[16].oneOf[6].use[1]
!C:\antigravity\afse\node_modu
les\next\dist\client\component
s\router-reducer\compute-chang
ed-path.js|app-pages-browser
    Used by 4 module(s), i. e.
    javascript/auto|C:\antigra
vity\afse\node_modules\next\di
st\build\webpack\loaders\next-
flight-client-module-loader.js
!C:\antigravity\afse\node_modu
les\next\dist\build\webpack\lo
aders\next-swc-loader.js??rule
Set[1].rules[16].oneOf[6].use[
1]!C:\antigravity\afse\node_mo
dules\next\dist\client\compone
nts\app-router.js|app-pages-br
owser

Import trace for requested mod
ule:
./node_modules/next/dist/clien
t/components/router-reducer/co
mpute-changed-path.js
./node_modules/next/dist/clien
t/components/app-router.js
./node_modules/next/dist/clien
t/app-index.js

./node_modules/next/dist/clien
t/components/router-reducer/cr
eate-href-from-url.js
There are multiple modules wit
h names that only differ in ca
sing.
This can lead to unexpected be
havior when compiling on a fil
esystem with other case-semant
ic.
Use equal casing. Compare thes
e module identifiers:
* javascript/auto|C:\antigravi
ty\afse\node_modules\next\dist
\build\webpack\loaders\next-fl
ight-client-module-loader.js!C
:\antigravity\afse\node_module
s\next\dist\build\webpack\load
ers\next-swc-loader.js??ruleSe
t[1].rules[16].oneOf[6].use[1]
!C:\antigravity\AFSE\node_modu
les\next\dist\client\component
s\router-reducer\create-href-f
rom-url.js|app-pages-browser
    Used by 11 module(s), i. e
.
    javascript/auto|C:\antigra
vity\afse\node_modules\next\di
st\build\webpack\loaders\next-
flight-client-module-loader.js
!C:\antigravity\afse\node_modu
les\next\dist\build\webpack\lo
aders\next-swc-loader.js??rule
Set[1].rules[16].oneOf[6].use[
1]!C:\antigravity\AFSE\node_mo
dules\next\dist\client\compone
nts\app-router.js|app-pages-br
owser
* javascript/auto|C:\antigravi
ty\afse\node_modules\next\dist
\build\webpack\loaders\next-fl
ight-client-module-loader.js!C
:\antigravity\afse\node_module
s\next\dist\build\webpack\load
ers\next-swc-loader.js??ruleSe
t[1].rules[16].oneOf[6].use[1]
!C:\antigravity\afse\node_modu
les\next\dist\client\component
s\router-reducer\create-href-f
rom-url.js|app-pages-browser
    Used by 10 module(s), i. e
.
    javascript/auto|C:\antigra
vity\afse\node_modules\next\di
st\build\webpack\loaders\next-
flight-client-module-loader.js
!C:\antigravity\afse\node_modu
les\next\dist\build\webpack\lo
aders\next-swc-loader.js??rule
Set[1].rules[16].oneOf[6].use[
1]!C:\antigravity\afse\node_mo
dules\next\dist\client\compone
nts\app-router.js|app-pages-br
owser

Import trace for requested mod
ule:
./node_modules/next/dist/clien
t/components/router-reducer/cr
eate-href-from-url.js
./node_modules/next/dist/clien
t/components/app-router.js
./node_modules/next/dist/clien
t/app-index.js

./node_modules/next/dist/clien
t/components/router-reducer/cr
eate-router-cache-key.js
There are multiple modules wit
h names that only differ in ca
sing.
This can lead to unexpected be
havior when compiling on a fil
esystem with other case-semant
ic.
Use equal casing. Compare thes
e module identifiers:
* javascript/auto|C:\antigravi
ty\afse\node_modules\next\dist
\build\webpack\loaders\next-fl
ight-client-module-loader.js!C
:\antigravity\afse\node_module
s\next\dist\build\webpack\load
ers\next-swc-loader.js??ruleSe
t[1].rules[16].oneOf[6].use[1]
!C:\antigravity\AFSE\node_modu
les\next\dist\client\component
s\router-reducer\create-router
-cache-key.js|app-pages-browse
r
    Used by 9 module(s), i. e.
    javascript/auto|C:\antigra
vity\afse\node_modules\next\di
st\build\webpack\loaders\next-
flight-client-module-loader.js
!C:\antigravity\afse\node_modu
les\next\dist\build\webpack\lo
aders\next-swc-loader.js??rule
Set[1].rules[16].oneOf[6].use[
1]!C:\antigravity\AFSE\node_mo
dules\next\dist\client\compone
nts\router-reducer\reducers\fi
nd-head-in-cache.js|app-pages-
browser
* javascript/auto|C:\antigravi
ty\afse\node_modules\next\dist
\build\webpack\loaders\next-fl
ight-client-module-loader.js!C
:\antigravity\afse\node_module
s\next\dist\build\webpack\load
ers\next-swc-loader.js??ruleSe
t[1].rules[16].oneOf[6].use[1]
!C:\antigravity\afse\node_modu
les\next\dist\client\component
s\router-reducer\create-router
-cache-key.js|app-pages-browse
r
    Used by 10 module(s), i. e
.
    javascript/auto|C:\antigra
vity\afse\node_modules\next\di
st\build\webpack\loaders\next-
flight-client-module-loader.js
!C:\antigravity\afse\node_modu
les\next\dist\build\webpack\lo
aders\next-swc-loader.js??rule
Set[1].rules[16].oneOf[6].use[
1]!C:\antigravity\afse\node_mo
dules\next\dist\client\compone
nts\layout-router.js|app-pages
-browser

Import trace for requested mod
ule:
./node_modules/next/dist/clien
t/components/router-reducer/cr
eate-router-cache-key.js
./node_modules/next/dist/clien
t/components/router-reducer/re
ducers/find-head-in-cache.js
./node_modules/next/dist/clien
t/components/app-router.js
./node_modules/next/dist/clien
t/app-index.js

./node_modules/next/dist/clien
t/components/router-reducer/fe
tch-server-response.js
There are multiple modules wit
h names that only differ in ca
sing.
This can lead to unexpected be
havior when compiling on a fil
esystem with other case-semant
ic.
Use equal casing. Compare thes
e module identifiers:
* javascript/auto|C:\antigravi
ty\afse\node_modules\next\dist
\build\webpack\loaders\next-fl
ight-client-module-loader.js!C
:\antigravity\afse\node_module
s\next\dist\build\webpack\load
ers\next-swc-loader.js??ruleSe
t[1].rules[16].oneOf[6].use[1]
!C:\antigravity\AFSE\node_modu
les\next\dist\client\component
s\router-reducer\fetch-server-
response.js|app-pages-browser
    Used by 6 module(s), i. e.
    javascript/auto|C:\antigra
vity\afse\node_modules\next\di
st\build\webpack\loaders\next-
flight-client-module-loader.js
!C:\antigravity\afse\node_modu
les\next\dist\build\webpack\lo
aders\next-swc-loader.js??rule
Set[1].rules[16].oneOf[6].use[
1]!C:\antigravity\AFSE\node_mo
dules\next\dist\client\compone
nts\router-reducer\prefetch-ca
che-utils.js|app-pages-browser
* javascript/auto|C:\antigravi
ty\afse\node_modules\next\dist
\build\webpack\loaders\next-fl
ight-client-module-loader.js!C
:\antigravity\afse\node_module
s\next\dist\build\webpack\load
ers\next-swc-loader.js??ruleSe
t[1].rules[16].oneOf[6].use[1]
!C:\antigravity\afse\node_modu
les\next\dist\client\component
s\router-reducer\fetch-server-
response.js|app-pages-browser
    Used by 7 module(s), i. e.
    javascript/auto|C:\antigra
vity\afse\node_modules\next\di
st\build\webpack\loaders\next-
flight-client-module-loader.js
!C:\antigravity\afse\node_modu
les\next\dist\build\webpack\lo
aders\next-swc-loader.js??rule
Set[1].rules[16].oneOf[6].use[
1]!C:\antigravity\afse\node_mo
dules\next\dist\client\compone
nts\layout-router.js|app-pages
-browser

Import trace for requested mod
ule:
./node_modules/next/dist/clien
t/components/router-reducer/fe
tch-server-response.js
./node_modules/next/dist/clien
t/components/router-reducer/pr
efetch-cache-utils.js
./node_modules/next/dist/clien
t/components/router-reducer/cr
eate-initial-router-state.js
./node_modules/next/dist/clien
t/app-index.js

./node_modules/next/dist/clien
t/components/router-reducer/fi
ll-cache-with-new-subtree-data
.js
There are multiple modules wit
h names that only differ in ca
sing.
This can lead to unexpected be
havior when compiling on a fil
esystem with other case-semant
ic.
Use equal casing. Compare thes
e module identifiers:
* javascript/auto|C:\antigravi
ty\afse\node_modules\next\dist
\build\webpack\loaders\next-fl
ight-client-module-loader.js!C
:\antigravity\afse\node_module
s\next\dist\build\webpack\load
ers\next-swc-loader.js??ruleSe
t[1].rules[16].oneOf[6].use[1]
!C:\antigravity\AFSE\node_modu
les\next\dist\client\component
s\router-reducer\fill-cache-wi
th-new-subtree-data.js|app-pag
es-browser
    Used by 3 module(s), i. e.
    javascript/auto|C:\antigra
vity\afse\node_modules\next\di
st\build\webpack\loaders\next-
flight-client-module-loader.js
!C:\antigravity\afse\node_modu
les\next\dist\build\webpack\lo
aders\next-swc-loader.js??rule
Set[1].rules[16].oneOf[6].use[
1]!C:\antigravity\AFSE\node_mo
dules\next\dist\client\compone
nts\router-reducer\apply-fligh
t-data.js|app-pages-browser
* javascript/auto|C:\antigravi
ty\afse\node_modules\next\dist
\build\webpack\loaders\next-fl
ight-client-module-loader.js!C
:\antigravity\afse\node_module
s\next\dist\build\webpack\load
ers\next-swc-loader.js??ruleSe
t[1].rules[16].oneOf[6].use[1]
!C:\antigravity\afse\node_modu
les\next\dist\client\component
s\router-reducer\fill-cache-wi
th-new-subtree-data.js|app-pag
es-browser
    Used by 3 module(s), i. e.
    javascript/auto|C:\antigra
vity\afse\node_modules\next\di
st\build\webpack\loaders\next-
flight-client-module-loader.js
!C:\antigravity\afse\node_modu
les\next\dist\build\webpack\lo
aders\next-swc-loader.js??rule
Set[1].rules[16].oneOf[6].use[
1]!C:\antigravity\afse\node_mo
dules\next\dist\client\compone
nts\router-reducer\apply-fligh
t-data.js|app-pages-browser

Import trace for requested mod
ule:
./node_modules/next/dist/clien
t/components/router-reducer/fi
ll-cache-with-new-subtree-data
.js
./node_modules/next/dist/clien
t/components/router-reducer/ap
ply-flight-data.js
./node_modules/next/dist/clien
t/components/router-reducer/re
fetch-inactive-parallel-segmen
ts.js
./node_modules/next/dist/clien
t/components/router-reducer/cr
eate-initial-router-state.js
./node_modules/next/dist/clien
t/app-index.js

./node_modules/next/dist/clien
t/components/router-reducer/fi
ll-lazy-items-till-leaf-with-h
ead.js
There are multiple modules wit
h names that only differ in ca
sing.
This can lead to unexpected be
havior when compiling on a fil
esystem with other case-semant
ic.
Use equal casing. Compare thes
e module identifiers:
* javascript/auto|C:\antigravi
ty\afse\node_modules\next\dist
\build\webpack\loaders\next-fl
ight-client-module-loader.js!C
:\antigravity\afse\node_module
s\next\dist\build\webpack\load
ers\next-swc-loader.js??ruleSe
t[1].rules[16].oneOf[6].use[1]
!C:\antigravity\AFSE\node_modu
les\next\dist\client\component
s\router-reducer\fill-lazy-ite
ms-till-leaf-with-head.js|app-
pages-browser
    Used by 6 module(s), i. e.
    javascript/auto|C:\antigra
vity\afse\node_modules\next\di
st\build\webpack\loaders\next-
flight-client-module-loader.js
!C:\antigravity\afse\node_modu
les\next\dist\build\webpack\lo
aders\next-swc-loader.js??rule
Set[1].rules[16].oneOf[6].use[
1]!C:\antigravity\AFSE\node_mo
dules\next\dist\client\compone
nts\router-reducer\create-init
ial-router-state.js|app-pages-
browser
* javascript/auto|C:\antigravi
ty\afse\node_modules\next\dist
\build\webpack\loaders\next-fl
ight-client-module-loader.js!C
:\antigravity\afse\node_module
s\next\dist\build\webpack\load
ers\next-swc-loader.js??ruleSe
t[1].rules[16].oneOf[6].use[1]
!C:\antigravity\afse\node_modu
les\next\dist\client\component
s\router-reducer\fill-lazy-ite
ms-till-leaf-with-head.js|app-
pages-browser
    Used by 5 module(s), i. e.
    javascript/auto|C:\antigra
vity\afse\node_modules\next\di
st\build\webpack\loaders\next-
flight-client-module-loader.js
!C:\antigravity\afse\node_modu
les\next\dist\build\webpack\lo
aders\next-swc-loader.js??rule
Set[1].rules[16].oneOf[6].use[
1]!C:\antigravity\afse\node_mo
dules\next\dist\client\compone
nts\router-reducer\reducers\re
fresh-reducer.js|app-pages-bro
wser

Import trace for requested mod
ule:
./node_modules/next/dist/clien
t/components/router-reducer/fi
ll-lazy-items-till-leaf-with-h
ead.js
./node_modules/next/dist/clien
t/components/router-reducer/cr
eate-initial-router-state.js
./node_modules/next/dist/clien
t/app-index.js

./node_modules/next/dist/clien
t/components/router-reducer/ha
ndle-mutable.js
There are multiple modules wit
h names that only differ in ca
sing.
This can lead to unexpected be
havior when compiling on a fil
esystem with other case-semant
ic.
Use equal casing. Compare thes
e module identifiers:
* javascript/auto|C:\antigravi
ty\afse\node_modules\next\dist
\build\webpack\loaders\next-fl
ight-client-module-loader.js!C
:\antigravity\afse\node_module
s\next\dist\build\webpack\load
ers\next-swc-loader.js??ruleSe
t[1].rules[16].oneOf[6].use[1]
!C:\antigravity\AFSE\node_modu
les\next\dist\client\component
s\router-reducer\handle-mutabl
e.js|app-pages-browser
    Used by 7 module(s), i. e.
    javascript/auto|C:\antigra
vity\afse\node_modules\next\di
st\build\webpack\loaders\next-
flight-client-module-loader.js
!C:\antigravity\afse\node_modu
les\next\dist\build\webpack\lo
aders\next-swc-loader.js??rule
Set[1].rules[16].oneOf[6].use[
1]!C:\antigravity\AFSE\node_mo
dules\next\dist\client\compone
nts\router-reducer\reducers\na
vigate-reducer.js|app-pages-br
owser
* javascript/auto|C:\antigravi
ty\afse\node_modules\next\dist
\build\webpack\loaders\next-fl
ight-client-module-loader.js!C
:\antigravity\afse\node_module
s\next\dist\build\webpack\load
ers\next-swc-loader.js??ruleSe
t[1].rules[16].oneOf[6].use[1]
!C:\antigravity\afse\node_modu
les\next\dist\client\component
s\router-reducer\handle-mutabl
e.js|app-pages-browser
    Used by 7 module(s), i. e.
    javascript/auto|C:\antigra
vity\afse\node_modules\next\di
st\build\webpack\loaders\next-
flight-client-module-loader.js
!C:\antigravity\afse\node_modu
les\next\dist\build\webpack\lo
aders\next-swc-loader.js??rule
Set[1].rules[16].oneOf[6].use[
1]!C:\antigravity\afse\node_mo
dules\next\dist\client\compone
nts\router-reducer\reducers\na
vigate-reducer.js|app-pages-br
owser

Import trace for requested mod
ule:
./node_modules/next/dist/clien
t/components/router-reducer/ha
ndle-mutable.js
./node_modules/next/dist/clien
t/components/router-reducer/re
ducers/navigate-reducer.js
./node_modules/next/dist/clien
t/components/router-reducer/ro
uter-reducer.js
./node_modules/next/dist/clien
t/components/app-router-instan
ce.js
./node_modules/next/dist/clien
t/app-index.js

./node_modules/next/dist/clien
t/components/router-reducer/ha
ndle-segment-mismatch.js
There are multiple modules wit
h names that only differ in ca
sing.
This can lead to unexpected be
havior when compiling on a fil
esystem with other case-semant
ic.
Use equal casing. Compare thes
e module identifiers:
* javascript/auto|C:\antigravi
ty\afse\node_modules\next\dist
\build\webpack\loaders\next-fl
ight-client-module-loader.js!C
:\antigravity\afse\node_module
s\next\dist\build\webpack\load
ers\next-swc-loader.js??ruleSe
t[1].rules[16].oneOf[6].use[1]
!C:\antigravity\AFSE\node_modu
les\next\dist\client\component
s\router-reducer\handle-segmen
t-mismatch.js|app-pages-browse
r
    Used by 4 module(s), i. e.
    javascript/auto|C:\antigra
vity\afse\node_modules\next\di
st\build\webpack\loaders\next-
flight-client-module-loader.js
!C:\antigravity\afse\node_modu
les\next\dist\build\webpack\lo
aders\next-swc-loader.js??rule
Set[1].rules[16].oneOf[6].use[
1]!C:\antigravity\AFSE\node_mo
dules\next\dist\client\compone
nts\router-reducer\reducers\re
fresh-reducer.js|app-pages-bro
wser
* javascript/auto|C:\antigravi
ty\afse\node_modules\next\dist
\build\webpack\loaders\next-fl
ight-client-module-loader.js!C
:\antigravity\afse\node_module
s\next\dist\build\webpack\load
ers\next-swc-loader.js??ruleSe
t[1].rules[16].oneOf[6].use[1]
!C:\antigravity\afse\node_modu
les\next\dist\client\component
s\router-reducer\handle-segmen
t-mismatch.js|app-pages-browse
r
    Used by 4 module(s), i. e.
    javascript/auto|C:\antigra
vity\afse\node_modules\next\di
st\build\webpack\loaders\next-
flight-client-module-loader.js
!C:\antigravity\afse\node_modu
les\next\dist\build\webpack\lo
aders\next-swc-loader.js??rule
Set[1].rules[16].oneOf[6].use[
1]!C:\antigravity\afse\node_mo
dules\next\dist\client\compone
nts\router-reducer\reducers\re
fresh-reducer.js|app-pages-bro
wser

Import trace for requested mod
ule:
./node_modules/next/dist/clien
t/components/router-reducer/ha
ndle-segment-mismatch.js
./node_modules/next/dist/clien
t/components/router-reducer/re
ducers/refresh-reducer.js
./node_modules/next/dist/clien
t/components/router-reducer/ro
uter-reducer.js
./node_modules/next/dist/clien
t/components/app-router-instan
ce.js
./node_modules/next/dist/clien
t/app-index.js

./node_modules/next/dist/clien
t/components/router-reducer/in
validate-cache-below-flight-se
gmentpath.js
There are multiple modules wit
h names that only differ in ca
sing.
This can lead to unexpected be
havior when compiling on a fil
esystem with other case-semant
ic.
Use equal casing. Compare thes
e module identifiers:
* javascript/auto|C:\antigravi
ty\afse\node_modules\next\dist
\build\webpack\loaders\next-fl
ight-client-module-loader.js!C
:\antigravity\afse\node_module
s\next\dist\build\webpack\load
ers\next-swc-loader.js??ruleSe
t[1].rules[16].oneOf[6].use[1]
!C:\antigravity\AFSE\node_modu
les\next\dist\client\component
s\router-reducer\invalidate-ca
che-below-flight-segmentpath.j
s|app-pages-browser
    Used by 2 module(s), i. e.
    javascript/auto|C:\antigra
vity\afse\node_modules\next\di
st\build\webpack\loaders\next-
flight-client-module-loader.js
!C:\antigravity\afse\node_modu
les\next\dist\build\webpack\lo
aders\next-swc-loader.js??rule
Set[1].rules[16].oneOf[6].use[
1]!C:\antigravity\AFSE\node_mo
dules\next\dist\client\compone
nts\router-reducer\reducers\na
vigate-reducer.js|app-pages-br
owser
* javascript/auto|C:\antigravi
ty\afse\node_modules\next\dist
\build\webpack\loaders\next-fl
ight-client-module-loader.js!C
:\antigravity\afse\node_module
s\next\dist\build\webpack\load
ers\next-swc-loader.js??ruleSe
t[1].rules[16].oneOf[6].use[1]
!C:\antigravity\afse\node_modu
les\next\dist\client\component
s\router-reducer\invalidate-ca
che-below-flight-segmentpath.j
s|app-pages-browser
    Used by 2 module(s), i. e.
    javascript/auto|C:\antigra
vity\afse\node_modules\next\di
st\build\webpack\loaders\next-
flight-client-module-loader.js
!C:\antigravity\afse\node_modu
les\next\dist\build\webpack\lo
aders\next-swc-loader.js??rule
Set[1].rules[16].oneOf[6].use[
1]!C:\antigravity\afse\node_mo
dules\next\dist\client\compone
nts\router-reducer\reducers\na
vigate-reducer.js|app-pages-br
owser

Import trace for requested mod
ule:
./node_modules/next/dist/clien
t/components/router-reducer/in
validate-cache-below-flight-se
gmentpath.js
./node_modules/next/dist/clien
t/components/router-reducer/re
ducers/navigate-reducer.js
./node_modules/next/dist/clien
t/components/router-reducer/ro
uter-reducer.js
./node_modules/next/dist/clien
t/components/app-router-instan
ce.js
./node_modules/next/dist/clien
t/app-index.js

./node_modules/next/dist/clien
t/components/router-reducer/in
validate-cache-by-router-state
.js
There are multiple modules wit
h names that only differ in ca
sing.
This can lead to unexpected be
havior when compiling on a fil
esystem with other case-semant
ic.
Use equal casing. Compare thes
e module identifiers:
* javascript/auto|C:\antigravi
ty\afse\node_modules\next\dist
\build\webpack\loaders\next-fl
ight-client-module-loader.js!C
:\antigravity\afse\node_module
s\next\dist\build\webpack\load
ers\next-swc-loader.js??ruleSe
t[1].rules[16].oneOf[6].use[1]
!C:\antigravity\AFSE\node_modu
les\next\dist\client\component
s\router-reducer\invalidate-ca
che-by-router-state.js|app-pag
es-browser
    Used by 2 module(s), i. e.
    javascript/auto|C:\antigra
vity\afse\node_modules\next\di
st\build\webpack\loaders\next-
flight-client-module-loader.js
!C:\antigravity\afse\node_modu
les\next\dist\build\webpack\lo
aders\next-swc-loader.js??rule
Set[1].rules[16].oneOf[6].use[
1]!C:\antigravity\AFSE\node_mo
dules\next\dist\client\compone
nts\router-reducer\fill-cache-
with-new-subtree-data.js|app-p
ages-browser
* javascript/auto|C:\antigravi
ty\afse\node_modules\next\dist
\build\webpack\loaders\next-fl
ight-client-module-loader.js!C
:\antigravity\afse\node_module
s\next\dist\build\webpack\load
ers\next-swc-loader.js??ruleSe
t[1].rules[16].oneOf[6].use[1]
!C:\antigravity\afse\node_modu
les\next\dist\client\component
s\router-reducer\invalidate-ca
che-by-router-state.js|app-pag
es-browser
    Used by 2 module(s), i. e.
    javascript/auto|C:\antigra
vity\afse\node_modules\next\di
st\build\webpack\loaders\next-
flight-client-module-loader.js
!C:\antigravity\afse\node_modu
les\next\dist\build\webpack\lo
aders\next-swc-loader.js??rule
Set[1].rules[16].oneOf[6].use[
1]!C:\antigravity\afse\node_mo
dules\next\dist\client\compone
nts\router-reducer\fill-cache-
with-new-subtree-data.js|app-p
ages-browser

Import trace for requested mod
ule:
./node_modules/next/dist/clien
t/components/router-reducer/in
validate-cache-by-router-state
.js
./node_modules/next/dist/clien
t/components/router-reducer/fi
ll-cache-with-new-subtree-data
.js
./node_modules/next/dist/clien
t/components/router-reducer/ap
ply-flight-data.js
./node_modules/next/dist/clien
t/components/router-reducer/re
fetch-inactive-parallel-segmen
ts.js
./node_modules/next/dist/clien
t/components/router-reducer/cr
eate-initial-router-state.js
./node_modules/next/dist/clien
t/app-index.js

./node_modules/next/dist/clien
t/components/router-reducer/is
-navigating-to-new-root-layout
.js
There are multiple modules wit
h names that only differ in ca
sing.
This can lead to unexpected be
havior when compiling on a fil
esystem with other case-semant
ic.
Use equal casing. Compare thes
e module identifiers:
* javascript/auto|C:\antigravi
ty\afse\node_modules\next\dist
\build\webpack\loaders\next-fl
ight-client-module-loader.js!C
:\antigravity\afse\node_module
s\next\dist\build\webpack\load
ers\next-swc-loader.js??ruleSe
t[1].rules[16].oneOf[6].use[1]
!C:\antigravity\AFSE\node_modu
les\next\dist\client\component
s\router-reducer\is-navigating
-to-new-root-layout.js|app-pag
es-browser
    Used by 7 module(s), i. e.
    javascript/auto|C:\antigra
vity\afse\node_modules\next\di
st\build\webpack\loaders\next-
flight-client-module-loader.js
!C:\antigravity\afse\node_modu
les\next\dist\build\webpack\lo
aders\next-swc-loader.js??rule
Set[1].rules[16].oneOf[6].use[
1]!C:\antigravity\AFSE\node_mo
dules\next\dist\client\compone
nts\router-reducer\reducers\na
vigate-reducer.js|app-pages-br
owser
* javascript/auto|C:\antigravi
ty\afse\node_modules\next\dist
\build\webpack\loaders\next-fl
ight-client-module-loader.js!C
:\antigravity\afse\node_module
s\next\dist\build\webpack\load
ers\next-swc-loader.js??ruleSe
t[1].rules[16].oneOf[6].use[1]
!C:\antigravity\afse\node_modu
les\next\dist\client\component
s\router-reducer\is-navigating
-to-new-root-layout.js|app-pag
es-browser
    Used by 7 module(s), i. e.
    javascript/auto|C:\antigra
vity\afse\node_modules\next\di
st\build\webpack\loaders\next-
flight-client-module-loader.js
!C:\antigravity\afse\node_modu
les\next\dist\build\webpack\lo
aders\next-swc-loader.js??rule
Set[1].rules[16].oneOf[6].use[
1]!C:\antigravity\afse\node_mo
dules\next\dist\client\compone
nts\router-reducer\reducers\na
vigate-reducer.js|app-pages-br
owser

Import trace for requested mod
ule:
./node_modules/next/dist/clien
t/components/router-reducer/is
-navigating-to-new-root-layout
.js
./node_modules/next/dist/clien
t/components/router-reducer/re
ducers/navigate-reducer.js
./node_modules/next/dist/clien
t/components/router-reducer/ro
uter-reducer.js
./node_modules/next/dist/clien
t/components/app-router-instan
ce.js
./node_modules/next/dist/clien
t/app-index.js

./node_modules/next/dist/clien
t/components/router-reducer/pp
r-navigations.js
There are multiple modules wit
h names that only differ in ca
sing.
This can lead to unexpected be
havior when compiling on a fil
esystem with other case-semant
ic.
Use equal casing. Compare thes
e module identifiers:
* javascript/auto|C:\antigravi
ty\afse\node_modules\next\dist
\build\webpack\loaders\next-fl
ight-client-module-loader.js!C
:\antigravity\afse\node_module
s\next\dist\build\webpack\load
ers\next-swc-loader.js??ruleSe
t[1].rules[16].oneOf[6].use[1]
!C:\antigravity\AFSE\node_modu
les\next\dist\client\component
s\router-reducer\ppr-navigatio
ns.js|app-pages-browser
    Used by 3 module(s), i. e.
    javascript/auto|C:\antigra
vity\afse\node_modules\next\di
st\build\webpack\loaders\next-
flight-client-module-loader.js
!C:\antigravity\afse\node_modu
les\next\dist\build\webpack\lo
aders\next-swc-loader.js??rule
Set[1].rules[16].oneOf[6].use[
1]!C:\antigravity\AFSE\node_mo
dules\next\dist\client\compone
nts\router-reducer\reducers\na
vigate-reducer.js|app-pages-br
owser
* javascript/auto|C:\antigravi
ty\afse\node_modules\next\dist
\build\webpack\loaders\next-fl
ight-client-module-loader.js!C
:\antigravity\afse\node_module
s\next\dist\build\webpack\load
ers\next-swc-loader.js??ruleSe
t[1].rules[16].oneOf[6].use[1]
!C:\antigravity\afse\node_modu
les\next\dist\client\component
s\router-reducer\ppr-navigatio
ns.js|app-pages-browser
    Used by 3 module(s), i. e.
    javascript/auto|C:\antigra
vity\afse\node_modules\next\di
st\build\webpack\loaders\next-
flight-client-module-loader.js
!C:\antigravity\afse\node_modu
les\next\dist\build\webpack\lo
aders\next-swc-loader.js??rule
Set[1].rules[16].oneOf[6].use[
1]!C:\antigravity\afse\node_mo
dules\next\dist\client\compone
nts\router-reducer\reducers\na
vigate-reducer.js|app-pages-br
owser

Import trace for requested mod
ule:
./node_modules/next/dist/clien
t/components/router-reducer/pp
r-navigations.js
./node_modules/next/dist/clien
t/components/router-reducer/re
ducers/navigate-reducer.js
./node_modules/next/dist/clien
t/components/router-reducer/ro
uter-reducer.js
./node_modules/next/dist/clien
t/components/app-router-instan
ce.js
./node_modules/next/dist/clien
t/app-index.js

./node_modules/next/dist/clien
t/components/router-reducer/pr
efetch-cache-utils.js
There are multiple modules wit
h names that only differ in ca
sing.
This can lead to unexpected be
havior when compiling on a fil
esystem with other case-semant
ic.
Use equal casing. Compare thes
e module identifiers:
* javascript/auto|C:\antigravi
ty\afse\node_modules\next\dist
\build\webpack\loaders\next-fl
ight-client-module-loader.js!C
:\antigravity\afse\node_module
s\next\dist\build\webpack\load
ers\next-swc-loader.js??ruleSe
t[1].rules[16].oneOf[6].use[1]
!C:\antigravity\AFSE\node_modu
les\next\dist\client\component
s\router-reducer\prefetch-cach
e-utils.js|app-pages-browser
    Used by 6 module(s), i. e.
    javascript/auto|C:\antigra
vity\afse\node_modules\next\di
st\build\webpack\loaders\next-
flight-client-module-loader.js
!C:\antigravity\afse\node_modu
les\next\dist\build\webpack\lo
aders\next-swc-loader.js??rule
Set[1].rules[16].oneOf[6].use[
1]!C:\antigravity\AFSE\node_mo
dules\next\dist\client\compone
nts\router-reducer\create-init
ial-router-state.js|app-pages-
browser
* javascript/auto|C:\antigravi
ty\afse\node_modules\next\dist
\build\webpack\loaders\next-fl
ight-client-module-loader.js!C
:\antigravity\afse\node_module
s\next\dist\build\webpack\load
ers\next-swc-loader.js??ruleSe
t[1].rules[16].oneOf[6].use[1]
!C:\antigravity\afse\node_modu
les\next\dist\client\component
s\router-reducer\prefetch-cach
e-utils.js|app-pages-browser
    Used by 5 module(s), i. e.
    javascript/auto|C:\antigra
vity\afse\node_modules\next\di
st\build\webpack\loaders\next-
flight-client-module-loader.js
!C:\antigravity\afse\node_modu
les\next\dist\build\webpack\lo
aders\next-swc-loader.js??rule
Set[1].rules[16].oneOf[6].use[
1]!C:\antigravity\afse\node_mo
dules\next\dist\client\compone
nts\router-reducer\reducers\pr
efetch-reducer.js|app-pages-br
owser

Import trace for requested mod
ule:
./node_modules/next/dist/clien
t/components/router-reducer/pr
efetch-cache-utils.js
./node_modules/next/dist/clien
t/components/router-reducer/cr
eate-initial-router-state.js
./node_modules/next/dist/clien
t/app-index.js

./node_modules/next/dist/clien
t/components/router-reducer/re
ducers/find-head-in-cache.js
There are multiple modules wit
h names that only differ in ca
sing.
This can lead to unexpected be
havior when compiling on a fil
esystem with other case-semant
ic.
Use equal casing. Compare thes
e module identifiers:
* javascript/auto|C:\antigravi
ty\afse\node_modules\next\dist
\build\webpack\loaders\next-fl
ight-client-module-loader.js!C
:\antigravity\afse\node_module
s\next\dist\build\webpack\load
ers\next-swc-loader.js??ruleSe
t[1].rules[16].oneOf[6].use[1]
!C:\antigravity\AFSE\node_modu
les\next\dist\client\component
s\router-reducer\reducers\find
-head-in-cache.js|app-pages-br
owser
    Used by 2 module(s), i. e.
    javascript/auto|C:\antigra
vity\afse\node_modules\next\di
st\build\webpack\loaders\next-
flight-client-module-loader.js
!C:\antigravity\afse\node_modu
les\next\dist\build\webpack\lo
aders\next-swc-loader.js??rule
Set[1].rules[16].oneOf[6].use[
1]!C:\antigravity\AFSE\node_mo
dules\next\dist\client\compone
nts\app-router.js|app-pages-br
owser
* javascript/auto|C:\antigravi
ty\afse\node_modules\next\dist
\build\webpack\loaders\next-fl
ight-client-module-loader.js!C
:\antigravity\afse\node_module
s\next\dist\build\webpack\load
ers\next-swc-loader.js??ruleSe
t[1].rules[16].oneOf[6].use[1]
!C:\antigravity\afse\node_modu
les\next\dist\client\component
s\router-reducer\reducers\find
-head-in-cache.js|app-pages-br
owser
    Used by 2 module(s), i. e.
    javascript/auto|C:\antigra
vity\afse\node_modules\next\di
st\build\webpack\loaders\next-
flight-client-module-loader.js
!C:\antigravity\afse\node_modu
les\next\dist\build\webpack\lo
aders\next-swc-loader.js??rule
Set[1].rules[16].oneOf[6].use[
1]!C:\antigravity\afse\node_mo
dules\next\dist\client\compone
nts\app-router.js|app-pages-br
owser

Import trace for requested mod
ule:
./node_modules/next/dist/clien
t/components/router-reducer/re
ducers/find-head-in-cache.js
./node_modules/next/dist/clien
t/components/app-router.js
./node_modules/next/dist/clien
t/app-index.js

./node_modules/next/dist/clien
t/components/router-reducer/re
ducers/get-segment-value.js
There are multiple modules wit
h names that only differ in ca
sing.
This can lead to unexpected be
havior when compiling on a fil
esystem with other case-semant
ic.
Use equal casing. Compare thes
e module identifiers:
* javascript/auto|C:\antigravi
ty\afse\node_modules\next\dist
\build\webpack\loaders\next-fl
ight-client-module-loader.js!C
:\antigravity\afse\node_module
s\next\dist\build\webpack\load
ers\next-swc-loader.js??ruleSe
t[1].rules[16].oneOf[6].use[1]
!C:\antigravity\AFSE\node_modu
les\next\dist\client\component
s\router-reducer\reducers\get-
segment-value.js|app-pages-bro
wser
    Used by 2 module(s), i. e.
    javascript/auto|C:\antigra
vity\afse\node_modules\next\di
st\build\webpack\loaders\next-
flight-client-module-loader.js
!C:\antigravity\afse\node_modu
les\next\dist\build\webpack\lo
aders\next-swc-loader.js??rule
Set[1].rules[16].oneOf[6].use[
1]!C:\antigravity\AFSE\node_mo
dules\next\dist\client\compone
nts\navigation.js|app-pages-br
owser
* javascript/auto|C:\antigravi
ty\afse\node_modules\next\dist
\build\webpack\loaders\next-fl
ight-client-module-loader.js!C
:\antigravity\afse\node_module
s\next\dist\build\webpack\load
ers\next-swc-loader.js??ruleSe
t[1].rules[16].oneOf[6].use[1]
!C:\antigravity\afse\node_modu
les\next\dist\client\component
s\router-reducer\reducers\get-
segment-value.js|app-pages-bro
wser
    Used by 2 module(s), i. e.
    javascript/auto|C:\antigra
vity\afse\node_modules\next\di
st\build\webpack\loaders\next-
flight-client-module-loader.js
!C:\antigravity\afse\node_modu
les\next\dist\build\webpack\lo
aders\next-swc-loader.js??rule
Set[1].rules[16].oneOf[6].use[
1]!C:\antigravity\afse\node_mo
dules\next\dist\client\compone
nts\navigation.js|app-pages-br
owser

Import trace for requested mod
ule:
./node_modules/next/dist/clien
t/components/router-reducer/re
ducers/get-segment-value.js
./node_modules/next/dist/clien
t/components/navigation.js
./node_modules/next/dist/clien
t/components/redirect-boundary
.js
./node_modules/next/dist/clien
t/components/app-router.js
./node_modules/next/dist/clien
t/app-index.js

./node_modules/next/dist/clien
t/components/router-reducer/re
ducers/has-interception-route-
in-current-tree.js
There are multiple modules wit
h names that only differ in ca
sing.
This can lead to unexpected be
havior when compiling on a fil
esystem with other case-semant
ic.
Use equal casing. Compare thes
e module identifiers:
* javascript/auto|C:\antigravi
ty\afse\node_modules\next\dist
\build\webpack\loaders\next-fl
ight-client-module-loader.js!C
:\antigravity\afse\node_module
s\next\dist\build\webpack\load
ers\next-swc-loader.js??ruleSe
t[1].rules[16].oneOf[6].use[1]
!C:\antigravity\AFSE\node_modu
les\next\dist\client\component
s\router-reducer\reducers\has-
interception-route-in-current-
tree.js|app-pages-browser
    Used by 4 module(s), i. e.
    javascript/auto|C:\antigra
vity\afse\node_modules\next\di
st\build\webpack\loaders\next-
flight-client-module-loader.js
!C:\antigravity\afse\node_modu
les\next\dist\build\webpack\lo
aders\next-swc-loader.js??rule
Set[1].rules[16].oneOf[6].use[
1]!C:\antigravity\AFSE\node_mo
dules\next\dist\client\compone
nts\router-reducer\reducers\re
fresh-reducer.js|app-pages-bro
wser
* javascript/auto|C:\antigravi
ty\afse\node_modules\next\dist
\build\webpack\loaders\next-fl
ight-client-module-loader.js!C
:\antigravity\afse\node_module
s\next\dist\build\webpack\load
ers\next-swc-loader.js??ruleSe
t[1].rules[16].oneOf[6].use[1]
!C:\antigravity\afse\node_modu
les\next\dist\client\component
s\router-reducer\reducers\has-
interception-route-in-current-
tree.js|app-pages-browser
    Used by 5 module(s), i. e.
    javascript/auto|C:\antigra
vity\afse\node_modules\next\di
st\build\webpack\loaders\next-
flight-client-module-loader.js
!C:\antigravity\afse\node_modu
les\next\dist\build\webpack\lo
aders\next-swc-loader.js??rule
Set[1].rules[16].oneOf[6].use[
1]!C:\antigravity\afse\node_mo
dules\next\dist\client\compone
nts\layout-router.js|app-pages
-browser

Import trace for requested mod
ule:
./node_modules/next/dist/clien
t/components/router-reducer/re
ducers/has-interception-route-
in-current-tree.js
./node_modules/next/dist/clien
t/components/router-reducer/re
ducers/refresh-reducer.js
./node_modules/next/dist/clien
t/components/router-reducer/ro
uter-reducer.js
./node_modules/next/dist/clien
t/components/app-router-instan
ce.js
./node_modules/next/dist/clien
t/app-index.js

./node_modules/next/dist/clien
t/components/router-reducer/re
ducers/hmr-refresh-reducer.js
There are multiple modules wit
h names that only differ in ca
sing.
This can lead to unexpected be
havior when compiling on a fil
esystem with other case-semant
ic.
Use equal casing. Compare thes
e module identifiers:
* javascript/auto|C:\antigravi
ty\afse\node_modules\next\dist
\build\webpack\loaders\next-fl
ight-client-module-loader.js!C
:\antigravity\afse\node_module
s\next\dist\build\webpack\load
ers\next-swc-loader.js??ruleSe
t[1].rules[16].oneOf[6].use[1]
!C:\antigravity\AFSE\node_modu
les\next\dist\client\component
s\router-reducer\reducers\hmr-
refresh-reducer.js|app-pages-b
rowser
    Used by 2 module(s), i. e.
    javascript/auto|C:\antigra
vity\afse\node_modules\next\di
st\build\webpack\loaders\next-
flight-client-module-loader.js
!C:\antigravity\afse\node_modu
les\next\dist\build\webpack\lo
aders\next-swc-loader.js??rule
Set[1].rules[16].oneOf[6].use[
1]!C:\antigravity\AFSE\node_mo
dules\next\dist\client\compone
nts\router-reducer\router-redu
cer.js|app-pages-browser
* javascript/auto|C:\antigravi
ty\afse\node_modules\next\dist
\build\webpack\loaders\next-fl
ight-client-module-loader.js!C
:\antigravity\afse\node_module
s\next\dist\build\webpack\load
ers\next-swc-loader.js??ruleSe
t[1].rules[16].oneOf[6].use[1]
!C:\antigravity\afse\node_modu
les\next\dist\client\component
s\router-reducer\reducers\hmr-
refresh-reducer.js|app-pages-b
rowser
    Used by 2 module(s), i. e.
    javascript/auto|C:\antigra
vity\afse\node_modules\next\di
st\build\webpack\loaders\next-
flight-client-module-loader.js
!C:\antigravity\afse\node_modu
les\next\dist\build\webpack\lo
aders\next-swc-loader.js??rule
Set[1].rules[16].oneOf[6].use[
1]!C:\antigravity\afse\node_mo
dules\next\dist\client\compone
nts\router-reducer\router-redu
cer.js|app-pages-browser

Import trace for requested mod
ule:
./node_modules/next/dist/clien
t/components/router-reducer/re
ducers/hmr-refresh-reducer.js
./node_modules/next/dist/clien
t/components/router-reducer/ro
uter-reducer.js
./node_modules/next/dist/clien
t/components/app-router-instan
ce.js
./node_modules/next/dist/clien
t/app-index.js

./node_modules/next/dist/clien
t/components/router-reducer/re
ducers/navigate-reducer.js
There are multiple modules wit
h names that only differ in ca
sing.
This can lead to unexpected be
havior when compiling on a fil
esystem with other case-semant
ic.
Use equal casing. Compare thes
e module identifiers:
* javascript/auto|C:\antigravi
ty\afse\node_modules\next\dist
\build\webpack\loaders\next-fl
ight-client-module-loader.js!C
:\antigravity\afse\node_module
s\next\dist\build\webpack\load
ers\next-swc-loader.js??ruleSe
t[1].rules[16].oneOf[6].use[1]
!C:\antigravity\AFSE\node_modu
les\next\dist\client\component
s\router-reducer\reducers\navi
gate-reducer.js|app-pages-brow
ser
    Used by 8 module(s), i. e.
    javascript/auto|C:\antigra
vity\afse\node_modules\next\di
st\build\webpack\loaders\next-
flight-client-module-loader.js
!C:\antigravity\afse\node_modu
les\next\dist\build\webpack\lo
aders\next-swc-loader.js??rule
Set[1].rules[16].oneOf[6].use[
1]!C:\antigravity\AFSE\node_mo
dules\next\dist\client\compone
nts\router-reducer\router-redu
cer.js|app-pages-browser
* javascript/auto|C:\antigravi
ty\afse\node_modules\next\dist
\build\webpack\loaders\next-fl
ight-client-module-loader.js!C
:\antigravity\afse\node_module
s\next\dist\build\webpack\load
ers\next-swc-loader.js??ruleSe
t[1].rules[16].oneOf[6].use[1]
!C:\antigravity\afse\node_modu
les\next\dist\client\component
s\router-reducer\reducers\navi
gate-reducer.js|app-pages-brow
ser
    Used by 8 module(s), i. e.
    javascript/auto|C:\antigra
vity\afse\node_modules\next\di
st\build\webpack\loaders\next-
flight-client-module-loader.js
!C:\antigravity\afse\node_modu
les\next\dist\build\webpack\lo
aders\next-swc-loader.js??rule
Set[1].rules[16].oneOf[6].use[
1]!C:\antigravity\afse\node_mo
dules\next\dist\client\compone
nts\router-reducer\router-redu
cer.js|app-pages-browser

Import trace for requested mod
ule:
./node_modules/next/dist/clien
t/components/router-reducer/re
ducers/navigate-reducer.js
./node_modules/next/dist/clien
t/components/router-reducer/ro
uter-reducer.js
./node_modules/next/dist/clien
t/components/app-router-instan
ce.js
./node_modules/next/dist/clien
t/app-index.js

./node_modules/next/dist/clien
t/components/router-reducer/re
ducers/prefetch-reducer.js
There are multiple modules wit
h names that only differ in ca
sing.
This can lead to unexpected be
havior when compiling on a fil
esystem with other case-semant
ic.
Use equal casing. Compare thes
e module identifiers:
* javascript/auto|C:\antigravi
ty\afse\node_modules\next\dist
\build\webpack\loaders\next-fl
ight-client-module-loader.js!C
:\antigravity\afse\node_module
s\next\dist\build\webpack\load
ers\next-swc-loader.js??ruleSe
t[1].rules[16].oneOf[6].use[1]
!C:\antigravity\AFSE\node_modu
les\next\dist\client\component
s\router-reducer\reducers\pref
etch-reducer.js|app-pages-brow
ser
    Used by 5 module(s), i. e.
    javascript/auto|C:\antigra
vity\afse\node_modules\next\di
st\build\webpack\loaders\next-
flight-client-module-loader.js
!C:\antigravity\afse\node_modu
les\next\dist\build\webpack\lo
aders\next-swc-loader.js??rule
Set[1].rules[16].oneOf[6].use[
1]!C:\antigravity\AFSE\node_mo
dules\next\dist\client\compone
nts\app-router-instance.js|app
-pages-browser
* javascript/auto|C:\antigravi
ty\afse\node_modules\next\dist
\build\webpack\loaders\next-fl
ight-client-module-loader.js!C
:\antigravity\afse\node_module
s\next\dist\build\webpack\load
ers\next-swc-loader.js??ruleSe
t[1].rules[16].oneOf[6].use[1]
!C:\antigravity\afse\node_modu
les\next\dist\client\component
s\router-reducer\reducers\pref
etch-reducer.js|app-pages-brow
ser
    Used by 5 module(s), i. e.
    javascript/auto|C:\antigra
vity\afse\node_modules\next\di
st\build\webpack\loaders\next-
flight-client-module-loader.js
!C:\antigravity\afse\node_modu
les\next\dist\build\webpack\lo
aders\next-swc-loader.js??rule
Set[1].rules[16].oneOf[6].use[
1]!C:\antigravity\afse\node_mo
dules\next\dist\client\compone
nts\app-router-instance.js|app
-pages-browser

Import trace for requested mod
ule:
./node_modules/next/dist/clien
t/components/router-reducer/re
ducers/prefetch-reducer.js
./node_modules/next/dist/clien
t/components/app-router-instan
ce.js
./node_modules/next/dist/clien
t/app-index.js

./node_modules/next/dist/clien
t/components/router-reducer/re
ducers/refresh-reducer.js
There are multiple modules wit
h names that only differ in ca
sing.
This can lead to unexpected be
havior when compiling on a fil
esystem with other case-semant
ic.
Use equal casing. Compare thes
e module identifiers:
* javascript/auto|C:\antigravi
ty\afse\node_modules\next\dist
\build\webpack\loaders\next-fl
ight-client-module-loader.js!C
:\antigravity\afse\node_module
s\next\dist\build\webpack\load
ers\next-swc-loader.js??ruleSe
t[1].rules[16].oneOf[6].use[1]
!C:\antigravity\AFSE\node_modu
les\next\dist\client\component
s\router-reducer\reducers\refr
esh-reducer.js|app-pages-brows
er
    Used by 2 module(s), i. e.
    javascript/auto|C:\antigra
vity\afse\node_modules\next\di
st\build\webpack\loaders\next-
flight-client-module-loader.js
!C:\antigravity\afse\node_modu
les\next\dist\build\webpack\lo
aders\next-swc-loader.js??rule
Set[1].rules[16].oneOf[6].use[
1]!C:\antigravity\AFSE\node_mo
dules\next\dist\client\compone
nts\router-reducer\router-redu
cer.js|app-pages-browser
* javascript/auto|C:\antigravi
ty\afse\node_modules\next\dist
\build\webpack\loaders\next-fl
ight-client-module-loader.js!C
:\antigravity\afse\node_module
s\next\dist\build\webpack\load
ers\next-swc-loader.js??ruleSe
t[1].rules[16].oneOf[6].use[1]
!C:\antigravity\afse\node_modu
les\next\dist\client\component
s\router-reducer\reducers\refr
esh-reducer.js|app-pages-brows
er
    Used by 2 module(s), i. e.
    javascript/auto|C:\antigra
vity\afse\node_modules\next\di
st\build\webpack\loaders\next-
flight-client-module-loader.js
!C:\antigravity\afse\node_modu
les\next\dist\build\webpack\lo
aders\next-swc-loader.js??rule
Set[1].rules[16].oneOf[6].use[
1]!C:\antigravity\afse\node_mo
dules\next\dist\client\compone
nts\router-reducer\router-redu
cer.js|app-pages-browser

Import trace for requested mod
ule:
./node_modules/next/dist/clien
t/components/router-reducer/re
ducers/refresh-reducer.js
./node_modules/next/dist/clien
t/components/router-reducer/ro
uter-reducer.js
./node_modules/next/dist/clien
t/components/app-router-instan
ce.js
./node_modules/next/dist/clien
t/app-index.js

./node_modules/next/dist/clien
t/components/router-reducer/re
ducers/restore-reducer.js
There are multiple modules wit
h names that only differ in ca
sing.
This can lead to unexpected be
havior when compiling on a fil
esystem with other case-semant
ic.
Use equal casing. Compare thes
e module identifiers:
* javascript/auto|C:\antigravi
ty\afse\node_modules\next\dist
\build\webpack\loaders\next-fl
ight-client-module-loader.js!C
:\antigravity\afse\node_module
s\next\dist\build\webpack\load
ers\next-swc-loader.js??ruleSe
t[1].rules[16].oneOf[6].use[1]
!C:\antigravity\AFSE\node_modu
les\next\dist\client\component
s\router-reducer\reducers\rest
ore-reducer.js|app-pages-brows
er
    Used by 2 module(s), i. e.
    javascript/auto|C:\antigra
vity\afse\node_modules\next\di
st\build\webpack\loaders\next-
flight-client-module-loader.js
!C:\antigravity\afse\node_modu
les\next\dist\build\webpack\lo
aders\next-swc-loader.js??rule
Set[1].rules[16].oneOf[6].use[
1]!C:\antigravity\AFSE\node_mo
dules\next\dist\client\compone
nts\router-reducer\router-redu
cer.js|app-pages-browser
* javascript/auto|C:\antigravi
ty\afse\node_modules\next\dist
\build\webpack\loaders\next-fl
ight-client-module-loader.js!C
:\antigravity\afse\node_module
s\next\dist\build\webpack\load
ers\next-swc-loader.js??ruleSe
t[1].rules[16].oneOf[6].use[1]
!C:\antigravity\afse\node_modu
les\next\dist\client\component
s\router-reducer\reducers\rest
ore-reducer.js|app-pages-brows
er
    Used by 2 module(s), i. e.
    javascript/auto|C:\antigra
vity\afse\node_modules\next\di
st\build\webpack\loaders\next-
flight-client-module-loader.js
!C:\antigravity\afse\node_modu
les\next\dist\build\webpack\lo
aders\next-swc-loader.js??rule
Set[1].rules[16].oneOf[6].use[
1]!C:\antigravity\afse\node_mo
dules\next\dist\client\compone
nts\router-reducer\router-redu
cer.js|app-pages-browser

Import trace for requested mod
ule:
./node_modules/next/dist/clien
t/components/router-reducer/re
ducers/restore-reducer.js
./node_modules/next/dist/clien
t/components/router-reducer/ro
uter-reducer.js
./node_modules/next/dist/clien
t/components/app-router-instan
ce.js
./node_modules/next/dist/clien
t/app-index.js

./node_modules/next/dist/clien
t/components/router-reducer/re
ducers/server-action-reducer.j
s
There are multiple modules wit
h names that only differ in ca
sing.
This can lead to unexpected be
havior when compiling on a fil
esystem with other case-semant
ic.
Use equal casing. Compare thes
e module identifiers:
* javascript/auto|C:\antigravi
ty\afse\node_modules\next\dist
\build\webpack\loaders\next-fl
ight-client-module-loader.js!C
:\antigravity\afse\node_module
s\next\dist\build\webpack\load
ers\next-swc-loader.js??ruleSe
t[1].rules[16].oneOf[6].use[1]
!C:\antigravity\AFSE\node_modu
les\next\dist\client\component
s\router-reducer\reducers\serv
er-action-reducer.js|app-pages
-browser
    Used by 2 module(s), i. e.
    javascript/auto|C:\antigra
vity\afse\node_modules\next\di
st\build\webpack\loaders\next-
flight-client-module-loader.js
!C:\antigravity\afse\node_modu
les\next\dist\build\webpack\lo
aders\next-swc-loader.js??rule
Set[1].rules[16].oneOf[6].use[
1]!C:\antigravity\AFSE\node_mo
dules\next\dist\client\compone
nts\router-reducer\router-redu
cer.js|app-pages-browser
* javascript/auto|C:\antigravi
ty\afse\node_modules\next\dist
\build\webpack\loaders\next-fl
ight-client-module-loader.js!C
:\antigravity\afse\node_module
s\next\dist\build\webpack\load
ers\next-swc-loader.js??ruleSe
t[1].rules[16].oneOf[6].use[1]
!C:\antigravity\afse\node_modu
les\next\dist\client\component
s\router-reducer\reducers\serv
er-action-reducer.js|app-pages
-browser
    Used by 2 module(s), i. e.
    javascript/auto|C:\antigra
vity\afse\node_modules\next\di
st\build\webpack\loaders\next-
flight-client-module-loader.js
!C:\antigravity\afse\node_modu
les\next\dist\build\webpack\lo
aders\next-swc-loader.js??rule
Set[1].rules[16].oneOf[6].use[
1]!C:\antigravity\afse\node_mo
dules\next\dist\client\compone
nts\router-reducer\router-redu
cer.js|app-pages-browser

Import trace for requested mod
ule:
./node_modules/next/dist/clien
t/components/router-reducer/re
ducers/server-action-reducer.j
s
./node_modules/next/dist/clien
t/components/router-reducer/ro
uter-reducer.js
./node_modules/next/dist/clien
t/components/app-router-instan
ce.js
./node_modules/next/dist/clien
t/app-index.js

./node_modules/next/dist/clien
t/components/router-reducer/re
ducers/server-patch-reducer.js
There are multiple modules wit
h names that only differ in ca
sing.
This can lead to unexpected be
havior when compiling on a fil
esystem with other case-semant
ic.
Use equal casing. Compare thes
e module identifiers:
* javascript/auto|C:\antigravi
ty\afse\node_modules\next\dist
\build\webpack\loaders\next-fl
ight-client-module-loader.js!C
:\antigravity\afse\node_module
s\next\dist\build\webpack\load
ers\next-swc-loader.js??ruleSe
t[1].rules[16].oneOf[6].use[1]
!C:\antigravity\AFSE\node_modu
les\next\dist\client\component
s\router-reducer\reducers\serv
er-patch-reducer.js|app-pages-
browser
    Used by 2 module(s), i. e.
    javascript/auto|C:\antigra
vity\afse\node_modules\next\di
st\build\webpack\loaders\next-
flight-client-module-loader.js
!C:\antigravity\afse\node_modu
les\next\dist\build\webpack\lo
aders\next-swc-loader.js??rule
Set[1].rules[16].oneOf[6].use[
1]!C:\antigravity\AFSE\node_mo
dules\next\dist\client\compone
nts\router-reducer\router-redu
cer.js|app-pages-browser
* javascript/auto|C:\antigravi
ty\afse\node_modules\next\dist
\build\webpack\loaders\next-fl
ight-client-module-loader.js!C
:\antigravity\afse\node_module
s\next\dist\build\webpack\load
ers\next-swc-loader.js??ruleSe
t[1].rules[16].oneOf[6].use[1]
!C:\antigravity\afse\node_modu
les\next\dist\client\component
s\router-reducer\reducers\serv
er-patch-reducer.js|app-pages-
browser
    Used by 2 module(s), i. e.
    javascript/auto|C:\antigra
vity\afse\node_modules\next\di
st\build\webpack\loaders\next-
flight-client-module-loader.js
!C:\antigravity\afse\node_modu
les\next\dist\build\webpack\lo
aders\next-swc-loader.js??rule
Set[1].rules[16].oneOf[6].use[
1]!C:\antigravity\afse\node_mo
dules\next\dist\client\compone
nts\router-reducer\router-redu
cer.js|app-pages-browser

Import trace for requested mod
ule:
./node_modules/next/dist/clien
t/components/router-reducer/re
ducers/server-patch-reducer.js
./node_modules/next/dist/clien
t/components/router-reducer/ro
uter-reducer.js
./node_modules/next/dist/clien
t/components/app-router-instan
ce.js
./node_modules/next/dist/clien
t/app-index.js

./node_modules/next/dist/clien
t/components/router-reducer/re
fetch-inactive-parallel-segmen
ts.js
There are multiple modules wit
h names that only differ in ca
sing.
This can lead to unexpected be
havior when compiling on a fil
esystem with other case-semant
ic.
Use equal casing. Compare thes
e module identifiers:
* javascript/auto|C:\antigravi
ty\afse\node_modules\next\dist
\build\webpack\loaders\next-fl
ight-client-module-loader.js!C
:\antigravity\afse\node_module
s\next\dist\build\webpack\load
ers\next-swc-loader.js??ruleSe
t[1].rules[16].oneOf[6].use[1]
!C:\antigravity\AFSE\node_modu
les\next\dist\client\component
s\router-reducer\refetch-inact
ive-parallel-segments.js|app-p
ages-browser
    Used by 5 module(s), i. e.
    javascript/auto|C:\antigra
vity\afse\node_modules\next\di
st\build\webpack\loaders\next-
flight-client-module-loader.js
!C:\antigravity\afse\node_modu
les\next\dist\build\webpack\lo
aders\next-swc-loader.js??rule
Set[1].rules[16].oneOf[6].use[
1]!C:\antigravity\AFSE\node_mo
dules\next\dist\client\compone
nts\router-reducer\create-init
ial-router-state.js|app-pages-
browser
* javascript/auto|C:\antigravi
ty\afse\node_modules\next\dist
\build\webpack\loaders\next-fl
ight-client-module-loader.js!C
:\antigravity\afse\node_module
s\next\dist\build\webpack\load
ers\next-swc-loader.js??ruleSe
t[1].rules[16].oneOf[6].use[1]
!C:\antigravity\afse\node_modu
les\next\dist\client\component
s\router-reducer\refetch-inact
ive-parallel-segments.js|app-p
ages-browser
    Used by 4 module(s), i. e.
    javascript/auto|C:\antigra
vity\afse\node_modules\next\di
st\build\webpack\loaders\next-
flight-client-module-loader.js
!C:\antigravity\afse\node_modu
les\next\dist\build\webpack\lo
aders\next-swc-loader.js??rule
Set[1].rules[16].oneOf[6].use[
1]!C:\antigravity\afse\node_mo
dules\next\dist\client\compone
nts\router-reducer\reducers\re
fresh-reducer.js|app-pages-bro
wser

Import trace for requested mod
ule:
./node_modules/next/dist/clien
t/components/router-reducer/re
fetch-inactive-parallel-segmen
ts.js
./node_modules/next/dist/clien
t/components/router-reducer/cr
eate-initial-router-state.js
./node_modules/next/dist/clien
t/app-index.js

./node_modules/next/dist/clien
t/components/router-reducer/ro
uter-reducer-types.js
There are multiple modules wit
h names that only differ in ca
sing.
This can lead to unexpected be
havior when compiling on a fil
esystem with other case-semant
ic.
Use equal casing. Compare thes
e module identifiers:
* javascript/auto|C:\antigravi
ty\afse\node_modules\next\dist
\build\webpack\loaders\next-fl
ight-client-module-loader.js!C
:\antigravity\afse\node_module
s\next\dist\build\webpack\load
ers\next-swc-loader.js??ruleSe
t[1].rules[16].oneOf[6].use[1]
!C:\antigravity\AFSE\node_modu
les\next\dist\client\component
s\router-reducer\router-reduce
r-types.js|app-pages-browser
    Used by 12 module(s), i. e
.
    javascript/auto|C:\antigra
vity\afse\node_modules\next\di
st\build\webpack\loaders\next-
flight-client-module-loader.js
!C:\antigravity\afse\node_modu
les\next\dist\build\webpack\lo
aders\next-swc-loader.js??rule
Set[1].rules[16].oneOf[6].use[
1]!C:\antigravity\AFSE\node_mo
dules\next\dist\client\app-cal
l-server.js|app-pages-browser
* javascript/auto|C:\antigravi
ty\afse\node_modules\next\dist
\build\webpack\loaders\next-fl
ight-client-module-loader.js!C
:\antigravity\afse\node_module
s\next\dist\build\webpack\load
ers\next-swc-loader.js??ruleSe
t[1].rules[16].oneOf[6].use[1]
!C:\antigravity\afse\node_modu
les\next\dist\client\component
s\router-reducer\router-reduce
r-types.js|app-pages-browser
    Used by 12 module(s), i. e
.
    javascript/auto|C:\antigra
vity\afse\node_modules\next\di
st\build\webpack\loaders\next-
flight-client-module-loader.js
!C:\antigravity\afse\node_modu
les\next\dist\build\webpack\lo
aders\next-swc-loader.js??rule
Set[1].rules[16].oneOf[6].use[
1]!C:\antigravity\afse\node_mo
dules\next\dist\client\compone
nts\layout-router.js|app-pages
-browser

Import trace for requested mod
ule:
./node_modules/next/dist/clien
t/components/router-reducer/ro
uter-reducer-types.js
./node_modules/next/dist/clien
t/app-call-server.js
./node_modules/next/dist/clien
t/app-index.js

./node_modules/next/dist/clien
t/components/router-reducer/ro
uter-reducer.js
There are multiple modules wit
h names that only differ in ca
sing.
This can lead to unexpected be
havior when compiling on a fil
esystem with other case-semant
ic.
Use equal casing. Compare thes
e module identifiers:
* javascript/auto|C:\antigravi
ty\afse\node_modules\next\dist
\build\webpack\loaders\next-fl
ight-client-module-loader.js!C
:\antigravity\afse\node_module
s\next\dist\build\webpack\load
ers\next-swc-loader.js??ruleSe
t[1].rules[16].oneOf[6].use[1]
!C:\antigravity\AFSE\node_modu
les\next\dist\client\component
s\router-reducer\router-reduce
r.js|app-pages-browser
    Used by 2 module(s), i. e.
    javascript/auto|C:\antigra
vity\afse\node_modules\next\di
st\build\webpack\loaders\next-
flight-client-module-loader.js
!C:\antigravity\afse\node_modu
les\next\dist\build\webpack\lo
aders\next-swc-loader.js??rule
Set[1].rules[16].oneOf[6].use[
1]!C:\antigravity\AFSE\node_mo
dules\next\dist\client\compone
nts\app-router-instance.js|app
-pages-browser
* javascript/auto|C:\antigravi
ty\afse\node_modules\next\dist
\build\webpack\loaders\next-fl
ight-client-module-loader.js!C
:\antigravity\afse\node_module
s\next\dist\build\webpack\load
ers\next-swc-loader.js??ruleSe
t[1].rules[16].oneOf[6].use[1]
!C:\antigravity\afse\node_modu
les\next\dist\client\component
s\router-reducer\router-reduce
r.js|app-pages-browser
    Used by 2 module(s), i. e.
    javascript/auto|C:\antigra
vity\afse\node_modules\next\di
st\build\webpack\loaders\next-
flight-client-module-loader.js
!C:\antigravity\afse\node_modu
les\next\dist\build\webpack\lo
aders\next-swc-loader.js??rule
Set[1].rules[16].oneOf[6].use[
1]!C:\antigravity\afse\node_mo
dules\next\dist\client\compone
nts\app-router-instance.js|app
-pages-browser

Import trace for requested mod
ule:
./node_modules/next/dist/clien
t/components/router-reducer/ro
uter-reducer.js
./node_modules/next/dist/clien
t/components/app-router-instan
ce.js
./node_modules/next/dist/clien
t/app-index.js

./node_modules/next/dist/clien
t/components/router-reducer/se
t-cache-busting-search-param.j
s
There are multiple modules wit
h names that only differ in ca
sing.
This can lead to unexpected be
havior when compiling on a fil
esystem with other case-semant
ic.
Use equal casing. Compare thes
e module identifiers:
* javascript/auto|C:\antigravi
ty\afse\node_modules\next\dist
\build\webpack\loaders\next-fl
ight-client-module-loader.js!C
:\antigravity\afse\node_module
s\next\dist\build\webpack\load
ers\next-swc-loader.js??ruleSe
t[1].rules[16].oneOf[6].use[1]
!C:\antigravity\AFSE\node_modu
les\next\dist\client\component
s\router-reducer\set-cache-bus
ting-search-param.js|app-pages
-browser
    Used by 2 module(s), i. e.
    javascript/auto|C:\antigra
vity\afse\node_modules\next\di
st\build\webpack\loaders\next-
flight-client-module-loader.js
!C:\antigravity\afse\node_modu
les\next\dist\build\webpack\lo
aders\next-swc-loader.js??rule
Set[1].rules[16].oneOf[6].use[
1]!C:\antigravity\AFSE\node_mo
dules\next\dist\client\compone
nts\router-reducer\fetch-serve
r-response.js|app-pages-browse
r
* javascript/auto|C:\antigravi
ty\afse\node_modules\next\dist
\build\webpack\loaders\next-fl
ight-client-module-loader.js!C
:\antigravity\afse\node_module
s\next\dist\build\webpack\load
ers\next-swc-loader.js??ruleSe
t[1].rules[16].oneOf[6].use[1]
!C:\antigravity\afse\node_modu
les\next\dist\client\component
s\router-reducer\set-cache-bus
ting-search-param.js|app-pages
-browser
    Used by 2 module(s), i. e.
    javascript/auto|C:\antigra
vity\afse\node_modules\next\di
st\build\webpack\loaders\next-
flight-client-module-loader.js
!C:\antigravity\afse\node_modu
les\next\dist\build\webpack\lo
aders\next-swc-loader.js??rule
Set[1].rules[16].oneOf[6].use[
1]!C:\antigravity\afse\node_mo
dules\next\dist\client\compone
nts\router-reducer\fetch-serve
r-response.js|app-pages-browse
r

Import trace for requested mod
ule:
./node_modules/next/dist/clien
t/components/router-reducer/se
t-cache-busting-search-param.j
s
./node_modules/next/dist/clien
t/components/router-reducer/fe
tch-server-response.js
./node_modules/next/dist/clien
t/components/router-reducer/pr
efetch-cache-utils.js
./node_modules/next/dist/clien
t/components/router-reducer/cr
eate-initial-router-state.js
./node_modules/next/dist/clien
t/app-index.js

./node_modules/next/dist/clien
t/components/router-reducer/sh
ould-hard-navigate.js
There are multiple modules wit
h names that only differ in ca
sing.
This can lead to unexpected be
havior when compiling on a fil
esystem with other case-semant
ic.
Use equal casing. Compare thes
e module identifiers:
* javascript/auto|C:\antigravi
ty\afse\node_modules\next\dist
\build\webpack\loaders\next-fl
ight-client-module-loader.js!C
:\antigravity\afse\node_module
s\next\dist\build\webpack\load
ers\next-swc-loader.js??ruleSe
t[1].rules[16].oneOf[6].use[1]
!C:\antigravity\AFSE\node_modu
les\next\dist\client\component
s\router-reducer\should-hard-n
avigate.js|app-pages-browser
    Used by 2 module(s), i. e.
    javascript/auto|C:\antigra
vity\afse\node_modules\next\di
st\build\webpack\loaders\next-
flight-client-module-loader.js
!C:\antigravity\afse\node_modu
les\next\dist\build\webpack\lo
aders\next-swc-loader.js??rule
Set[1].rules[16].oneOf[6].use[
1]!C:\antigravity\AFSE\node_mo
dules\next\dist\client\compone
nts\router-reducer\reducers\na
vigate-reducer.js|app-pages-br
owser
* javascript/auto|C:\antigravi
ty\afse\node_modules\next\dist
\build\webpack\loaders\next-fl
ight-client-module-loader.js!C
:\antigravity\afse\node_module
s\next\dist\build\webpack\load
ers\next-swc-loader.js??ruleSe
t[1].rules[16].oneOf[6].use[1]
!C:\antigravity\afse\node_modu
les\next\dist\client\component
s\router-reducer\should-hard-n
avigate.js|app-pages-browser
    Used by 2 module(s), i. e.
    javascript/auto|C:\antigra
vity\afse\node_modules\next\di
st\build\webpack\loaders\next-
flight-client-module-loader.js
!C:\antigravity\afse\node_modu
les\next\dist\build\webpack\lo
aders\next-swc-loader.js??rule
Set[1].rules[16].oneOf[6].use[
1]!C:\antigravity\afse\node_mo
dules\next\dist\client\compone
nts\router-reducer\reducers\na
vigate-reducer.js|app-pages-br
owser

Import trace for requested mod
ule:
./node_modules/next/dist/clien
t/components/router-reducer/sh
ould-hard-navigate.js
./node_modules/next/dist/clien
t/components/router-reducer/re
ducers/navigate-reducer.js
./node_modules/next/dist/clien
t/components/router-reducer/ro
uter-reducer.js
./node_modules/next/dist/clien
t/components/app-router-instan
ce.js
./node_modules/next/dist/clien
t/app-index.js

./node_modules/next/dist/clien
t/components/segment-cache.js
There are multiple modules wit
h names that only differ in ca
sing.
This can lead to unexpected be
havior when compiling on a fil
esystem with other case-semant
ic.
Use equal casing. Compare thes
e module identifiers:
* javascript/auto|C:\antigravi
ty\afse\node_modules\next\dist
\build\webpack\loaders\next-fl
ight-client-module-loader.js!C
:\antigravity\afse\node_module
s\next\dist\build\webpack\load
ers\next-swc-loader.js??ruleSe
t[1].rules[16].oneOf[6].use[1]
!C:\antigravity\AFSE\node_modu
les\next\dist\client\component
s\segment-cache.js|app-pages-b
rowser
    Used by 6 module(s), i. e.
    javascript/auto|C:\antigra
vity\afse\node_modules\next\di
st\build\webpack\loaders\next-
flight-client-module-loader.js
!C:\antigravity\afse\node_modu
les\next\dist\build\webpack\lo
aders\next-swc-loader.js??rule
Set[1].rules[16].oneOf[6].use[
1]!C:\antigravity\AFSE\node_mo
dules\next\dist\client\compone
nts\app-router-instance.js|app
-pages-browser
* javascript/auto|C:\antigravi
ty\afse\node_modules\next\dist
\build\webpack\loaders\next-fl
ight-client-module-loader.js!C
:\antigravity\afse\node_module
s\next\dist\build\webpack\load
ers\next-swc-loader.js??ruleSe
t[1].rules[16].oneOf[6].use[1]
!C:\antigravity\afse\node_modu
les\next\dist\client\component
s\segment-cache.js|app-pages-b
rowser
    Used by 7 module(s), i. e.
    javascript/auto|C:\antigra
vity\afse\node_modules\next\di
st\build\webpack\loaders\next-
flight-client-module-loader.js
!C:\antigravity\afse\node_modu
les\next\dist\build\webpack\lo
aders\next-swc-loader.js??rule
Set[1].rules[16].oneOf[6].use[
1]!C:\antigravity\afse\node_mo
dules\next\dist\client\app-dir
\link.js|app-pages-browser

Import trace for requested mod
ule:
./node_modules/next/dist/clien
t/components/segment-cache.js
./node_modules/next/dist/clien
t/components/app-router-instan
ce.js
./node_modules/next/dist/clien
t/app-index.js

./node_modules/next/dist/clien
t/components/unauthorized.js
There are multiple modules wit
h names that only differ in ca
sing.
This can lead to unexpected be
havior when compiling on a fil
esystem with other case-semant
ic.
Use equal casing. Compare thes
e module identifiers:
* javascript/auto|C:\antigravi
ty\afse\node_modules\next\dist
\build\webpack\loaders\next-fl
ight-client-module-loader.js!C
:\antigravity\afse\node_module
s\next\dist\build\webpack\load
ers\next-swc-loader.js??ruleSe
t[1].rules[16].oneOf[6].use[1]
!C:\antigravity\AFSE\node_modu
les\next\dist\client\component
s\unauthorized.js|app-pages-br
owser
    Used by 2 module(s), i. e.
    javascript/auto|C:\antigra
vity\afse\node_modules\next\di
st\build\webpack\loaders\next-
flight-client-module-loader.js
!C:\antigravity\afse\node_modu
les\next\dist\build\webpack\lo
aders\next-swc-loader.js??rule
Set[1].rules[16].oneOf[6].use[
1]!C:\antigravity\AFSE\node_mo
dules\next\dist\client\compone
nts\navigation.react-server.js
|app-pages-browser
* javascript/auto|C:\antigravi
ty\afse\node_modules\next\dist
\build\webpack\loaders\next-fl
ight-client-module-loader.js!C
:\antigravity\afse\node_module
s\next\dist\build\webpack\load
ers\next-swc-loader.js??ruleSe
t[1].rules[16].oneOf[6].use[1]
!C:\antigravity\afse\node_modu
les\next\dist\client\component
s\unauthorized.js|app-pages-br
owser
    Used by 2 module(s), i. e.
    javascript/auto|C:\antigra
vity\afse\node_modules\next\di
st\build\webpack\loaders\next-
flight-client-module-loader.js
!C:\antigravity\afse\node_modu
les\next\dist\build\webpack\lo
aders\next-swc-loader.js??rule
Set[1].rules[16].oneOf[6].use[
1]!C:\antigravity\afse\node_mo
dules\next\dist\client\compone
nts\navigation.react-server.js
|app-pages-browser

Import trace for requested mod
ule:
./node_modules/next/dist/clien
t/components/unauthorized.js
./node_modules/next/dist/clien
t/components/navigation.react-
server.js
./node_modules/next/dist/clien
t/components/navigation.js
./node_modules/next/dist/clien
t/components/redirect-boundary
.js
./node_modules/next/dist/clien
t/components/app-router.js
./node_modules/next/dist/clien
t/app-index.js

./node_modules/next/dist/clien
t/components/unrecognized-acti
on-error.js
There are multiple modules wit
h names that only differ in ca
sing.
This can lead to unexpected be
havior when compiling on a fil
esystem with other case-semant
ic.
Use equal casing. Compare thes
e module identifiers:
* javascript/auto|C:\antigravi
ty\afse\node_modules\next\dist
\build\webpack\loaders\next-fl
ight-client-module-loader.js!C
:\antigravity\afse\node_module
s\next\dist\build\webpack\load
ers\next-swc-loader.js??ruleSe
t[1].rules[16].oneOf[6].use[1]
!C:\antigravity\AFSE\node_modu
les\next\dist\client\component
s\unrecognized-action-error.js
|app-pages-browser
    Used by 3 module(s), i. e.
    javascript/auto|C:\antigra
vity\afse\node_modules\next\di
st\build\webpack\loaders\next-
flight-client-module-loader.js
!C:\antigravity\afse\node_modu
les\next\dist\build\webpack\lo
aders\next-swc-loader.js??rule
Set[1].rules[16].oneOf[6].use[
1]!C:\antigravity\AFSE\node_mo
dules\next\dist\client\compone
nts\router-reducer\reducers\se
rver-action-reducer.js|app-pag
es-browser
* javascript/auto|C:\antigravi
ty\afse\node_modules\next\dist
\build\webpack\loaders\next-fl
ight-client-module-loader.js!C
:\antigravity\afse\node_module
s\next\dist\build\webpack\load
ers\next-swc-loader.js??ruleSe
t[1].rules[16].oneOf[6].use[1]
!C:\antigravity\afse\node_modu
les\next\dist\client\component
s\unrecognized-action-error.js
|app-pages-browser
    Used by 3 module(s), i. e.
    javascript/auto|C:\antigra
vity\afse\node_modules\next\di
st\build\webpack\loaders\next-
flight-client-module-loader.js
!C:\antigravity\afse\node_modu
les\next\dist\build\webpack\lo
aders\next-swc-loader.js??rule
Set[1].rules[16].oneOf[6].use[
1]!C:\antigravity\afse\node_mo
dules\next\dist\client\compone
nts\navigation.js|app-pages-br
owser

Import trace for requested mod
ule:
./node_modules/next/dist/clien
t/components/unrecognized-acti
on-error.js
./node_modules/next/dist/clien
t/components/router-reducer/re
ducers/server-action-reducer.j
s
./node_modules/next/dist/clien
t/components/router-reducer/ro
uter-reducer.js
./node_modules/next/dist/clien
t/components/app-router-instan
ce.js
./node_modules/next/dist/clien
t/app-index.js

./node_modules/next/dist/clien
t/components/unresolved-thenab
le.js
There are multiple modules wit
h names that only differ in ca
sing.
This can lead to unexpected be
havior when compiling on a fil
esystem with other case-semant
ic.
Use equal casing. Compare thes
e module identifiers:
* javascript/auto|C:\antigravi
ty\afse\node_modules\next\dist
\build\webpack\loaders\next-fl
ight-client-module-loader.js!C
:\antigravity\afse\node_module
s\next\dist\build\webpack\load
ers\next-swc-loader.js??ruleSe
t[1].rules[16].oneOf[6].use[1]
!C:\antigravity\AFSE\node_modu
les\next\dist\client\component
s\unresolved-thenable.js|app-p
ages-browser
    Used by 2 module(s), i. e.
    javascript/auto|C:\antigra
vity\afse\node_modules\next\di
st\build\webpack\loaders\next-
flight-client-module-loader.js
!C:\antigravity\afse\node_modu
les\next\dist\build\webpack\lo
aders\next-swc-loader.js??rule
Set[1].rules[16].oneOf[6].use[
1]!C:\antigravity\AFSE\node_mo
dules\next\dist\client\compone
nts\app-router.js|app-pages-br
owser
* javascript/auto|C:\antigravi
ty\afse\node_modules\next\dist
\build\webpack\loaders\next-fl
ight-client-module-loader.js!C
:\antigravity\afse\node_module
s\next\dist\build\webpack\load
ers\next-swc-loader.js??ruleSe
t[1].rules[16].oneOf[6].use[1]
!C:\antigravity\afse\node_modu
les\next\dist\client\component
s\unresolved-thenable.js|app-p
ages-browser
    Used by 3 module(s), i. e.
    javascript/auto|C:\antigra
vity\afse\node_modules\next\di
st\build\webpack\loaders\next-
flight-client-module-loader.js
!C:\antigravity\afse\node_modu
les\next\dist\build\webpack\lo
aders\next-swc-loader.js??rule
Set[1].rules[16].oneOf[6].use[
1]!C:\antigravity\afse\node_mo
dules\next\dist\client\compone
nts\layout-router.js|app-pages
-browser

Import trace for requested mod
ule:
./node_modules/next/dist/clien
t/components/unresolved-thenab
le.js
./node_modules/next/dist/clien
t/components/app-router.js
./node_modules/next/dist/clien
t/app-index.js

./node_modules/next/dist/clien
t/components/unstable-rethrow.
browser.js
There are multiple modules wit
h names that only differ in ca
sing.
This can lead to unexpected be
havior when compiling on a fil
esystem with other case-semant
ic.
Use equal casing. Compare thes
e module identifiers:
* javascript/auto|C:\antigravi
ty\afse\node_modules\next\dist
\build\webpack\loaders\next-fl
ight-client-module-loader.js!C
:\antigravity\afse\node_module
s\next\dist\build\webpack\load
ers\next-swc-loader.js??ruleSe
t[1].rules[16].oneOf[6].use[1]
!C:\antigravity\AFSE\node_modu
les\next\dist\client\component
s\unstable-rethrow.browser.js|
app-pages-browser
    Used by 2 module(s), i. e.
    javascript/auto|C:\antigra
vity\afse\node_modules\next\di
st\build\webpack\loaders\next-
flight-client-module-loader.js
!C:\antigravity\afse\node_modu
les\next\dist\build\webpack\lo
aders\next-swc-loader.js??rule
Set[1].rules[16].oneOf[6].use[
1]!C:\antigravity\AFSE\node_mo
dules\next\dist\client\compone
nts\unstable-rethrow.js|app-pa
ges-browser
* javascript/auto|C:\antigravi
ty\afse\node_modules\next\dist
\build\webpack\loaders\next-fl
ight-client-module-loader.js!C
:\antigravity\afse\node_module
s\next\dist\build\webpack\load
ers\next-swc-loader.js??ruleSe
t[1].rules[16].oneOf[6].use[1]
!C:\antigravity\afse\node_modu
les\next\dist\client\component
s\unstable-rethrow.browser.js|
app-pages-browser
    Used by 2 module(s), i. e.
    javascript/auto|C:\antigra
vity\afse\node_modules\next\di
st\build\webpack\loaders\next-
flight-client-module-loader.js
!C:\antigravity\afse\node_modu
les\next\dist\build\webpack\lo
aders\next-swc-loader.js??rule
Set[1].rules[16].oneOf[6].use[
1]!C:\antigravity\afse\node_mo
dules\next\dist\client\compone
nts\unstable-rethrow.js|app-pa
ges-browser

Import trace for requested mod
ule:
./node_modules/next/dist/clien
t/components/unstable-rethrow.
browser.js
./node_modules/next/dist/clien
t/components/unstable-rethrow.
js
./node_modules/next/dist/clien
t/components/navigation.react-
server.js
./node_modules/next/dist/clien
t/components/navigation.js
./node_modules/next/dist/clien
t/components/redirect-boundary
.js
./node_modules/next/dist/clien
t/components/app-router.js
./node_modules/next/dist/clien
t/app-index.js

./node_modules/next/dist/clien
t/components/unstable-rethrow.
js
There are multiple modules wit
h names that only differ in ca
sing.
This can lead to unexpected be
havior when compiling on a fil
esystem with other case-semant
ic.
Use equal casing. Compare thes
e module identifiers:
* javascript/auto|C:\antigravi
ty\afse\node_modules\next\dist
\build\webpack\loaders\next-fl
ight-client-module-loader.js!C
:\antigravity\afse\node_module
s\next\dist\build\webpack\load
ers\next-swc-loader.js??ruleSe
t[1].rules[16].oneOf[6].use[1]
!C:\antigravity\AFSE\node_modu
les\next\dist\client\component
s\unstable-rethrow.js|app-page
s-browser
    Used by 2 module(s), i. e.
    javascript/auto|C:\antigra
vity\afse\node_modules\next\di
st\build\webpack\loaders\next-
flight-client-module-loader.js
!C:\antigravity\afse\node_modu
les\next\dist\build\webpack\lo
aders\next-swc-loader.js??rule
Set[1].rules[16].oneOf[6].use[
1]!C:\antigravity\AFSE\node_mo
dules\next\dist\client\compone
nts\navigation.react-server.js
|app-pages-browser
* javascript/auto|C:\antigravi
ty\afse\node_modules\next\dist
\build\webpack\loaders\next-fl
ight-client-module-loader.js!C
:\antigravity\afse\node_module
s\next\dist\build\webpack\load
ers\next-swc-loader.js??ruleSe
t[1].rules[16].oneOf[6].use[1]
!C:\antigravity\afse\node_modu
les\next\dist\client\component
s\unstable-rethrow.js|app-page
s-browser
    Used by 2 module(s), i. e.
    javascript/auto|C:\antigra
vity\afse\node_modules\next\di
st\build\webpack\loaders\next-
flight-client-module-loader.js
!C:\antigravity\afse\node_modu
les\next\dist\build\webpack\lo
aders\next-swc-loader.js??rule
Set[1].rules[16].oneOf[6].use[
1]!C:\antigravity\afse\node_mo
dules\next\dist\client\compone
nts\navigation.react-server.js
|app-pages-browser

Import trace for requested mod
ule:
./node_modules/next/dist/clien
t/components/unstable-rethrow.
js
./node_modules/next/dist/clien
t/components/navigation.react-
server.js
./node_modules/next/dist/clien
t/components/navigation.js
./node_modules/next/dist/clien
t/components/redirect-boundary
.js
./node_modules/next/dist/clien
t/components/app-router.js
./node_modules/next/dist/clien
t/app-index.js

./node_modules/next/dist/clien
t/components/use-action-queue.
js
There are multiple modules wit
h names that only differ in ca
sing.
This can lead to unexpected be
havior when compiling on a fil
esystem with other case-semant
ic.
Use equal casing. Compare thes
e module identifiers:
* javascript/auto|C:\antigravi
ty\afse\node_modules\next\dist
\build\webpack\loaders\next-fl
ight-client-module-loader.js!C
:\antigravity\afse\node_module
s\next\dist\build\webpack\load
ers\next-swc-loader.js??ruleSe
t[1].rules[16].oneOf[6].use[1]
!C:\antigravity\AFSE\node_modu
les\next\dist\client\component
s\use-action-queue.js|app-page
s-browser
    Used by 4 module(s), i. e.
    javascript/auto|C:\antigra
vity\afse\node_modules\next\di
st\build\webpack\loaders\next-
flight-client-module-loader.js
!C:\antigravity\afse\node_modu
les\next\dist\build\webpack\lo
aders\next-swc-loader.js??rule
Set[1].rules[16].oneOf[6].use[
1]!C:\antigravity\AFSE\node_mo
dules\next\dist\client\app-cal
l-server.js|app-pages-browser
* javascript/auto|C:\antigravi
ty\afse\node_modules\next\dist
\build\webpack\loaders\next-fl
ight-client-module-loader.js!C
:\antigravity\afse\node_module
s\next\dist\build\webpack\load
ers\next-swc-loader.js??ruleSe
t[1].rules[16].oneOf[6].use[1]
!C:\antigravity\afse\node_modu
les\next\dist\client\component
s\use-action-queue.js|app-page
s-browser
    Used by 5 module(s), i. e.
    javascript/auto|C:\antigra
vity\afse\node_modules\next\di
st\build\webpack\loaders\next-
flight-client-module-loader.js
!C:\antigravity\afse\node_modu
les\next\dist\build\webpack\lo
aders\next-swc-loader.js??rule
Set[1].rules[16].oneOf[6].use[
1]!C:\antigravity\afse\node_mo
dules\next\dist\client\compone
nts\layout-router.js|app-pages
-browser

Import trace for requested mod
ule:
./node_modules/next/dist/clien
t/components/use-action-queue.
js
./node_modules/next/dist/clien
t/app-call-server.js
./node_modules/next/dist/clien
t/app-index.js

./node_modules/next/dist/clien
t/flight-data-helpers.js
There are multiple modules wit
h names that only differ in ca
sing.
This can lead to unexpected be
havior when compiling on a fil
esystem with other case-semant
ic.
Use equal casing. Compare thes
e module identifiers:
* javascript/auto|C:\antigravi
ty\afse\node_modules\next\dist
\build\webpack\loaders\next-fl
ight-client-module-loader.js!C
:\antigravity\afse\node_module
s\next\dist\build\webpack\load
ers\next-swc-loader.js??ruleSe
t[1].rules[16].oneOf[6].use[1]
!C:\antigravity\AFSE\node_modu
les\next\dist\client\flight-da
ta-helpers.js|app-pages-browse
r
    Used by 8 module(s), i. e.
    javascript/auto|C:\antigra
vity\afse\node_modules\next\di
st\build\webpack\loaders\next-
flight-client-module-loader.js
!C:\antigravity\afse\node_modu
les\next\dist\build\webpack\lo
aders\next-swc-loader.js??rule
Set[1].rules[16].oneOf[6].use[
1]!C:\antigravity\AFSE\node_mo
dules\next\dist\client\compone
nts\router-reducer\create-init
ial-router-state.js|app-pages-
browser
* javascript/auto|C:\antigravi
ty\afse\node_modules\next\dist
\build\webpack\loaders\next-fl
ight-client-module-loader.js!C
:\antigravity\afse\node_module
s\next\dist\build\webpack\load
ers\next-swc-loader.js??ruleSe
t[1].rules[16].oneOf[6].use[1]
!C:\antigravity\afse\node_modu
les\next\dist\client\flight-da
ta-helpers.js|app-pages-browse
r
    Used by 7 module(s), i. e.
    javascript/auto|C:\antigra
vity\afse\node_modules\next\di
st\build\webpack\loaders\next-
flight-client-module-loader.js
!C:\antigravity\afse\node_modu
les\next\dist\build\webpack\lo
aders\next-swc-loader.js??rule
Set[1].rules[16].oneOf[6].use[
1]!C:\antigravity\afse\node_mo
dules\next\dist\client\compone
nts\router-reducer\fetch-serve
r-response.js|app-pages-browse
r

Import trace for requested mod
ule:
./node_modules/next/dist/clien
t/flight-data-helpers.js
./node_modules/next/dist/clien
t/components/router-reducer/cr
eate-initial-router-state.js
./node_modules/next/dist/clien
t/app-index.js

./node_modules/next/dist/clien
t/has-base-path.js
There are multiple modules wit
h names that only differ in ca
sing.
This can lead to unexpected be
havior when compiling on a fil
esystem with other case-semant
ic.
Use equal casing. Compare thes
e module identifiers:
* javascript/auto|C:\antigravi
ty\afse\node_modules\next\dist
\build\webpack\loaders\next-fl
ight-client-module-loader.js!C
:\antigravity\afse\node_module
s\next\dist\build\webpack\load
ers\next-swc-loader.js??ruleSe
t[1].rules[16].oneOf[6].use[1]
!C:\antigravity\AFSE\node_modu
les\next\dist\client\has-base-
path.js|app-pages-browser
    Used by 4 module(s), i. e.
    javascript/auto|C:\antigra
vity\afse\node_modules\next\di
st\build\webpack\loaders\next-
flight-client-module-loader.js
!C:\antigravity\afse\node_modu
les\next\dist\build\webpack\lo
aders\next-swc-loader.js??rule
Set[1].rules[16].oneOf[6].use[
1]!C:\antigravity\AFSE\node_mo
dules\next\dist\client\compone
nts\app-router.js|app-pages-br
owser
* javascript/auto|C:\antigravi
ty\afse\node_modules\next\dist
\build\webpack\loaders\next-fl
ight-client-module-loader.js!C
:\antigravity\afse\node_module
s\next\dist\build\webpack\load
ers\next-swc-loader.js??ruleSe
t[1].rules[16].oneOf[6].use[1]
!C:\antigravity\afse\node_modu
les\next\dist\client\has-base-
path.js|app-pages-browser
    Used by 5 module(s), i. e.
    javascript/auto|C:\antigra
vity\afse\node_modules\next\di
st\build\webpack\loaders\next-
flight-client-module-loader.js
!C:\antigravity\afse\node_modu
les\next\dist\build\webpack\lo
aders\next-swc-loader.js??rule
Set[1].rules[16].oneOf[6].use[
1]!C:\antigravity\afse\node_mo
dules\next\dist\client\compone
nts\app-router.js|app-pages-br
owser

Import trace for requested mod
ule:
./node_modules/next/dist/clien
t/has-base-path.js
./node_modules/next/dist/clien
t/components/app-router.js
./node_modules/next/dist/clien
t/app-index.js

./node_modules/next/dist/clien
t/normalize-trailing-slash.js
There are multiple modules wit
h names that only differ in ca
sing.
This can lead to unexpected be
havior when compiling on a fil
esystem with other case-semant
ic.
Use equal casing. Compare thes
e module identifiers:
* javascript/auto|C:\antigravi
ty\afse\node_modules\next\dist
\build\webpack\loaders\next-fl
ight-client-module-loader.js!C
:\antigravity\afse\node_module
s\next\dist\build\webpack\load
ers\next-swc-loader.js??ruleSe
t[1].rules[16].oneOf[6].use[1]
!C:\antigravity\AFSE\node_modu
les\next\dist\client\normalize
-trailing-slash.js|app-pages-b
rowser
    Used by 2 module(s), i. e.
    javascript/auto|C:\antigra
vity\afse\node_modules\next\di
st\build\webpack\loaders\next-
flight-client-module-loader.js
!C:\antigravity\afse\node_modu
les\next\dist\build\webpack\lo
aders\next-swc-loader.js??rule
Set[1].rules[16].oneOf[6].use[
1]!C:\antigravity\AFSE\node_mo
dules\next\dist\client\add-bas
e-path.js|app-pages-browser
* javascript/auto|C:\antigravi
ty\afse\node_modules\next\dist
\build\webpack\loaders\next-fl
ight-client-module-loader.js!C
:\antigravity\afse\node_module
s\next\dist\build\webpack\load
ers\next-swc-loader.js??ruleSe
t[1].rules[16].oneOf[6].use[1]
!C:\antigravity\afse\node_modu
les\next\dist\client\normalize
-trailing-slash.js|app-pages-b
rowser
    Used by 2 module(s), i. e.
    javascript/auto|C:\antigra
vity\afse\node_modules\next\di
st\build\webpack\loaders\next-
flight-client-module-loader.js
!C:\antigravity\afse\node_modu
les\next\dist\build\webpack\lo
aders\next-swc-loader.js??rule
Set[1].rules[16].oneOf[6].use[
1]!C:\antigravity\afse\node_mo
dules\next\dist\client\add-bas
e-path.js|app-pages-browser

Import trace for requested mod
ule:
./node_modules/next/dist/clien
t/normalize-trailing-slash.js
./node_modules/next/dist/clien
t/add-base-path.js
./node_modules/next/dist/clien
t/components/app-router-instan
ce.js
./node_modules/next/dist/clien
t/app-index.js

./node_modules/next/dist/clien
t/remove-base-path.js
There are multiple modules wit
h names that only differ in ca
sing.
This can lead to unexpected be
havior when compiling on a fil
esystem with other case-semant
ic.
Use equal casing. Compare thes
e module identifiers:
* javascript/auto|C:\antigravi
ty\afse\node_modules\next\dist
\build\webpack\loaders\next-fl
ight-client-module-loader.js!C
:\antigravity\afse\node_module
s\next\dist\build\webpack\load
ers\next-swc-loader.js??ruleSe
t[1].rules[16].oneOf[6].use[1]
!C:\antigravity\AFSE\node_modu
les\next\dist\client\remove-ba
se-path.js|app-pages-browser
    Used by 3 module(s), i. e.
    javascript/auto|C:\antigra
vity\afse\node_modules\next\di
st\build\webpack\loaders\next-
flight-client-module-loader.js
!C:\antigravity\afse\node_modu
les\next\dist\build\webpack\lo
aders\next-swc-loader.js??rule
Set[1].rules[16].oneOf[6].use[
1]!C:\antigravity\AFSE\node_mo
dules\next\dist\client\compone
nts\app-router.js|app-pages-br
owser
* javascript/auto|C:\antigravi
ty\afse\node_modules\next\dist
\build\webpack\loaders\next-fl
ight-client-module-loader.js!C
:\antigravity\afse\node_module
s\next\dist\build\webpack\load
ers\next-swc-loader.js??ruleSe
t[1].rules[16].oneOf[6].use[1]
!C:\antigravity\afse\node_modu
les\next\dist\client\remove-ba
se-path.js|app-pages-browser
    Used by 3 module(s), i. e.
    javascript/auto|C:\antigra
vity\afse\node_modules\next\di
st\build\webpack\loaders\next-
flight-client-module-loader.js
!C:\antigravity\afse\node_modu
les\next\dist\build\webpack\lo
aders\next-swc-loader.js??rule
Set[1].rules[16].oneOf[6].use[
1]!C:\antigravity\afse\node_mo
dules\next\dist\client\compone
nts\app-router.js|app-pages-br
owser

Import trace for requested mod
ule:
./node_modules/next/dist/clien
t/remove-base-path.js
./node_modules/next/dist/clien
t/components/app-router.js
./node_modules/next/dist/clien
t/app-index.js

./node_modules/next/dist/clien
t/route-params.js
There are multiple modules wit
h names that only differ in ca
sing.
This can lead to unexpected be
havior when compiling on a fil
esystem with other case-semant
ic.
Use equal casing. Compare thes
e module identifiers:
* javascript/auto|C:\antigravi
ty\afse\node_modules\next\dist
\build\webpack\loaders\next-fl
ight-client-module-loader.js!C
:\antigravity\afse\node_module
s\next\dist\build\webpack\load
ers\next-swc-loader.js??ruleSe
t[1].rules[16].oneOf[6].use[1]
!C:\antigravity\AFSE\node_modu
les\next\dist\client\route-par
ams.js|app-pages-browser
    Used by 2 module(s), i. e.
    javascript/auto|C:\antigra
vity\afse\node_modules\next\di
st\build\webpack\loaders\next-
flight-client-module-loader.js
!C:\antigravity\afse\node_modu
les\next\dist\build\webpack\lo
aders\next-swc-loader.js??rule
Set[1].rules[16].oneOf[6].use[
1]!C:\antigravity\AFSE\node_mo
dules\next\dist\client\compone
nts\router-reducer\fetch-serve
r-response.js|app-pages-browse
r
* javascript/auto|C:\antigravi
ty\afse\node_modules\next\dist
\build\webpack\loaders\next-fl
ight-client-module-loader.js!C
:\antigravity\afse\node_module
s\next\dist\build\webpack\load
ers\next-swc-loader.js??ruleSe
t[1].rules[16].oneOf[6].use[1]
!C:\antigravity\afse\node_modu
les\next\dist\client\route-par
ams.js|app-pages-browser
    Used by 2 module(s), i. e.
    javascript/auto|C:\antigra
vity\afse\node_modules\next\di
st\build\webpack\loaders\next-
flight-client-module-loader.js
!C:\antigravity\afse\node_modu
les\next\dist\build\webpack\lo
aders\next-swc-loader.js??rule
Set[1].rules[16].oneOf[6].use[
1]!C:\antigravity\afse\node_mo
dules\next\dist\client\compone
nts\router-reducer\fetch-serve
r-response.js|app-pages-browse
r

Import trace for requested mod
ule:
./node_modules/next/dist/clien
t/route-params.js
./node_modules/next/dist/clien
t/components/router-reducer/fe
tch-server-response.js
./node_modules/next/dist/clien
t/components/router-reducer/pr
efetch-cache-utils.js
./node_modules/next/dist/clien
t/components/router-reducer/cr
eate-initial-router-state.js
./node_modules/next/dist/clien
t/app-index.js

./node_modules/next/dist/lib/f
ramework/boundary-components.j
s
There are multiple modules wit
h names that only differ in ca
sing.
This can lead to unexpected be
havior when compiling on a fil
esystem with other case-semant
ic.
Use equal casing. Compare thes
e module identifiers:
* javascript/auto|C:\antigravi
ty\afse\node_modules\next\dist
\build\webpack\loaders\next-fl
ight-client-module-loader.js!C
:\antigravity\afse\node_module
s\next\dist\build\webpack\load
ers\next-swc-loader.js??ruleSe
t[1].rules[16].oneOf[6].use[1]
!C:\antigravity\AFSE\node_modu
les\next\dist\lib\framework\bo
undary-components.js|app-pages
-browser
    Used by 2 module(s), i. e.
    javascript/auto|C:\antigra
vity\afse\node_modules\next\di
st\build\webpack\loaders\next-
flight-client-module-loader.js
!C:\antigravity\afse\node_modu
les\next\dist\build\webpack\lo
aders\next-swc-loader.js??rule
Set[1].rules[16].oneOf[6].use[
1]!C:\antigravity\AFSE\node_mo
dules\next\dist\client\compone
nts\app-router.js|app-pages-br
owser
* javascript/auto|C:\antigravi
ty\afse\node_modules\next\dist
\build\webpack\loaders\next-fl
ight-client-module-loader.js!C
:\antigravity\afse\node_module
s\next\dist\build\webpack\load
ers\next-swc-loader.js??ruleSe
t[1].rules[16].oneOf[6].use[1]
!C:\antigravity\afse\node_modu
les\next\dist\lib\framework\bo
undary-components.js|app-pages
-browser
    Used by 3 module(s), i. e.
    javascript/auto|C:\antigra
vity\afse\node_modules\next\di
st\build\webpack\loaders\next-
flight-client-entry-loader.js?
modules=%7B%22request%22%3A%22
C%3A%5C%5Cantigravity%5C%5Cafs
e%5C%5Cnode_modules%5C%5Cnext%
5C%5Cdist%5C%5Cclient%5C%5Ccom
ponents%5C%5Cclient-page.js%22
%2C%22ids%22%3A%5B%5D%7D&modul
es=%7B%22request%22%3A%22C%3A%
5C%5Cantigravity%5C%5Cafse%5C%
5Cnode_modules%5C%5Cnext%5C%5C
dist%5C%5Cclient%5C%5Ccomponen
ts%5C%5Cclient-segment.js%22%2
C%22ids%22%3A%5B%5D%7D&modules
=%7B%22request%22%3A%22C%3A%5C
%5Cantigravity%5C%5Cafse%5C%5C
node_modules%5C%5Cnext%5C%5Cdi
st%5C%5Cclient%5C%5Ccomponents
%5C%5Chttp-access-fallback%5C%
5Cerror-boundary.js%22%2C%22id
s%22%3A%5B%5D%7D&modules=%7B%2
2request%22%3A%22C%3A%5C%5Cant
igravity%5C%5Cafse%5C%5Cnode_m
odules%5C%5Cnext%5C%5Cdist%5C%
5Cclient%5C%5Ccomponents%5C%5C
layout-router.js%22%2C%22ids%2
2%3A%5B%5D%7D&modules=%7B%22re
quest%22%3A%22C%3A%5C%5Cantigr
avity%5C%5Cafse%5C%5Cnode_modu
les%5C%5Cnext%5C%5Cdist%5C%5Cc
lient%5C%5Ccomponents%5C%5Cmet
adata%5C%5Casync-metadata.js%2
2%2C%22ids%22%3A%5B%5D%7D&modu
les=%7B%22request%22%3A%22C%3A
%5C%5Cantigravity%5C%5Cafse%5C
%5Cnode_modules%5C%5Cnext%5C%5
Cdist%5C%5Cclient%5C%5Ccompone
nts%5C%5Crender-from-template-
context.js%22%2C%22ids%22%3A%5
B%5D%7D&modules=%7B%22request%
22%3A%22C%3A%5C%5Cantigravity%
5C%5Cafse%5C%5Cnode_modules%5C
%5Cnext%5C%5Cdist%5C%5Clib%5C%
5Cframework%5C%5Cboundary-comp
onents.js%22%2C%22ids%22%3A%5B
%5D%7D&modules=%7B%22request%2
2%3A%22C%3A%5C%5Cantigravity%5
C%5Cafse%5C%5Cnode_modules%5C%
5Cnext%5C%5Cdist%5C%5Clib%5C%5
Cmetadata%5C%5Cgenerate%5C%5Ci
con-mark.js%22%2C%22ids%22%3A%
5B%5D%7D&server=false!|app-pag
es-browser

Import trace for requested mod
ule:
./node_modules/next/dist/lib/f
ramework/boundary-components.j
s
./node_modules/next/dist/clien
t/components/app-router.js
./node_modules/next/dist/clien
t/app-index.js

./node_modules/next/dist/lib/f
ramework/boundary-constants.js
There are multiple modules wit
h names that only differ in ca
sing.
This can lead to unexpected be
havior when compiling on a fil
esystem with other case-semant
ic.
Use equal casing. Compare thes
e module identifiers:
* javascript/auto|C:\antigravi
ty\afse\node_modules\next\dist
\build\webpack\loaders\next-fl
ight-client-module-loader.js!C
:\antigravity\afse\node_module
s\next\dist\build\webpack\load
ers\next-swc-loader.js??ruleSe
t[1].rules[16].oneOf[6].use[1]
!C:\antigravity\AFSE\node_modu
les\next\dist\lib\framework\bo
undary-constants.js|app-pages-
browser
    Used by 3 module(s), i. e.
    javascript/auto|C:\antigra
vity\afse\node_modules\next\di
st\build\webpack\loaders\next-
flight-client-module-loader.js
!C:\antigravity\afse\node_modu
les\next\dist\build\webpack\lo
aders\next-swc-loader.js??rule
Set[1].rules[16].oneOf[6].use[
1]!C:\antigravity\AFSE\node_mo
dules\next\dist\lib\framework\
boundary-components.js|app-pag
es-browser
* javascript/auto|C:\antigravi
ty\afse\node_modules\next\dist
\build\webpack\loaders\next-fl
ight-client-module-loader.js!C
:\antigravity\afse\node_module
s\next\dist\build\webpack\load
ers\next-swc-loader.js??ruleSe
t[1].rules[16].oneOf[6].use[1]
!C:\antigravity\afse\node_modu
les\next\dist\lib\framework\bo
undary-constants.js|app-pages-
browser
    Used by 2 module(s), i. e.
    javascript/auto|C:\antigra
vity\afse\node_modules\next\di
st\build\webpack\loaders\next-
flight-client-module-loader.js
!C:\antigravity\afse\node_modu
les\next\dist\build\webpack\lo
aders\next-swc-loader.js??rule
Set[1].rules[16].oneOf[6].use[
1]!C:\antigravity\afse\node_mo
dules\next\dist\lib\framework\
boundary-components.js|app-pag
es-browser

Import trace for requested mod
ule:
./node_modules/next/dist/lib/f
ramework/boundary-constants.js
./node_modules/next/dist/lib/f
ramework/boundary-components.j
s
./node_modules/next/dist/clien
t/components/app-router.js
./node_modules/next/dist/clien
t/app-index.js

./node_modules/next/dist/share
d/lib/app-router-context.share
d-runtime.js
There are multiple modules wit
h names that only differ in ca
sing.
This can lead to unexpected be
havior when compiling on a fil
esystem with other case-semant
ic.
Use equal casing. Compare thes
e module identifiers:
* javascript/auto|C:\antigravi
ty\afse\node_modules\next\dist
\build\webpack\loaders\next-fl
ight-client-module-loader.js!C
:\antigravity\afse\node_module
s\next\dist\build\webpack\load
ers\next-swc-loader.js??ruleSe
t[1].rules[16].oneOf[6].use[1]
!C:\antigravity\AFSE\node_modu
les\next\dist\shared\lib\app-r
outer-context.shared-runtime.j
s|app-pages-browser
    Used by 4 module(s), i. e.
    javascript/auto|C:\antigra
vity\afse\node_modules\next\di
st\build\webpack\loaders\next-
flight-client-module-loader.js
!C:\antigravity\afse\node_modu
les\next\dist\build\webpack\lo
aders\next-swc-loader.js??rule
Set[1].rules[16].oneOf[6].use[
1]!C:\antigravity\AFSE\node_mo
dules\next\dist\client\app-ind
ex.js|app-pages-browser
* javascript/auto|C:\antigravi
ty\afse\node_modules\next\dist
\build\webpack\loaders\next-fl
ight-client-module-loader.js!C
:\antigravity\afse\node_module
s\next\dist\build\webpack\load
ers\next-swc-loader.js??ruleSe
t[1].rules[16].oneOf[6].use[1]
!C:\antigravity\afse\node_modu
les\next\dist\shared\lib\app-r
outer-context.shared-runtime.j
s|app-pages-browser
    Used by 7 module(s), i. e.
    javascript/auto|C:\antigra
vity\afse\node_modules\next\di
st\build\webpack\loaders\next-
flight-client-module-loader.js
!C:\antigravity\afse\node_modu
les\next\dist\build\webpack\lo
aders\next-swc-loader.js??rule
Set[1].rules[16].oneOf[6].use[
1]!C:\antigravity\afse\node_mo
dules\next\dist\client\compone
nts\http-access-fallback\error
-boundary.js|app-pages-browser

Import trace for requested mod
ule:
./node_modules/next/dist/share
d/lib/app-router-context.share
d-runtime.js
./node_modules/next/dist/clien
t/app-index.js

./node_modules/next/dist/share
d/lib/hash.js
There are multiple modules wit
h names that only differ in ca
sing.
This can lead to unexpected be
havior when compiling on a fil
esystem with other case-semant
ic.
Use equal casing. Compare thes
e module identifiers:
* javascript/auto|C:\antigravi
ty\afse\node_modules\next\dist
\build\webpack\loaders\next-fl
ight-client-module-loader.js!C
:\antigravity\afse\node_module
s\next\dist\build\webpack\load
ers\next-swc-loader.js??ruleSe
t[1].rules[16].oneOf[6].use[1]
!C:\antigravity\AFSE\node_modu
les\next\dist\shared\lib\hash.
js|app-pages-browser
    Used by 2 module(s), i. e.
    javascript/auto|C:\antigra
vity\afse\node_modules\next\di
st\build\webpack\loaders\next-
flight-client-module-loader.js
!C:\antigravity\afse\node_modu
les\next\dist\build\webpack\lo
aders\next-swc-loader.js??rule
Set[1].rules[16].oneOf[6].use[
1]!C:\antigravity\AFSE\node_mo
dules\next\dist\shared\lib\rou
ter\utils\cache-busting-search
-param.js|app-pages-browser
* javascript/auto|C:\antigravi
ty\afse\node_modules\next\dist
\build\webpack\loaders\next-fl
ight-client-module-loader.js!C
:\antigravity\afse\node_module
s\next\dist\build\webpack\load
ers\next-swc-loader.js??ruleSe
t[1].rules[16].oneOf[6].use[1]
!C:\antigravity\afse\node_modu
les\next\dist\shared\lib\hash.
js|app-pages-browser
    Used by 2 module(s), i. e.
    javascript/auto|C:\antigra
vity\afse\node_modules\next\di
st\build\webpack\loaders\next-
flight-client-module-loader.js
!C:\antigravity\afse\node_modu
les\next\dist\build\webpack\lo
aders\next-swc-loader.js??rule
Set[1].rules[16].oneOf[6].use[
1]!C:\antigravity\afse\node_mo
dules\next\dist\shared\lib\rou
ter\utils\cache-busting-search
-param.js|app-pages-browser

Import trace for requested mod
ule:
./node_modules/next/dist/share
d/lib/hash.js
./node_modules/next/dist/share
d/lib/router/utils/cache-busti
ng-search-param.js
./node_modules/next/dist/clien
t/components/router-reducer/se
t-cache-busting-search-param.j
s
./node_modules/next/dist/clien
t/components/router-reducer/fe
tch-server-response.js
./node_modules/next/dist/clien
t/components/router-reducer/pr
efetch-cache-utils.js
./node_modules/next/dist/clien
t/components/router-reducer/cr
eate-initial-router-state.js
./node_modules/next/dist/clien
t/app-index.js

./node_modules/next/dist/share
d/lib/hooks-client-context.sha
red-runtime.js
There are multiple modules wit
h names that only differ in ca
sing.
This can lead to unexpected be
havior when compiling on a fil
esystem with other case-semant
ic.
Use equal casing. Compare thes
e module identifiers:
* javascript/auto|C:\antigravi
ty\afse\node_modules\next\dist
\build\webpack\loaders\next-fl
ight-client-module-loader.js!C
:\antigravity\afse\node_module
s\next\dist\build\webpack\load
ers\next-swc-loader.js??ruleSe
t[1].rules[16].oneOf[6].use[1]
!C:\antigravity\AFSE\node_modu
les\next\dist\shared\lib\hooks
-client-context.shared-runtime
.js|app-pages-browser
    Used by 4 module(s), i. e.
    javascript/auto|C:\antigra
vity\afse\node_modules\next\di
st\build\webpack\loaders\next-
flight-client-module-loader.js
!C:\antigravity\afse\node_modu
les\next\dist\build\webpack\lo
aders\next-swc-loader.js??rule
Set[1].rules[16].oneOf[6].use[
1]!C:\antigravity\AFSE\node_mo
dules\next\dist\client\compone
nts\app-router.js|app-pages-br
owser
* javascript/auto|C:\antigravi
ty\afse\node_modules\next\dist
\build\webpack\loaders\next-fl
ight-client-module-loader.js!C
:\antigravity\afse\node_module
s\next\dist\build\webpack\load
ers\next-swc-loader.js??ruleSe
t[1].rules[16].oneOf[6].use[1]
!C:\antigravity\afse\node_modu
les\next\dist\shared\lib\hooks
-client-context.shared-runtime
.js|app-pages-browser
    Used by 4 module(s), i. e.
    javascript/auto|C:\antigra
vity\afse\node_modules\next\di
st\build\webpack\loaders\next-
flight-client-module-loader.js
!C:\antigravity\afse\node_modu
les\next\dist\build\webpack\lo
aders\next-swc-loader.js??rule
Set[1].rules[16].oneOf[6].use[
1]!C:\antigravity\afse\node_mo
dules\next\dist\client\compone
nts\app-router.js|app-pages-br
owser

Import trace for requested mod
ule:
./node_modules/next/dist/share
d/lib/hooks-client-context.sha
red-runtime.js
./node_modules/next/dist/clien
t/components/app-router.js
./node_modules/next/dist/clien
t/app-index.js

./node_modules/next/dist/share
d/lib/invariant-error.js
There are multiple modules wit
h names that only differ in ca
sing.
This can lead to unexpected be
havior when compiling on a fil
esystem with other case-semant
ic.
Use equal casing. Compare thes
e module identifiers:
* javascript/auto|C:\antigravi
ty\afse\node_modules\next\dist
\build\webpack\loaders\next-fl
ight-client-module-loader.js!C
:\antigravity\afse\node_module
s\next\dist\build\webpack\load
ers\next-swc-loader.js??ruleSe
t[1].rules[16].oneOf[6].use[1]
!C:\antigravity\AFSE\node_modu
les\next\dist\shared\lib\invar
iant-error.js|app-pages-browse
r
    Used by 2 module(s), i. e.
    javascript/auto|C:\antigra
vity\afse\node_modules\next\di
st\build\webpack\loaders\next-
flight-client-module-loader.js
!C:\antigravity\afse\node_modu
les\next\dist\build\webpack\lo
aders\next-swc-loader.js??rule
Set[1].rules[16].oneOf[6].use[
1]!C:\antigravity\AFSE\node_mo
dules\next\dist\client\compone
nts\links.js|app-pages-browser
* javascript/auto|C:\antigravi
ty\afse\node_modules\next\dist
\build\webpack\loaders\next-fl
ight-client-module-loader.js!C
:\antigravity\afse\node_module
s\next\dist\build\webpack\load
ers\next-swc-loader.js??ruleSe
t[1].rules[16].oneOf[6].use[1]
!C:\antigravity\afse\node_modu
les\next\dist\shared\lib\invar
iant-error.js|app-pages-browse
r
    Used by 3 module(s), i. e.
    javascript/auto|C:\antigra
vity\afse\node_modules\next\di
st\build\webpack\loaders\next-
flight-client-module-loader.js
!C:\antigravity\afse\node_modu
les\next\dist\build\webpack\lo
aders\next-swc-loader.js??rule
Set[1].rules[16].oneOf[6].use[
1]!C:\antigravity\afse\node_mo
dules\next\dist\client\compone
nts\client-page.js|app-pages-b
rowser

Import trace for requested mod
ule:
./node_modules/next/dist/share
d/lib/invariant-error.js
./node_modules/next/dist/clien
t/components/links.js
./node_modules/next/dist/clien
t/components/app-router-instan
ce.js
./node_modules/next/dist/clien
t/app-index.js

./node_modules/next/dist/share
d/lib/is-thenable.js
There are multiple modules wit
h names that only differ in ca
sing.
This can lead to unexpected be
havior when compiling on a fil
esystem with other case-semant
ic.
Use equal casing. Compare thes
e module identifiers:
* javascript/auto|C:\antigravi
ty\afse\node_modules\next\dist
\build\webpack\loaders\next-fl
ight-client-module-loader.js!C
:\antigravity\afse\node_module
s\next\dist\build\webpack\load
ers\next-swc-loader.js??ruleSe
t[1].rules[16].oneOf[6].use[1]
!C:\antigravity\AFSE\node_modu
les\next\dist\shared\lib\is-th
enable.js|app-pages-browser
    Used by 2 module(s), i. e.
    javascript/auto|C:\antigra
vity\afse\node_modules\next\di
st\build\webpack\loaders\next-
flight-client-module-loader.js
!C:\antigravity\afse\node_modu
les\next\dist\build\webpack\lo
aders\next-swc-loader.js??rule
Set[1].rules[16].oneOf[6].use[
1]!C:\antigravity\AFSE\node_mo
dules\next\dist\client\compone
nts\app-router-instance.js|app
-pages-browser
* javascript/auto|C:\antigravi
ty\afse\node_modules\next\dist
\build\webpack\loaders\next-fl
ight-client-module-loader.js!C
:\antigravity\afse\node_module
s\next\dist\build\webpack\load
ers\next-swc-loader.js??ruleSe
t[1].rules[16].oneOf[6].use[1]
!C:\antigravity\afse\node_modu
les\next\dist\shared\lib\is-th
enable.js|app-pages-browser
    Used by 2 module(s), i. e.
    javascript/auto|C:\antigra
vity\afse\node_modules\next\di
st\build\webpack\loaders\next-
flight-client-module-loader.js
!C:\antigravity\afse\node_modu
les\next\dist\build\webpack\lo
aders\next-swc-loader.js??rule
Set[1].rules[16].oneOf[6].use[
1]!C:\antigravity\afse\node_mo
dules\next\dist\client\compone
nts\use-action-queue.js|app-pa
ges-browser

Import trace for requested mod
ule:
./node_modules/next/dist/share
d/lib/is-thenable.js
./node_modules/next/dist/clien
t/components/app-router-instan
ce.js
./node_modules/next/dist/clien
t/app-index.js

./node_modules/next/dist/share
d/lib/lazy-dynamic/bailout-to-
csr.js
There are multiple modules wit
h names that only differ in ca
sing.
This can lead to unexpected be
havior when compiling on a fil
esystem with other case-semant
ic.
Use equal casing. Compare thes
e module identifiers:
* javascript/auto|C:\antigravi
ty\afse\node_modules\next\dist
\build\webpack\loaders\next-fl
ight-client-module-loader.js!C
:\antigravity\afse\node_module
s\next\dist\build\webpack\load
ers\next-swc-loader.js??ruleSe
t[1].rules[16].oneOf[6].use[1]
!C:\antigravity\AFSE\node_modu
les\next\dist\shared\lib\lazy-
dynamic\bailout-to-csr.js|app-
pages-browser
    Used by 7 module(s), i. e.
    javascript/auto|C:\antigra
vity\afse\node_modules\next\di
st\build\webpack\loaders\next-
flight-client-module-loader.js
!C:\antigravity\afse\node_modu
les\next\dist\build\webpack\lo
aders\next-swc-loader.js??rule
Set[1].rules[16].oneOf[6].use[
1]!C:\antigravity\AFSE\node_mo
dules\next\dist\client\react-c
lient-callbacks\on-recoverable
-error.js|app-pages-browser
* javascript/auto|C:\antigravi
ty\afse\node_modules\next\dist
\build\webpack\loaders\next-fl
ight-client-module-loader.js!C
:\antigravity\afse\node_module
s\next\dist\build\webpack\load
ers\next-swc-loader.js??ruleSe
t[1].rules[16].oneOf[6].use[1]
!C:\antigravity\afse\node_modu
les\next\dist\shared\lib\lazy-
dynamic\bailout-to-csr.js|app-
pages-browser
    Used by 2 module(s), i. e.
    javascript/auto|C:\antigra
vity\afse\node_modules\next\di
st\build\webpack\loaders\next-
flight-client-module-loader.js
!C:\antigravity\afse\node_modu
les\next\dist\build\webpack\lo
aders\next-swc-loader.js??rule
Set[1].rules[16].oneOf[6].use[
1]!C:\antigravity\afse\node_mo
dules\next\dist\client\compone
nts\unstable-rethrow.browser.j
s|app-pages-browser

Import trace for requested mod
ule:
./node_modules/next/dist/share
d/lib/lazy-dynamic/bailout-to-
csr.js
./node_modules/next/dist/clien
t/react-client-callbacks/on-re
coverable-error.js
./node_modules/next/dist/clien
t/app-index.js

./node_modules/next/dist/share
d/lib/page-path/ensure-leading
-slash.js
There are multiple modules wit
h names that only differ in ca
sing.
This can lead to unexpected be
havior when compiling on a fil
esystem with other case-semant
ic.
Use equal casing. Compare thes
e module identifiers:
* javascript/auto|C:\antigravi
ty\afse\node_modules\next\dist
\build\webpack\loaders\next-fl
ight-client-module-loader.js!C
:\antigravity\afse\node_module
s\next\dist\build\webpack\load
ers\next-swc-loader.js??ruleSe
t[1].rules[16].oneOf[6].use[1]
!C:\antigravity\AFSE\node_modu
les\next\dist\shared\lib\page-
path\ensure-leading-slash.js|a
pp-pages-browser
    Used by 1 module(s), i. e.
    javascript/auto|C:\antigra
vity\afse\node_modules\next\di
st\build\webpack\loaders\next-
flight-client-module-loader.js
!C:\antigravity\afse\node_modu
les\next\dist\build\webpack\lo
aders\next-swc-loader.js??rule
Set[1].rules[16].oneOf[6].use[
1]!C:\antigravity\AFSE\node_mo
dules\next\dist\shared\lib\rou
ter\utils\app-paths.js|app-pag
es-browser
* javascript/auto|C:\antigravi
ty\afse\node_modules\next\dist
\build\webpack\loaders\next-fl
ight-client-module-loader.js!C
:\antigravity\afse\node_module
s\next\dist\build\webpack\load
ers\next-swc-loader.js??ruleSe
t[1].rules[16].oneOf[6].use[1]
!C:\antigravity\afse\node_modu
les\next\dist\shared\lib\page-
path\ensure-leading-slash.js|a
pp-pages-browser
    Used by 1 module(s), i. e.
    javascript/auto|C:\antigra
vity\afse\node_modules\next\di
st\build\webpack\loaders\next-
flight-client-module-loader.js
!C:\antigravity\afse\node_modu
les\next\dist\build\webpack\lo
aders\next-swc-loader.js??rule
Set[1].rules[16].oneOf[6].use[
1]!C:\antigravity\afse\node_mo
dules\next\dist\shared\lib\rou
ter\utils\app-paths.js|app-pag
es-browser

Import trace for requested mod
ule:
./node_modules/next/dist/share
d/lib/page-path/ensure-leading
-slash.js
./node_modules/next/dist/share
d/lib/router/utils/app-paths.j
s
./node_modules/next/dist/share
d/lib/router/utils/interceptio
n-routes.js
./node_modules/next/dist/clien
t/components/router-reducer/co
mpute-changed-path.js
./node_modules/next/dist/clien
t/components/app-router.js
./node_modules/next/dist/clien
t/app-index.js

./node_modules/next/dist/share
d/lib/router/utils/add-path-pr
efix.js
There are multiple modules wit
h names that only differ in ca
sing.
This can lead to unexpected be
havior when compiling on a fil
esystem with other case-semant
ic.
Use equal casing. Compare thes
e module identifiers:
* javascript/auto|C:\antigravi
ty\afse\node_modules\next\dist
\build\webpack\loaders\next-fl
ight-client-module-loader.js!C
:\antigravity\afse\node_module
s\next\dist\build\webpack\load
ers\next-swc-loader.js??ruleSe
t[1].rules[16].oneOf[6].use[1]
!C:\antigravity\AFSE\node_modu
les\next\dist\shared\lib\route
r\utils\add-path-prefix.js|app
-pages-browser
    Used by 1 module(s), i. e.
    javascript/auto|C:\antigra
vity\afse\node_modules\next\di
st\build\webpack\loaders\next-
flight-client-module-loader.js
!C:\antigravity\afse\node_modu
les\next\dist\build\webpack\lo
aders\next-swc-loader.js??rule
Set[1].rules[16].oneOf[6].use[
1]!C:\antigravity\AFSE\node_mo
dules\next\dist\client\add-bas
e-path.js|app-pages-browser
* javascript/auto|C:\antigravi
ty\afse\node_modules\next\dist
\build\webpack\loaders\next-fl
ight-client-module-loader.js!C
:\antigravity\afse\node_module
s\next\dist\build\webpack\load
ers\next-swc-loader.js??ruleSe
t[1].rules[16].oneOf[6].use[1]
!C:\antigravity\afse\node_modu
les\next\dist\shared\lib\route
r\utils\add-path-prefix.js|app
-pages-browser
    Used by 1 module(s), i. e.
    javascript/auto|C:\antigra
vity\afse\node_modules\next\di
st\build\webpack\loaders\next-
flight-client-module-loader.js
!C:\antigravity\afse\node_modu
les\next\dist\build\webpack\lo
aders\next-swc-loader.js??rule
Set[1].rules[16].oneOf[6].use[
1]!C:\antigravity\afse\node_mo
dules\next\dist\client\add-bas
e-path.js|app-pages-browser

Import trace for requested mod
ule:
./node_modules/next/dist/share
d/lib/router/utils/add-path-pr
efix.js
./node_modules/next/dist/clien
t/add-base-path.js
./node_modules/next/dist/clien
t/components/app-router-instan
ce.js
./node_modules/next/dist/clien
t/app-index.js

./node_modules/next/dist/share
d/lib/router/utils/app-paths.j
s
There are multiple modules wit
h names that only differ in ca
sing.
This can lead to unexpected be
havior when compiling on a fil
esystem with other case-semant
ic.
Use equal casing. Compare thes
e module identifiers:
* javascript/auto|C:\antigravi
ty\afse\node_modules\next\dist
\build\webpack\loaders\next-fl
ight-client-module-loader.js!C
:\antigravity\afse\node_module
s\next\dist\build\webpack\load
ers\next-swc-loader.js??ruleSe
t[1].rules[16].oneOf[6].use[1]
!C:\antigravity\AFSE\node_modu
les\next\dist\shared\lib\route
r\utils\app-paths.js|app-pages
-browser
    Used by 2 module(s), i. e.
    javascript/auto|C:\antigra
vity\afse\node_modules\next\di
st\build\webpack\loaders\next-
flight-client-module-loader.js
!C:\antigravity\afse\node_modu
les\next\dist\build\webpack\lo
aders\next-swc-loader.js??rule
Set[1].rules[16].oneOf[6].use[
1]!C:\antigravity\AFSE\node_mo
dules\next\dist\shared\lib\rou
ter\utils\interception-routes.
js|app-pages-browser
* javascript/auto|C:\antigravi
ty\afse\node_modules\next\dist
\build\webpack\loaders\next-fl
ight-client-module-loader.js!C
:\antigravity\afse\node_module
s\next\dist\build\webpack\load
ers\next-swc-loader.js??ruleSe
t[1].rules[16].oneOf[6].use[1]
!C:\antigravity\afse\node_modu
les\next\dist\shared\lib\route
r\utils\app-paths.js|app-pages
-browser
    Used by 3 module(s), i. e.
    javascript/auto|C:\antigra
vity\afse\node_modules\next\di
st\build\webpack\loaders\next-
flight-client-module-loader.js
!C:\antigravity\afse\node_modu
les\next\dist\build\webpack\lo
aders\next-swc-loader.js??rule
Set[1].rules[16].oneOf[6].use[
1]!C:\antigravity\afse\node_mo
dules\next\dist\client\compone
nts\layout-router.js|app-pages
-browser

Import trace for requested mod
ule:
./node_modules/next/dist/share
d/lib/router/utils/app-paths.j
s
./node_modules/next/dist/share
d/lib/router/utils/interceptio
n-routes.js
./node_modules/next/dist/clien
t/components/router-reducer/co
mpute-changed-path.js
./node_modules/next/dist/clien
t/components/app-router.js
./node_modules/next/dist/clien
t/app-index.js

./node_modules/next/dist/share
d/lib/router/utils/cache-busti
ng-search-param.js
There are multiple modules wit
h names that only differ in ca
sing.
This can lead to unexpected be
havior when compiling on a fil
esystem with other case-semant
ic.
Use equal casing. Compare thes
e module identifiers:
* javascript/auto|C:\antigravi
ty\afse\node_modules\next\dist
\build\webpack\loaders\next-fl
ight-client-module-loader.js!C
:\antigravity\afse\node_module
s\next\dist\build\webpack\load
ers\next-swc-loader.js??ruleSe
t[1].rules[16].oneOf[6].use[1]
!C:\antigravity\AFSE\node_modu
les\next\dist\shared\lib\route
r\utils\cache-busting-search-p
aram.js|app-pages-browser
    Used by 1 module(s), i. e.
    javascript/auto|C:\antigra
vity\afse\node_modules\next\di
st\build\webpack\loaders\next-
flight-client-module-loader.js
!C:\antigravity\afse\node_modu
les\next\dist\build\webpack\lo
aders\next-swc-loader.js??rule
Set[1].rules[16].oneOf[6].use[
1]!C:\antigravity\AFSE\node_mo
dules\next\dist\client\compone
nts\router-reducer\set-cache-b
usting-search-param.js|app-pag
es-browser
* javascript/auto|C:\antigravi
ty\afse\node_modules\next\dist
\build\webpack\loaders\next-fl
ight-client-module-loader.js!C
:\antigravity\afse\node_module
s\next\dist\build\webpack\load
ers\next-swc-loader.js??ruleSe
t[1].rules[16].oneOf[6].use[1]
!C:\antigravity\afse\node_modu
les\next\dist\shared\lib\route
r\utils\cache-busting-search-p
aram.js|app-pages-browser
    Used by 1 module(s), i. e.
    javascript/auto|C:\antigra
vity\afse\node_modules\next\di
st\build\webpack\loaders\next-
flight-client-module-loader.js
!C:\antigravity\afse\node_modu
les\next\dist\build\webpack\lo
aders\next-swc-loader.js??rule
Set[1].rules[16].oneOf[6].use[
1]!C:\antigravity\afse\node_mo
dules\next\dist\client\compone
nts\router-reducer\set-cache-b
usting-search-param.js|app-pag
es-browser

Import trace for requested mod
ule:
./node_modules/next/dist/share
d/lib/router/utils/cache-busti
ng-search-param.js
./node_modules/next/dist/clien
t/components/router-reducer/se
t-cache-busting-search-param.j
s
./node_modules/next/dist/clien
t/components/router-reducer/fe
tch-server-response.js
./node_modules/next/dist/clien
t/components/router-reducer/pr
efetch-cache-utils.js
./node_modules/next/dist/clien
t/components/router-reducer/cr
eate-initial-router-state.js
./node_modules/next/dist/clien
t/app-index.js

./node_modules/next/dist/share
d/lib/router/utils/html-bots.j
s
There are multiple modules wit
h names that only differ in ca
sing.
This can lead to unexpected be
havior when compiling on a fil
esystem with other case-semant
ic.
Use equal casing. Compare thes
e module identifiers:
* javascript/auto|C:\antigravi
ty\afse\node_modules\next\dist
\build\webpack\loaders\next-fl
ight-client-module-loader.js!C
:\antigravity\afse\node_module
s\next\dist\build\webpack\load
ers\next-swc-loader.js??ruleSe
t[1].rules[16].oneOf[6].use[1]
!C:\antigravity\AFSE\node_modu
les\next\dist\shared\lib\route
r\utils\html-bots.js|app-pages
-browser
    Used by 1 module(s), i. e.
    javascript/auto|C:\antigra
vity\afse\node_modules\next\di
st\build\webpack\loaders\next-
flight-client-module-loader.js
!C:\antigravity\afse\node_modu
les\next\dist\build\webpack\lo
aders\next-swc-loader.js??rule
Set[1].rules[16].oneOf[6].use[
1]!C:\antigravity\AFSE\node_mo
dules\next\dist\shared\lib\rou
ter\utils\is-bot.js|app-pages-
browser
* javascript/auto|C:\antigravi
ty\afse\node_modules\next\dist
\build\webpack\loaders\next-fl
ight-client-module-loader.js!C
:\antigravity\afse\node_module
s\next\dist\build\webpack\load
ers\next-swc-loader.js??ruleSe
t[1].rules[16].oneOf[6].use[1]
!C:\antigravity\afse\node_modu
les\next\dist\shared\lib\route
r\utils\html-bots.js|app-pages
-browser
    Used by 1 module(s), i. e.
    javascript/auto|C:\antigra
vity\afse\node_modules\next\di
st\build\webpack\loaders\next-
flight-client-module-loader.js
!C:\antigravity\afse\node_modu
les\next\dist\build\webpack\lo
aders\next-swc-loader.js??rule
Set[1].rules[16].oneOf[6].use[
1]!C:\antigravity\afse\node_mo
dules\next\dist\shared\lib\rou
ter\utils\is-bot.js|app-pages-
browser

Import trace for requested mod
ule:
./node_modules/next/dist/share
d/lib/router/utils/html-bots.j
s
./node_modules/next/dist/share
d/lib/router/utils/is-bot.js
./node_modules/next/dist/clien
t/components/app-router.js
./node_modules/next/dist/clien
t/app-index.js

./node_modules/next/dist/share
d/lib/router/utils/interceptio
n-routes.js
There are multiple modules wit
h names that only differ in ca
sing.
This can lead to unexpected be
havior when compiling on a fil
esystem with other case-semant
ic.
Use equal casing. Compare thes
e module identifiers:
* javascript/auto|C:\antigravi
ty\afse\node_modules\next\dist
\build\webpack\loaders\next-fl
ight-client-module-loader.js!C
:\antigravity\afse\node_module
s\next\dist\build\webpack\load
ers\next-swc-loader.js??ruleSe
t[1].rules[16].oneOf[6].use[1]
!C:\antigravity\AFSE\node_modu
les\next\dist\shared\lib\route
r\utils\interception-routes.js
|app-pages-browser
    Used by 3 module(s), i. e.
    javascript/auto|C:\antigra
vity\afse\node_modules\next\di
st\build\webpack\loaders\next-
flight-client-module-loader.js
!C:\antigravity\afse\node_modu
les\next\dist\build\webpack\lo
aders\next-swc-loader.js??rule
Set[1].rules[16].oneOf[6].use[
1]!C:\antigravity\AFSE\node_mo
dules\next\dist\client\compone
nts\router-reducer\compute-cha
nged-path.js|app-pages-browser
* javascript/auto|C:\antigravi
ty\afse\node_modules\next\dist
\build\webpack\loaders\next-fl
ight-client-module-loader.js!C
:\antigravity\afse\node_module
s\next\dist\build\webpack\load
ers\next-swc-loader.js??ruleSe
t[1].rules[16].oneOf[6].use[1]
!C:\antigravity\afse\node_modu
les\next\dist\shared\lib\route
r\utils\interception-routes.js
|app-pages-browser
    Used by 3 module(s), i. e.
    javascript/auto|C:\antigra
vity\afse\node_modules\next\di
st\build\webpack\loaders\next-
flight-client-module-loader.js
!C:\antigravity\afse\node_modu
les\next\dist\build\webpack\lo
aders\next-swc-loader.js??rule
Set[1].rules[16].oneOf[6].use[
1]!C:\antigravity\afse\node_mo
dules\next\dist\client\compone
nts\router-reducer\reducers\ha
s-interception-route-in-curren
t-tree.js|app-pages-browser

Import trace for requested mod
ule:
./node_modules/next/dist/share
d/lib/router/utils/interceptio
n-routes.js
./node_modules/next/dist/clien
t/components/router-reducer/co
mpute-changed-path.js
./node_modules/next/dist/clien
t/components/app-router.js
./node_modules/next/dist/clien
t/app-index.js

./node_modules/next/dist/share
d/lib/router/utils/is-bot.js
There are multiple modules wit
h names that only differ in ca
sing.
This can lead to unexpected be
havior when compiling on a fil
esystem with other case-semant
ic.
Use equal casing. Compare thes
e module identifiers:
* javascript/auto|C:\antigravi
ty\afse\node_modules\next\dist
\build\webpack\loaders\next-fl
ight-client-module-loader.js!C
:\antigravity\afse\node_module
s\next\dist\build\webpack\load
ers\next-swc-loader.js??ruleSe
t[1].rules[16].oneOf[6].use[1]
!C:\antigravity\AFSE\node_modu
les\next\dist\shared\lib\route
r\utils\is-bot.js|app-pages-br
owser
    Used by 4 module(s), i. e.
    javascript/auto|C:\antigra
vity\afse\node_modules\next\di
st\build\webpack\loaders\next-
flight-client-module-loader.js
!C:\antigravity\afse\node_modu
les\next\dist\build\webpack\lo
aders\next-swc-loader.js??rule
Set[1].rules[16].oneOf[6].use[
1]!C:\antigravity\AFSE\node_mo
dules\next\dist\client\compone
nts\app-router.js|app-pages-br
owser
* javascript/auto|C:\antigravi
ty\afse\node_modules\next\dist
\build\webpack\loaders\next-fl
ight-client-module-loader.js!C
:\antigravity\afse\node_module
s\next\dist\build\webpack\load
ers\next-swc-loader.js??ruleSe
t[1].rules[16].oneOf[6].use[1]
!C:\antigravity\afse\node_modu
les\next\dist\shared\lib\route
r\utils\is-bot.js|app-pages-br
owser
    Used by 4 module(s), i. e.
    javascript/auto|C:\antigra
vity\afse\node_modules\next\di
st\build\webpack\loaders\next-
flight-client-module-loader.js
!C:\antigravity\afse\node_modu
les\next\dist\build\webpack\lo
aders\next-swc-loader.js??rule
Set[1].rules[16].oneOf[6].use[
1]!C:\antigravity\afse\node_mo
dules\next\dist\client\compone
nts\app-router.js|app-pages-br
owser

Import trace for requested mod
ule:
./node_modules/next/dist/share
d/lib/router/utils/is-bot.js
./node_modules/next/dist/clien
t/components/app-router.js
./node_modules/next/dist/clien
t/app-index.js

./node_modules/next/dist/share
d/lib/router/utils/parse-path.
js
There are multiple modules wit
h names that only differ in ca
sing.
This can lead to unexpected be
havior when compiling on a fil
esystem with other case-semant
ic.
Use equal casing. Compare thes
e module identifiers:
* javascript/auto|C:\antigravi
ty\afse\node_modules\next\dist
\build\webpack\loaders\next-fl
ight-client-module-loader.js!C
:\antigravity\afse\node_module
s\next\dist\build\webpack\load
ers\next-swc-loader.js??ruleSe
t[1].rules[16].oneOf[6].use[1]
!C:\antigravity\AFSE\node_modu
les\next\dist\shared\lib\route
r\utils\parse-path.js|app-page
s-browser
    Used by 3 module(s), i. e.
    javascript/auto|C:\antigra
vity\afse\node_modules\next\di
st\build\webpack\loaders\next-
flight-client-module-loader.js
!C:\antigravity\afse\node_modu
les\next\dist\build\webpack\lo
aders\next-swc-loader.js??rule
Set[1].rules[16].oneOf[6].use[
1]!C:\antigravity\AFSE\node_mo
dules\next\dist\shared\lib\rou
ter\utils\add-path-prefix.js|a
pp-pages-browser
* javascript/auto|C:\antigravi
ty\afse\node_modules\next\dist
\build\webpack\loaders\next-fl
ight-client-module-loader.js!C
:\antigravity\afse\node_module
s\next\dist\build\webpack\load
ers\next-swc-loader.js??ruleSe
t[1].rules[16].oneOf[6].use[1]
!C:\antigravity\afse\node_modu
les\next\dist\shared\lib\route
r\utils\parse-path.js|app-page
s-browser
    Used by 3 module(s), i. e.
    javascript/auto|C:\antigra
vity\afse\node_modules\next\di
st\build\webpack\loaders\next-
flight-client-module-loader.js
!C:\antigravity\afse\node_modu
les\next\dist\build\webpack\lo
aders\next-swc-loader.js??rule
Set[1].rules[16].oneOf[6].use[
1]!C:\antigravity\afse\node_mo
dules\next\dist\shared\lib\rou
ter\utils\add-path-prefix.js|a
pp-pages-browser

Import trace for requested mod
ule:
./node_modules/next/dist/share
d/lib/router/utils/parse-path.
js
./node_modules/next/dist/share
d/lib/router/utils/add-path-pr
efix.js
./node_modules/next/dist/clien
t/add-base-path.js
./node_modules/next/dist/clien
t/components/app-router-instan
ce.js
./node_modules/next/dist/clien
t/app-index.js

./node_modules/next/dist/share
d/lib/router/utils/path-has-pr
efix.js
There are multiple modules wit
h names that only differ in ca
sing.
This can lead to unexpected be
havior when compiling on a fil
esystem with other case-semant
ic.
Use equal casing. Compare thes
e module identifiers:
* javascript/auto|C:\antigravi
ty\afse\node_modules\next\dist
\build\webpack\loaders\next-fl
ight-client-module-loader.js!C
:\antigravity\afse\node_module
s\next\dist\build\webpack\load
ers\next-swc-loader.js??ruleSe
t[1].rules[16].oneOf[6].use[1]
!C:\antigravity\AFSE\node_modu
les\next\dist\shared\lib\route
r\utils\path-has-prefix.js|app
-pages-browser
    Used by 1 module(s), i. e.
    javascript/auto|C:\antigra
vity\afse\node_modules\next\di
st\build\webpack\loaders\next-
flight-client-module-loader.js
!C:\antigravity\afse\node_modu
les\next\dist\build\webpack\lo
aders\next-swc-loader.js??rule
Set[1].rules[16].oneOf[6].use[
1]!C:\antigravity\AFSE\node_mo
dules\next\dist\client\has-bas
e-path.js|app-pages-browser
* javascript/auto|C:\antigravi
ty\afse\node_modules\next\dist
\build\webpack\loaders\next-fl
ight-client-module-loader.js!C
:\antigravity\afse\node_module
s\next\dist\build\webpack\load
ers\next-swc-loader.js??ruleSe
t[1].rules[16].oneOf[6].use[1]
!C:\antigravity\afse\node_modu
les\next\dist\shared\lib\route
r\utils\path-has-prefix.js|app
-pages-browser
    Used by 1 module(s), i. e.
    javascript/auto|C:\antigra
vity\afse\node_modules\next\di
st\build\webpack\loaders\next-
flight-client-module-loader.js
!C:\antigravity\afse\node_modu
les\next\dist\build\webpack\lo
aders\next-swc-loader.js??rule
Set[1].rules[16].oneOf[6].use[
1]!C:\antigravity\afse\node_mo
dules\next\dist\client\has-bas
e-path.js|app-pages-browser

Import trace for requested mod
ule:
./node_modules/next/dist/share
d/lib/router/utils/path-has-pr
efix.js
./node_modules/next/dist/clien
t/has-base-path.js
./node_modules/next/dist/clien
t/components/app-router.js
./node_modules/next/dist/clien
t/app-index.js

./node_modules/next/dist/share
d/lib/router/utils/remove-trai
ling-slash.js
There are multiple modules wit
h names that only differ in ca
sing.
This can lead to unexpected be
havior when compiling on a fil
esystem with other case-semant
ic.
Use equal casing. Compare thes
e module identifiers:
* javascript/auto|C:\antigravi
ty\afse\node_modules\next\dist
\build\webpack\loaders\next-fl
ight-client-module-loader.js!C
:\antigravity\afse\node_module
s\next\dist\build\webpack\load
ers\next-swc-loader.js??ruleSe
t[1].rules[16].oneOf[6].use[1]
!C:\antigravity\AFSE\node_modu
les\next\dist\shared\lib\route
r\utils\remove-trailing-slash.
js|app-pages-browser
    Used by 1 module(s), i. e.
    javascript/auto|C:\antigra
vity\afse\node_modules\next\di
st\build\webpack\loaders\next-
flight-client-module-loader.js
!C:\antigravity\afse\node_modu
les\next\dist\build\webpack\lo
aders\next-swc-loader.js??rule
Set[1].rules[16].oneOf[6].use[
1]!C:\antigravity\AFSE\node_mo
dules\next\dist\client\normali
ze-trailing-slash.js|app-pages
-browser
* javascript/auto|C:\antigravi
ty\afse\node_modules\next\dist
\build\webpack\loaders\next-fl
ight-client-module-loader.js!C
:\antigravity\afse\node_module
s\next\dist\build\webpack\load
ers\next-swc-loader.js??ruleSe
t[1].rules[16].oneOf[6].use[1]
!C:\antigravity\afse\node_modu
les\next\dist\shared\lib\route
r\utils\remove-trailing-slash.
js|app-pages-browser
    Used by 1 module(s), i. e.
    javascript/auto|C:\antigra
vity\afse\node_modules\next\di
st\build\webpack\loaders\next-
flight-client-module-loader.js
!C:\antigravity\afse\node_modu
les\next\dist\build\webpack\lo
aders\next-swc-loader.js??rule
Set[1].rules[16].oneOf[6].use[
1]!C:\antigravity\afse\node_mo
dules\next\dist\client\normali
ze-trailing-slash.js|app-pages
-browser

Import trace for requested mod
ule:
./node_modules/next/dist/share
d/lib/router/utils/remove-trai
ling-slash.js
./node_modules/next/dist/clien
t/normalize-trailing-slash.js
./node_modules/next/dist/clien
t/add-base-path.js
./node_modules/next/dist/clien
t/components/app-router-instan
ce.js
./node_modules/next/dist/clien
t/app-index.js

./node_modules/next/dist/share
d/lib/segment-cache/segment-va
lue-encoding.js
There are multiple modules wit
h names that only differ in ca
sing.
This can lead to unexpected be
havior when compiling on a fil
esystem with other case-semant
ic.
Use equal casing. Compare thes
e module identifiers:
* javascript/auto|C:\antigravi
ty\afse\node_modules\next\dist
\build\webpack\loaders\next-fl
ight-client-module-loader.js!C
:\antigravity\afse\node_module
s\next\dist\build\webpack\load
ers\next-swc-loader.js??ruleSe
t[1].rules[16].oneOf[6].use[1]
!C:\antigravity\AFSE\node_modu
les\next\dist\shared\lib\segme
nt-cache\segment-value-encodin
g.js|app-pages-browser
    Used by 2 module(s), i. e.
    javascript/auto|C:\antigra
vity\afse\node_modules\next\di
st\build\webpack\loaders\next-
flight-client-module-loader.js
!C:\antigravity\afse\node_modu
les\next\dist\build\webpack\lo
aders\next-swc-loader.js??rule
Set[1].rules[16].oneOf[6].use[
1]!C:\antigravity\AFSE\node_mo
dules\next\dist\client\route-p
arams.js|app-pages-browser
* javascript/auto|C:\antigravi
ty\afse\node_modules\next\dist
\build\webpack\loaders\next-fl
ight-client-module-loader.js!C
:\antigravity\afse\node_module
s\next\dist\build\webpack\load
ers\next-swc-loader.js??ruleSe
t[1].rules[16].oneOf[6].use[1]
!C:\antigravity\afse\node_modu
les\next\dist\shared\lib\segme
nt-cache\segment-value-encodin
g.js|app-pages-browser
    Used by 2 module(s), i. e.
    javascript/auto|C:\antigra
vity\afse\node_modules\next\di
st\build\webpack\loaders\next-
flight-client-module-loader.js
!C:\antigravity\afse\node_modu
les\next\dist\build\webpack\lo
aders\next-swc-loader.js??rule
Set[1].rules[16].oneOf[6].use[
1]!C:\antigravity\afse\node_mo
dules\next\dist\client\route-p
arams.js|app-pages-browser

Import trace for requested mod
ule:
./node_modules/next/dist/share
d/lib/segment-cache/segment-va
lue-encoding.js
./node_modules/next/dist/clien
t/route-params.js
./node_modules/next/dist/clien
t/components/router-reducer/fe
tch-server-response.js
./node_modules/next/dist/clien
t/components/router-reducer/pr
efetch-cache-utils.js
./node_modules/next/dist/clien
t/components/router-reducer/cr
eate-initial-router-state.js
./node_modules/next/dist/clien
t/app-index.js

./node_modules/next/dist/share
d/lib/segment.js
There are multiple modules wit
h names that only differ in ca
sing.
This can lead to unexpected be
havior when compiling on a fil
esystem with other case-semant
ic.
Use equal casing. Compare thes
e module identifiers:
* javascript/auto|C:\antigravi
ty\afse\node_modules\next\dist
\build\webpack\loaders\next-fl
ight-client-module-loader.js!C
:\antigravity\afse\node_module
s\next\dist\build\webpack\load
ers\next-swc-loader.js??ruleSe
t[1].rules[16].oneOf[6].use[1]
!C:\antigravity\AFSE\node_modu
les\next\dist\shared\lib\segme
nt.js|app-pages-browser
    Used by 15 module(s), i. e
.
    javascript/auto|C:\antigra
vity\afse\node_modules\next\di
st\build\webpack\loaders\next-
flight-client-module-loader.js
!C:\antigravity\afse\node_modu
les\next\dist\build\webpack\lo
aders\next-swc-loader.js??rule
Set[1].rules[16].oneOf[6].use[
1]!C:\antigravity\AFSE\node_mo
dules\next\dist\client\compone
nts\router-reducer\reducers\fi
nd-head-in-cache.js|app-pages-
browser
* javascript/auto|C:\antigravi
ty\afse\node_modules\next\dist
\build\webpack\loaders\next-fl
ight-client-module-loader.js!C
:\antigravity\afse\node_module
s\next\dist\build\webpack\load
ers\next-swc-loader.js??ruleSe
t[1].rules[16].oneOf[6].use[1]
!C:\antigravity\afse\node_modu
les\next\dist\shared\lib\segme
nt.js|app-pages-browser
    Used by 15 module(s), i. e
.
    javascript/auto|C:\antigra
vity\afse\node_modules\next\di
st\build\webpack\loaders\next-
flight-client-module-loader.js
!C:\antigravity\afse\node_modu
les\next\dist\build\webpack\lo
aders\next-swc-loader.js??rule
Set[1].rules[16].oneOf[6].use[
1]!C:\antigravity\afse\node_mo
dules\next\dist\client\compone
nts\router-reducer\create-rout
er-cache-key.js|app-pages-brow
ser

Import trace for requested mod
ule:
./node_modules/next/dist/share
d/lib/segment.js
./node_modules/next/dist/clien
t/components/router-reducer/re
ducers/find-head-in-cache.js
./node_modules/next/dist/clien
t/components/app-router.js
./node_modules/next/dist/clien
t/app-index.js

./node_modules/next/dist/share
d/lib/server-inserted-html.sha
red-runtime.js
There are multiple modules wit
h names that only differ in ca
sing.
This can lead to unexpected be
havior when compiling on a fil
esystem with other case-semant
ic.
Use equal casing. Compare thes
e module identifiers:
* javascript/auto|C:\antigravi
ty\afse\node_modules\next\dist
\build\webpack\loaders\next-fl
ight-client-module-loader.js!C
:\antigravity\afse\node_module
s\next\dist\build\webpack\load
ers\next-swc-loader.js??ruleSe
t[1].rules[16].oneOf[6].use[1]
!C:\antigravity\AFSE\node_modu
les\next\dist\shared\lib\serve
r-inserted-html.shared-runtime
.js|app-pages-browser
    Used by 2 module(s), i. e.
    javascript/auto|C:\antigra
vity\afse\node_modules\next\di
st\build\webpack\loaders\next-
flight-client-module-loader.js
!C:\antigravity\afse\node_modu
les\next\dist\build\webpack\lo
aders\next-swc-loader.js??rule
Set[1].rules[16].oneOf[6].use[
1]!C:\antigravity\AFSE\node_mo
dules\next\dist\client\compone
nts\navigation.js|app-pages-br
owser
* javascript/auto|C:\antigravi
ty\afse\node_modules\next\dist
\build\webpack\loaders\next-fl
ight-client-module-loader.js!C
:\antigravity\afse\node_module
s\next\dist\build\webpack\load
ers\next-swc-loader.js??ruleSe
t[1].rules[16].oneOf[6].use[1]
!C:\antigravity\afse\node_modu
les\next\dist\shared\lib\serve
r-inserted-html.shared-runtime
.js|app-pages-browser
    Used by 2 module(s), i. e.
    javascript/auto|C:\antigra
vity\afse\node_modules\next\di
st\build\webpack\loaders\next-
flight-client-module-loader.js
!C:\antigravity\afse\node_modu
les\next\dist\build\webpack\lo
aders\next-swc-loader.js??rule
Set[1].rules[16].oneOf[6].use[
1]!C:\antigravity\afse\node_mo
dules\next\dist\client\compone
nts\navigation.js|app-pages-br
owser

Import trace for requested mod
ule:
./node_modules/next/dist/share
d/lib/server-inserted-html.sha
red-runtime.js
./node_modules/next/dist/clien
t/components/navigation.js
./node_modules/next/dist/clien
t/components/redirect-boundary
.js
./node_modules/next/dist/clien
t/components/app-router.js
./node_modules/next/dist/clien
t/app-index.js

./node_modules/next/dist/share
d/lib/server-reference-info.js
There are multiple modules wit
h names that only differ in ca
sing.
This can lead to unexpected be
havior when compiling on a fil
esystem with other case-semant
ic.
Use equal casing. Compare thes
e module identifiers:
* javascript/auto|C:\antigravi
ty\afse\node_modules\next\dist
\build\webpack\loaders\next-fl
ight-client-module-loader.js!C
:\antigravity\afse\node_module
s\next\dist\build\webpack\load
ers\next-swc-loader.js??ruleSe
t[1].rules[16].oneOf[6].use[1]
!C:\antigravity\AFSE\node_modu
les\next\dist\shared\lib\serve
r-reference-info.js|app-pages-
browser
    Used by 2 module(s), i. e.
    javascript/auto|C:\antigra
vity\afse\node_modules\next\di
st\build\webpack\loaders\next-
flight-client-module-loader.js
!C:\antigravity\afse\node_modu
les\next\dist\build\webpack\lo
aders\next-swc-loader.js??rule
Set[1].rules[16].oneOf[6].use[
1]!C:\antigravity\AFSE\node_mo
dules\next\dist\client\compone
nts\router-reducer\reducers\se
rver-action-reducer.js|app-pag
es-browser
* javascript/auto|C:\antigravi
ty\afse\node_modules\next\dist
\build\webpack\loaders\next-fl
ight-client-module-loader.js!C
:\antigravity\afse\node_module
s\next\dist\build\webpack\load
ers\next-swc-loader.js??ruleSe
t[1].rules[16].oneOf[6].use[1]
!C:\antigravity\afse\node_modu
les\next\dist\shared\lib\serve
r-reference-info.js|app-pages-
browser
    Used by 2 module(s), i. e.
    javascript/auto|C:\antigra
vity\afse\node_modules\next\di
st\build\webpack\loaders\next-
flight-client-module-loader.js
!C:\antigravity\afse\node_modu
les\next\dist\build\webpack\lo
aders\next-swc-loader.js??rule
Set[1].rules[16].oneOf[6].use[
1]!C:\antigravity\afse\node_mo
dules\next\dist\client\compone
nts\router-reducer\reducers\se
rver-action-reducer.js|app-pag
es-browser

Import trace for requested mod
ule:
./node_modules/next/dist/share
d/lib/server-reference-info.js
./node_modules/next/dist/clien
t/components/router-reducer/re
ducers/server-action-reducer.j
s
./node_modules/next/dist/clien
t/components/router-reducer/ro
uter-reducer.js
./node_modules/next/dist/clien
t/components/app-router-instan
ce.js
./node_modules/next/dist/clien
t/app-index.js

./node_modules/next/dist/clien
t/add-base-path.js
There are multiple modules wit
h names that only differ in ca
sing.
This can lead to unexpected be
havior when compiling on a fil
esystem with other case-semant
ic.
Use equal casing. Compare thes
e module identifiers:
* javascript/auto|C:\antigravi
ty\afse\node_modules\next\dist
\build\webpack\loaders\next-sw
c-loader.js??ruleSet[1].rules[
16].oneOf[8].use[0]!C:\antigra
vity\AFSE\node_modules\next\di
st\client\add-base-path.js|pag
es-dir-browser
    Used by 3 module(s), i. e.
    javascript/auto|C:\antigra
vity\afse\node_modules\next\di
st\build\webpack\loaders\next-
swc-loader.js??ruleSet[1].rule
s[16].oneOf[8].use[0]!C:\antig
ravity\AFSE\node_modules\next\
dist\client\page-loader.js|pag
es-dir-browser
* javascript/auto|C:\antigravi
ty\afse\node_modules\next\dist
\build\webpack\loaders\next-sw
c-loader.js??ruleSet[1].rules[
16].oneOf[8].use[0]!C:\antigra
vity\afse\node_modules\next\di
st\client\add-base-path.js|pag
es-dir-browser
    Used by 2 module(s), i. e.
    javascript/auto|C:\antigra
vity\afse\node_modules\next\di
st\build\webpack\loaders\next-
swc-loader.js??ruleSet[1].rule
s[16].oneOf[8].use[0]!C:\antig
ravity\afse\node_modules\next\
dist\shared\lib\router\router.
js|pages-dir-browser

Import trace for requested mod
ule:
./node_modules/next/dist/clien
t/add-base-path.js
./node_modules/next/dist/clien
t/page-loader.js
./node_modules/next/dist/clien
t/index.js

./node_modules/next/dist/clien
t/add-locale.js
There are multiple modules wit
h names that only differ in ca
sing.
This can lead to unexpected be
havior when compiling on a fil
esystem with other case-semant
ic.
Use equal casing. Compare thes
e module identifiers:
* javascript/auto|C:\antigravi
ty\afse\node_modules\next\dist
\build\webpack\loaders\next-sw
c-loader.js??ruleSet[1].rules[
16].oneOf[8].use[0]!C:\antigra
vity\AFSE\node_modules\next\di
st\client\add-locale.js|pages-
dir-browser
    Used by 3 module(s), i. e.
    javascript/auto|C:\antigra
vity\afse\node_modules\next\di
st\build\webpack\loaders\next-
swc-loader.js??ruleSet[1].rule
s[16].oneOf[8].use[0]!C:\antig
ravity\AFSE\node_modules\next\
dist\client\page-loader.js|pag
es-dir-browser
* javascript/auto|C:\antigravi
ty\afse\node_modules\next\dist
\build\webpack\loaders\next-sw
c-loader.js??ruleSet[1].rules[
16].oneOf[8].use[0]!C:\antigra
vity\afse\node_modules\next\di
st\client\add-locale.js|pages-
dir-browser
    Used by 2 module(s), i. e.
    javascript/auto|C:\antigra
vity\afse\node_modules\next\di
st\build\webpack\loaders\next-
swc-loader.js??ruleSet[1].rule
s[16].oneOf[8].use[0]!C:\antig
ravity\afse\node_modules\next\
dist\shared\lib\router\router.
js|pages-dir-browser

Import trace for requested mod
ule:
./node_modules/next/dist/clien
t/add-locale.js
./node_modules/next/dist/clien
t/page-loader.js
./node_modules/next/dist/clien
t/index.js

./node_modules/next/dist/clien
t/detect-domain-locale.js
There are multiple modules wit
h names that only differ in ca
sing.
This can lead to unexpected be
havior when compiling on a fil
esystem with other case-semant
ic.
Use equal casing. Compare thes
e module identifiers:
* javascript/auto|C:\antigravi
ty\afse\node_modules\next\dist
\build\webpack\loaders\next-sw
c-loader.js??ruleSet[1].rules[
16].oneOf[8].use[0]!C:\antigra
vity\AFSE\node_modules\next\di
st\client\detect-domain-locale
.js|pages-dir-browser
    Used by 2 module(s), i. e.
    javascript/auto|C:\antigra
vity\afse\node_modules\next\di
st\build\webpack\loaders\next-
swc-loader.js??ruleSet[1].rule
s[16].oneOf[8].use[0]!C:\antig
ravity\AFSE\node_modules\next\
dist\shared\lib\router\router.
js|pages-dir-browser
* javascript/auto|C:\antigravi
ty\afse\node_modules\next\dist
\build\webpack\loaders\next-sw
c-loader.js??ruleSet[1].rules[
16].oneOf[8].use[0]!C:\antigra
vity\afse\node_modules\next\di
st\client\detect-domain-locale
.js|pages-dir-browser
    Used by 2 module(s), i. e.
    javascript/auto|C:\antigra
vity\afse\node_modules\next\di
st\build\webpack\loaders\next-
swc-loader.js??ruleSet[1].rule
s[16].oneOf[8].use[0]!C:\antig
ravity\afse\node_modules\next\
dist\shared\lib\router\router.
js|pages-dir-browser

Import trace for requested mod
ule:
./node_modules/next/dist/clien
t/detect-domain-locale.js
./node_modules/next/dist/share
d/lib/router/router.js
./node_modules/next/dist/clien
t/router.js
./node_modules/next/dist/clien
t/index.js

./node_modules/next/dist/clien
t/has-base-path.js
There are multiple modules wit
h names that only differ in ca
sing.
This can lead to unexpected be
havior when compiling on a fil
esystem with other case-semant
ic.
Use equal casing. Compare thes
e module identifiers:
* javascript/auto|C:\antigravi
ty\afse\node_modules\next\dist
\build\webpack\loaders\next-sw
c-loader.js??ruleSet[1].rules[
16].oneOf[8].use[0]!C:\antigra
vity\AFSE\node_modules\next\di
st\client\has-base-path.js|pag
es-dir-browser
    Used by 5 module(s), i. e.
    javascript/auto|C:\antigra
vity\afse\node_modules\next\di
st\build\webpack\loaders\next-
swc-loader.js??ruleSet[1].rule
s[16].oneOf[8].use[0]!C:\antig
ravity\AFSE\node_modules\next\
dist\client\index.js|pages-dir
-browser
* javascript/auto|C:\antigravi
ty\afse\node_modules\next\dist
\build\webpack\loaders\next-sw
c-loader.js??ruleSet[1].rules[
16].oneOf[8].use[0]!C:\antigra
vity\afse\node_modules\next\di
st\client\has-base-path.js|pag
es-dir-browser
    Used by 4 module(s), i. e.
    javascript/auto|C:\antigra
vity\afse\node_modules\next\di
st\build\webpack\loaders\next-
swc-loader.js??ruleSet[1].rule
s[16].oneOf[8].use[0]!C:\antig
ravity\afse\node_modules\next\
dist\shared\lib\router\router.
js|pages-dir-browser

Import trace for requested mod
ule:
./node_modules/next/dist/clien
t/has-base-path.js
./node_modules/next/dist/clien
t/index.js

./node_modules/next/dist/clien
t/normalize-trailing-slash.js
There are multiple modules wit
h names that only differ in ca
sing.
This can lead to unexpected be
havior when compiling on a fil
esystem with other case-semant
ic.
Use equal casing. Compare thes
e module identifiers:
* javascript/auto|C:\antigravi
ty\afse\node_modules\next\dist
\build\webpack\loaders\next-sw
c-loader.js??ruleSet[1].rules[
16].oneOf[8].use[0]!C:\antigra
vity\AFSE\node_modules\next\di
st\client\normalize-trailing-s
lash.js|pages-dir-browser
    Used by 4 module(s), i. e.
    javascript/auto|C:\antigra
vity\afse\node_modules\next\di
st\build\webpack\loaders\next-
swc-loader.js??ruleSet[1].rule
s[16].oneOf[8].use[0]!C:\antig
ravity\AFSE\node_modules\next\
dist\client\add-base-path.js|p
ages-dir-browser
* javascript/auto|C:\antigravi
ty\afse\node_modules\next\dist
\build\webpack\loaders\next-sw
c-loader.js??ruleSet[1].rules[
16].oneOf[8].use[0]!C:\antigra
vity\afse\node_modules\next\di
st\client\normalize-trailing-s
lash.js|pages-dir-browser
    Used by 4 module(s), i. e.
    javascript/auto|C:\antigra
vity\afse\node_modules\next\di
st\build\webpack\loaders\next-
swc-loader.js??ruleSet[1].rule
s[16].oneOf[8].use[0]!C:\antig
ravity\afse\node_modules\next\
dist\client\add-locale.js|page
s-dir-browser

Import trace for requested mod
ule:
./node_modules/next/dist/clien
t/normalize-trailing-slash.js
./node_modules/next/dist/clien
t/add-base-path.js
./node_modules/next/dist/clien
t/page-loader.js
./node_modules/next/dist/clien
t/index.js

./node_modules/next/dist/clien
t/remove-base-path.js
There are multiple modules wit
h names that only differ in ca
sing.
This can lead to unexpected be
havior when compiling on a fil
esystem with other case-semant
ic.
Use equal casing. Compare thes
e module identifiers:
* javascript/auto|C:\antigravi
ty\afse\node_modules\next\dist
\build\webpack\loaders\next-sw
c-loader.js??ruleSet[1].rules[
16].oneOf[8].use[0]!C:\antigra
vity\AFSE\node_modules\next\di
st\client\remove-base-path.js|
pages-dir-browser
    Used by 3 module(s), i. e.
    javascript/auto|C:\antigra
vity\afse\node_modules\next\di
st\build\webpack\loaders\next-
swc-loader.js??ruleSet[1].rule
s[16].oneOf[8].use[0]!C:\antig
ravity\AFSE\node_modules\next\
dist\client\index.js|pages-dir
-browser
* javascript/auto|C:\antigravi
ty\afse\node_modules\next\dist
\build\webpack\loaders\next-sw
c-loader.js??ruleSet[1].rules[
16].oneOf[8].use[0]!C:\antigra
vity\afse\node_modules\next\di
st\client\remove-base-path.js|
pages-dir-browser
    Used by 2 module(s), i. e.
    javascript/auto|C:\antigra
vity\afse\node_modules\next\di
st\build\webpack\loaders\next-
swc-loader.js??ruleSet[1].rule
s[16].oneOf[8].use[0]!C:\antig
ravity\afse\node_modules\next\
dist\shared\lib\router\router.
js|pages-dir-browser

Import trace for requested mod
ule:
./node_modules/next/dist/clien
t/remove-base-path.js
./node_modules/next/dist/clien
t/index.js

./node_modules/next/dist/clien
t/remove-locale.js
There are multiple modules wit
h names that only differ in ca
sing.
This can lead to unexpected be
havior when compiling on a fil
esystem with other case-semant
ic.
Use equal casing. Compare thes
e module identifiers:
* javascript/auto|C:\antigravi
ty\afse\node_modules\next\dist
\build\webpack\loaders\next-sw
c-loader.js??ruleSet[1].rules[
16].oneOf[8].use[0]!C:\antigra
vity\AFSE\node_modules\next\di
st\client\remove-locale.js|pag
es-dir-browser
    Used by 2 module(s), i. e.
    javascript/auto|C:\antigra
vity\afse\node_modules\next\di
st\build\webpack\loaders\next-
swc-loader.js??ruleSet[1].rule
s[16].oneOf[8].use[0]!C:\antig
ravity\AFSE\node_modules\next\
dist\shared\lib\router\router.
js|pages-dir-browser
* javascript/auto|C:\antigravi
ty\afse\node_modules\next\dist
\build\webpack\loaders\next-sw
c-loader.js??ruleSet[1].rules[
16].oneOf[8].use[0]!C:\antigra
vity\afse\node_modules\next\di
st\client\remove-locale.js|pag
es-dir-browser
    Used by 2 module(s), i. e.
    javascript/auto|C:\antigra
vity\afse\node_modules\next\di
st\build\webpack\loaders\next-
swc-loader.js??ruleSet[1].rule
s[16].oneOf[8].use[0]!C:\antig
ravity\afse\node_modules\next\
dist\shared\lib\router\router.
js|pages-dir-browser

Import trace for requested mod
ule:
./node_modules/next/dist/clien
t/remove-locale.js
./node_modules/next/dist/share
d/lib/router/router.js
./node_modules/next/dist/clien
t/router.js
./node_modules/next/dist/clien
t/index.js

./node_modules/next/dist/clien
t/request-idle-callback.js
There are multiple modules wit
h names that only differ in ca
sing.
This can lead to unexpected be
havior when compiling on a fil
esystem with other case-semant
ic.
Use equal casing. Compare thes
e module identifiers:
* javascript/auto|C:\antigravi
ty\afse\node_modules\next\dist
\build\webpack\loaders\next-sw
c-loader.js??ruleSet[1].rules[
16].oneOf[8].use[0]!C:\antigra
vity\AFSE\node_modules\next\di
st\client\request-idle-callbac
k.js|pages-dir-browser
    Used by 3 module(s), i. e.
    javascript/auto|C:\antigra
vity\afse\node_modules\next\di
st\build\webpack\loaders\next-
swc-loader.js??ruleSet[1].rule
s[16].oneOf[8].use[0]!C:\antig
ravity\AFSE\node_modules\next\
dist\client\script.js|pages-di
r-browser
* javascript/auto|C:\antigravi
ty\afse\node_modules\next\dist
\build\webpack\loaders\next-sw
c-loader.js??ruleSet[1].rules[
16].oneOf[8].use[0]!C:\antigra
vity\afse\node_modules\next\di
st\client\request-idle-callbac
k.js|pages-dir-browser
    Used by 3 module(s), i. e.
    javascript/auto|C:\antigra
vity\afse\node_modules\next\di
st\build\webpack\loaders\next-
swc-loader.js??ruleSet[1].rule
s[16].oneOf[8].use[0]!C:\antig
ravity\afse\node_modules\next\
dist\client\route-loader.js|pa
ges-dir-browser

Import trace for requested mod
ule:
./node_modules/next/dist/clien
t/request-idle-callback.js
./node_modules/next/dist/clien
t/script.js
./node_modules/next/dist/clien
t/index.js

./node_modules/next/dist/clien
t/resolve-href.js
There are multiple modules wit
h names that only differ in ca
sing.
This can lead to unexpected be
havior when compiling on a fil
esystem with other case-semant
ic.
Use equal casing. Compare thes
e module identifiers:
* javascript/auto|C:\antigravi
ty\afse\node_modules\next\dist
\build\webpack\loaders\next-sw
c-loader.js??ruleSet[1].rules[
16].oneOf[8].use[0]!C:\antigra
vity\AFSE\node_modules\next\di
st\client\resolve-href.js|page
s-dir-browser
    Used by 2 module(s), i. e.
    javascript/auto|C:\antigra
vity\afse\node_modules\next\di
st\build\webpack\loaders\next-
swc-loader.js??ruleSet[1].rule
s[16].oneOf[8].use[0]!C:\antig
ravity\AFSE\node_modules\next\
dist\shared\lib\router\router.
js|pages-dir-browser
* javascript/auto|C:\antigravi
ty\afse\node_modules\next\dist
\build\webpack\loaders\next-sw
c-loader.js??ruleSet[1].rules[
16].oneOf[8].use[0]!C:\antigra
vity\afse\node_modules\next\di
st\client\resolve-href.js|page
s-dir-browser
    Used by 2 module(s), i. e.
    javascript/auto|C:\antigra
vity\afse\node_modules\next\di
st\build\webpack\loaders\next-
swc-loader.js??ruleSet[1].rule
s[16].oneOf[8].use[0]!C:\antig
ravity\afse\node_modules\next\
dist\shared\lib\router\router.
js|pages-dir-browser

Import trace for requested mod
ule:
./node_modules/next/dist/clien
t/resolve-href.js
./node_modules/next/dist/share
d/lib/router/router.js
./node_modules/next/dist/clien
t/router.js
./node_modules/next/dist/clien
t/index.js

./node_modules/next/dist/clien
t/route-loader.js
There are multiple modules wit
h names that only differ in ca
sing.
This can lead to unexpected be
havior when compiling on a fil
esystem with other case-semant
ic.
Use equal casing. Compare thes
e module identifiers:
* javascript/auto|C:\antigravi
ty\afse\node_modules\next\dist
\build\webpack\loaders\next-sw
c-loader.js??ruleSet[1].rules[
16].oneOf[8].use[0]!C:\antigra
vity\AFSE\node_modules\next\di
st\client\route-loader.js|page
s-dir-browser
    Used by 3 module(s), i. e.
    javascript/auto|C:\antigra
vity\afse\node_modules\next\di
st\build\webpack\loaders\next-
swc-loader.js??ruleSet[1].rule
s[16].oneOf[8].use[0]!C:\antig
ravity\AFSE\node_modules\next\
dist\client\page-loader.js|pag
es-dir-browser
* javascript/auto|C:\antigravi
ty\afse\node_modules\next\dist
\build\webpack\loaders\next-sw
c-loader.js??ruleSet[1].rules[
16].oneOf[8].use[0]!C:\antigra
vity\afse\node_modules\next\di
st\client\route-loader.js|page
s-dir-browser
    Used by 2 module(s), i. e.
    javascript/auto|C:\antigra
vity\afse\node_modules\next\di
st\build\webpack\loaders\next-
swc-loader.js??ruleSet[1].rule
s[16].oneOf[8].use[0]!C:\antig
ravity\afse\node_modules\next\
dist\shared\lib\router\router.
js|pages-dir-browser

Import trace for requested mod
ule:
./node_modules/next/dist/clien
t/route-loader.js
./node_modules/next/dist/clien
t/page-loader.js
./node_modules/next/dist/clien
t/index.js

./node_modules/next/dist/clien
t/router.js
There are multiple modules wit
h names that only differ in ca
sing.
This can lead to unexpected be
havior when compiling on a fil
esystem with other case-semant
ic.
Use equal casing. Compare thes
e module identifiers:
* javascript/auto|C:\antigravi
ty\afse\node_modules\next\dist
\build\webpack\loaders\next-sw
c-loader.js??ruleSet[1].rules[
16].oneOf[8].use[0]!C:\antigra
vity\AFSE\node_modules\next\di
st\client\router.js|pages-dir-
browser
    Used by 4 module(s), i. e.
    javascript/auto|C:\antigra
vity\afse\node_modules\next\di
st\build\webpack\loaders\next-
swc-loader.js??ruleSet[1].rule
s[16].oneOf[8].use[0]!C:\antig
ravity\AFSE\node_modules\next\
dist\client\index.js|pages-dir
-browser
* javascript/auto|C:\antigravi
ty\afse\node_modules\next\dist
\build\webpack\loaders\next-sw
c-loader.js??ruleSet[1].rules[
16].oneOf[8].use[0]!C:\antigra
vity\afse\node_modules\next\di
st\client\router.js|pages-dir-
browser
    Used by 2 module(s), i. e.
    javascript/auto|C:\antigra
vity\afse\node_modules\next\di
st\build\webpack\loaders\next-
swc-loader.js??ruleSet[1].rule
s[16].oneOf[8].use[0]!C:\antig
ravity\afse\node_modules\next\
dist\client\router.js|pages-di
r-browser

Import trace for requested mod
ule:
./node_modules/next/dist/clien
t/router.js
./node_modules/next/dist/clien
t/index.js

./node_modules/next/dist/clien
t/script.js
There are multiple modules wit
h names that only differ in ca
sing.
This can lead to unexpected be
havior when compiling on a fil
esystem with other case-semant
ic.
Use equal casing. Compare thes
e module identifiers:
* javascript/auto|C:\antigravi
ty\afse\node_modules\next\dist
\build\webpack\loaders\next-sw
c-loader.js??ruleSet[1].rules[
16].oneOf[8].use[0]!C:\antigra
vity\AFSE\node_modules\next\di
st\client\script.js|pages-dir-
browser
    Used by 3 module(s), i. e.
    javascript/auto|C:\antigra
vity\afse\node_modules\next\di
st\build\webpack\loaders\next-
swc-loader.js??ruleSet[1].rule
s[16].oneOf[8].use[0]!C:\antig
ravity\AFSE\node_modules\next\
dist\client\index.js|pages-dir
-browser
* javascript/auto|C:\antigravi
ty\afse\node_modules\next\dist
\build\webpack\loaders\next-sw
c-loader.js??ruleSet[1].rules[
16].oneOf[8].use[0]!C:\antigra
vity\afse\node_modules\next\di
st\client\script.js|pages-dir-
browser
    Used by 2 module(s), i. e.
    javascript/auto|C:\antigra
vity\afse\node_modules\next\di
st\build\webpack\loaders\next-
swc-loader.js??ruleSet[1].rule
s[16].oneOf[8].use[0]!C:\antig
ravity\afse\node_modules\next\
dist\shared\lib\router\router.
js|pages-dir-browser

Import trace for requested mod
ule:
./node_modules/next/dist/clien
t/script.js
./node_modules/next/dist/clien
t/index.js

./node_modules/next/dist/clien
t/set-attributes-from-props.js
There are multiple modules wit
h names that only differ in ca
sing.
This can lead to unexpected be
havior when compiling on a fil
esystem with other case-semant
ic.
Use equal casing. Compare thes
e module identifiers:
* javascript/auto|C:\antigravi
ty\afse\node_modules\next\dist
\build\webpack\loaders\next-sw
c-loader.js??ruleSet[1].rules[
16].oneOf[8].use[0]!C:\antigra
vity\AFSE\node_modules\next\di
st\client\set-attributes-from-
props.js|pages-dir-browser
    Used by 3 module(s), i. e.
    javascript/auto|C:\antigra
vity\afse\node_modules\next\di
st\build\webpack\loaders\next-
swc-loader.js??ruleSet[1].rule
s[16].oneOf[8].use[0]!C:\antig
ravity\AFSE\node_modules\next\
dist\client\head-manager.js|pa
ges-dir-browser
* javascript/auto|C:\antigravi
ty\afse\node_modules\next\dist
\build\webpack\loaders\next-sw
c-loader.js??ruleSet[1].rules[
16].oneOf[8].use[0]!C:\antigra
vity\afse\node_modules\next\di
st\client\set-attributes-from-
props.js|pages-dir-browser
    Used by 2 module(s), i. e.
    javascript/auto|C:\antigra
vity\afse\node_modules\next\di
st\build\webpack\loaders\next-
swc-loader.js??ruleSet[1].rule
s[16].oneOf[8].use[0]!C:\antig
ravity\afse\node_modules\next\
dist\client\script.js|pages-di
r-browser

Import trace for requested mod
ule:
./node_modules/next/dist/clien
t/set-attributes-from-props.js
./node_modules/next/dist/clien
t/head-manager.js
./node_modules/next/dist/clien
t/index.js

./node_modules/next/dist/clien
t/trusted-types.js
There are multiple modules wit
h names that only differ in ca
sing.
This can lead to unexpected be
havior when compiling on a fil
esystem with other case-semant
ic.
Use equal casing. Compare thes
e module identifiers:
* javascript/auto|C:\antigravi
ty\afse\node_modules\next\dist
\build\webpack\loaders\next-sw
c-loader.js??ruleSet[1].rules[
16].oneOf[8].use[0]!C:\antigra
vity\AFSE\node_modules\next\di
st\client\trusted-types.js|pag
es-dir-browser
    Used by 2 module(s), i. e.
    javascript/auto|C:\antigra
vity\afse\node_modules\next\di
st\build\webpack\loaders\next-
swc-loader.js??ruleSet[1].rule
s[16].oneOf[8].use[0]!C:\antig
ravity\AFSE\node_modules\next\
dist\client\route-loader.js|pa
ges-dir-browser
* javascript/auto|C:\antigravi
ty\afse\node_modules\next\dist
\build\webpack\loaders\next-sw
c-loader.js??ruleSet[1].rules[
16].oneOf[8].use[0]!C:\antigra
vity\afse\node_modules\next\di
st\client\trusted-types.js|pag
es-dir-browser
    Used by 2 module(s), i. e.
    javascript/auto|C:\antigra
vity\afse\node_modules\next\di
st\build\webpack\loaders\next-
swc-loader.js??ruleSet[1].rule
s[16].oneOf[8].use[0]!C:\antig
ravity\afse\node_modules\next\
dist\client\route-loader.js|pa
ges-dir-browser

Import trace for requested mod
ule:
./node_modules/next/dist/clien
t/trusted-types.js
./node_modules/next/dist/clien
t/route-loader.js
./node_modules/next/dist/clien
t/page-loader.js
./node_modules/next/dist/clien
t/index.js

./node_modules/next/dist/clien
t/with-router.js
There are multiple modules wit
h names that only differ in ca
sing.
This can lead to unexpected be
havior when compiling on a fil
esystem with other case-semant
ic.
Use equal casing. Compare thes
e module identifiers:
* javascript/auto|C:\antigravi
ty\afse\node_modules\next\dist
\build\webpack\loaders\next-sw
c-loader.js??ruleSet[1].rules[
16].oneOf[8].use[0]!C:\antigra
vity\AFSE\node_modules\next\di
st\client\with-router.js|pages
-dir-browser
    Used by 2 module(s), i. e.
    javascript/auto|C:\antigra
vity\afse\node_modules\next\di
st\build\webpack\loaders\next-
swc-loader.js??ruleSet[1].rule
s[16].oneOf[8].use[0]!C:\antig
ravity\AFSE\node_modules\next\
dist\client\router.js|pages-di
r-browser
* javascript/auto|C:\antigravi
ty\afse\node_modules\next\dist
\build\webpack\loaders\next-sw
c-loader.js??ruleSet[1].rules[
16].oneOf[8].use[0]!C:\antigra
vity\afse\node_modules\next\di
st\client\with-router.js|pages
-dir-browser
    Used by 2 module(s), i. e.
    javascript/auto|C:\antigra
vity\afse\node_modules\next\di
st\build\webpack\loaders\next-
swc-loader.js??ruleSet[1].rule
s[16].oneOf[8].use[0]!C:\antig
ravity\afse\node_modules\next\
dist\client\router.js|pages-di
r-browser

Import trace for requested mod
ule:
./node_modules/next/dist/clien
t/with-router.js
./node_modules/next/dist/clien
t/router.js
./node_modules/next/dist/clien
t/index.js

./node_modules/next/dist/pages
/_app.js
There are multiple modules wit
h names that only differ in ca
sing.
This can lead to unexpected be
havior when compiling on a fil
esystem with other case-semant
ic.
Use equal casing. Compare thes
e module identifiers:
* javascript/auto|C:\antigravi
ty\afse\node_modules\next\dist
\build\webpack\loaders\next-sw
c-loader.js??ruleSet[1].rules[
16].oneOf[8].use[0]!C:\antigra
vity\AFSE\node_modules\next\di
st\pages\_app.js|pages-dir-bro
wser
    Used by 2 module(s), i. e.
    javascript/auto|C:\antigra
vity\afse\node_modules\next\di
st\build\webpack\loaders\next-
swc-loader.js??ruleSet[1].rule
s[16].oneOf[8].use[0]!C:\antig
ravity\AFSE\node_modules\next\
dist\client\index.js|pages-dir
-browser
* javascript/auto|C:\antigravi
ty\afse\node_modules\next\dist
\build\webpack\loaders\next-sw
c-loader.js??ruleSet[1].rules[
16].oneOf[8].use[0]!C:\antigra
vity\afse\node_modules\next\di
st\pages\_app.js|pages-dir-bro
wser
    Used by 2 module(s), i. e.
    javascript/auto|C:\antigra
vity\afse\node_modules\next\di
st\build\webpack\loaders\next-
client-pages-loader.js?absolut
ePagePath=next%2Fdist%2Fpages%
2F_app&page=%2F_app!|pages-dir
-browser

Import trace for requested mod
ule:
./node_modules/next/dist/pages
/_app.js
./node_modules/next/dist/clien
t/index.js

./node_modules/next/dist/pages
/_error.js
There are multiple modules wit
h names that only differ in ca
sing.
This can lead to unexpected be
havior when compiling on a fil
esystem with other case-semant
ic.
Use equal casing. Compare thes
e module identifiers:
* javascript/auto|C:\antigravi
ty\afse\node_modules\next\dist
\build\webpack\loaders\next-sw
c-loader.js??ruleSet[1].rules[
16].oneOf[8].use[0]!C:\antigra
vity\AFSE\node_modules\next\di
st\pages\_error.js|pages-dir-b
rowser
    Used by 2 module(s), i. e.
    javascript/auto|C:\antigra
vity\afse\node_modules\next\di
st\build\webpack\loaders\next-
swc-loader.js??ruleSet[1].rule
s[16].oneOf[8].use[0]!C:\antig
ravity\AFSE\node_modules\next\
dist\client\index.js|pages-dir
-browser
* javascript/auto|C:\antigravi
ty\afse\node_modules\next\dist
\build\webpack\loaders\next-sw
c-loader.js??ruleSet[1].rules[
16].oneOf[8].use[0]!C:\antigra
vity\afse\node_modules\next\di
st\pages\_error.js|pages-dir-b
rowser
    Used by 2 module(s), i. e.
    javascript/auto|C:\antigra
vity\afse\node_modules\next\di
st\build\webpack\loaders\next-
client-pages-loader.js?absolut
ePagePath=next%2Fdist%2Fpages%
2F_error&page=%2F_error!|pages
-dir-browser

Import trace for requested mod
ule:
./node_modules/next/dist/pages
/_error.js
./node_modules/next/dist/clien
t/index.js

./node_modules/next/dist/share
d/lib/amp-context.shared-runti
me.js
There are multiple modules wit
h names that only differ in ca
sing.
This can lead to unexpected be
havior when compiling on a fil
esystem with other case-semant
ic.
Use equal casing. Compare thes
e module identifiers:
* javascript/auto|C:\antigravi
ty\afse\node_modules\next\dist
\build\webpack\loaders\next-sw
c-loader.js??ruleSet[1].rules[
16].oneOf[8].use[0]!C:\antigra
vity\AFSE\node_modules\next\di
st\shared\lib\amp-context.shar
ed-runtime.js|pages-dir-browse
r
    Used by 1 module(s), i. e.
    javascript/auto|C:\antigra
vity\afse\node_modules\next\di
st\build\webpack\loaders\next-
swc-loader.js??ruleSet[1].rule
s[16].oneOf[8].use[0]!C:\antig
ravity\AFSE\node_modules\next\
dist\shared\lib\head.js|pages-
dir-browser
* javascript/auto|C:\antigravi
ty\afse\node_modules\next\dist
\build\webpack\loaders\next-sw
c-loader.js??ruleSet[1].rules[
16].oneOf[8].use[0]!C:\antigra
vity\afse\node_modules\next\di
st\shared\lib\amp-context.shar
ed-runtime.js|pages-dir-browse
r
    Used by 1 module(s), i. e.
    javascript/auto|C:\antigra
vity\afse\node_modules\next\di
st\build\webpack\loaders\next-
swc-loader.js??ruleSet[1].rule
s[16].oneOf[8].use[0]!C:\antig
ravity\afse\node_modules\next\
dist\shared\lib\head.js|pages-
dir-browser

Import trace for requested mod
ule:
./node_modules/next/dist/share
d/lib/amp-context.shared-runti
me.js
./node_modules/next/dist/share
d/lib/head.js
./node_modules/next/dist/pages
/_error.js
./node_modules/next/dist/clien
t/index.js

./node_modules/next/dist/share
d/lib/amp-mode.js
There are multiple modules wit
h names that only differ in ca
sing.
This can lead to unexpected be
havior when compiling on a fil
esystem with other case-semant
ic.
Use equal casing. Compare thes
e module identifiers:
* javascript/auto|C:\antigravi
ty\afse\node_modules\next\dist
\build\webpack\loaders\next-sw
c-loader.js??ruleSet[1].rules[
16].oneOf[8].use[0]!C:\antigra
vity\AFSE\node_modules\next\di
st\shared\lib\amp-mode.js|page
s-dir-browser
    Used by 1 module(s), i. e.
    javascript/auto|C:\antigra
vity\afse\node_modules\next\di
st\build\webpack\loaders\next-
swc-loader.js??ruleSet[1].rule
s[16].oneOf[8].use[0]!C:\antig
ravity\AFSE\node_modules\next\
dist\shared\lib\head.js|pages-
dir-browser
* javascript/auto|C:\antigravi
ty\afse\node_modules\next\dist
\build\webpack\loaders\next-sw
c-loader.js??ruleSet[1].rules[
16].oneOf[8].use[0]!C:\antigra
vity\afse\node_modules\next\di
st\shared\lib\amp-mode.js|page
s-dir-browser
    Used by 1 module(s), i. e.
    javascript/auto|C:\antigra
vity\afse\node_modules\next\di
st\build\webpack\loaders\next-
swc-loader.js??ruleSet[1].rule
s[16].oneOf[8].use[0]!C:\antig
ravity\afse\node_modules\next\
dist\shared\lib\head.js|pages-
dir-browser

Import trace for requested mod
ule:
./node_modules/next/dist/share
d/lib/amp-mode.js
./node_modules/next/dist/share
d/lib/head.js
./node_modules/next/dist/pages
/_error.js
./node_modules/next/dist/clien
t/index.js

./node_modules/next/dist/share
d/lib/bloom-filter.js
There are multiple modules wit
h names that only differ in ca
sing.
This can lead to unexpected be
havior when compiling on a fil
esystem with other case-semant
ic.
Use equal casing. Compare thes
e module identifiers:
* javascript/auto|C:\antigravi
ty\afse\node_modules\next\dist
\build\webpack\loaders\next-sw
c-loader.js??ruleSet[1].rules[
16].oneOf[8].use[0]!C:\antigra
vity\AFSE\node_modules\next\di
st\shared\lib\bloom-filter.js|
pages-dir-browser
    Used by 1 module(s), i. e.
    javascript/auto|C:\antigra
vity\afse\node_modules\next\di
st\build\webpack\loaders\next-
swc-loader.js??ruleSet[1].rule
s[16].oneOf[8].use[0]!C:\antig
ravity\AFSE\node_modules\next\
dist\shared\lib\router\router.
js|pages-dir-browser
* javascript/auto|C:\antigravi
ty\afse\node_modules\next\dist
\build\webpack\loaders\next-sw
c-loader.js??ruleSet[1].rules[
16].oneOf[8].use[0]!C:\antigra
vity\afse\node_modules\next\di
st\shared\lib\bloom-filter.js|
pages-dir-browser
    Used by 1 module(s), i. e.
    javascript/auto|C:\antigra
vity\afse\node_modules\next\di
st\build\webpack\loaders\next-
swc-loader.js??ruleSet[1].rule
s[16].oneOf[8].use[0]!C:\antig
ravity\afse\node_modules\next\
dist\shared\lib\router\router.
js|pages-dir-browser

Import trace for requested mod
ule:
./node_modules/next/dist/share
d/lib/bloom-filter.js
./node_modules/next/dist/share
d/lib/router/router.js
./node_modules/next/dist/clien
t/router.js
./node_modules/next/dist/clien
t/index.js

./node_modules/next/dist/share
d/lib/encode-uri-path.js
There are multiple modules wit
h names that only differ in ca
sing.
This can lead to unexpected be
havior when compiling on a fil
esystem with other case-semant
ic.
Use equal casing. Compare thes
e module identifiers:
* javascript/auto|C:\antigravi
ty\afse\node_modules\next\dist
\build\webpack\loaders\next-sw
c-loader.js??ruleSet[1].rules[
16].oneOf[8].use[0]!C:\antigra
vity\AFSE\node_modules\next\di
st\shared\lib\encode-uri-path.
js|pages-dir-browser
    Used by 1 module(s), i. e.
    javascript/auto|C:\antigra
vity\afse\node_modules\next\di
st\build\webpack\loaders\next-
swc-loader.js??ruleSet[1].rule
s[16].oneOf[8].use[0]!C:\antig
ravity\AFSE\node_modules\next\
dist\client\route-loader.js|pa
ges-dir-browser
* javascript/auto|C:\antigravi
ty\afse\node_modules\next\dist
\build\webpack\loaders\next-sw
c-loader.js??ruleSet[1].rules[
16].oneOf[8].use[0]!C:\antigra
vity\afse\node_modules\next\di
st\shared\lib\encode-uri-path.
js|pages-dir-browser
    Used by 1 module(s), i. e.
    javascript/auto|C:\antigra
vity\afse\node_modules\next\di
st\build\webpack\loaders\next-
swc-loader.js??ruleSet[1].rule
s[16].oneOf[8].use[0]!C:\antig
ravity\afse\node_modules\next\
dist\client\route-loader.js|pa
ges-dir-browser

Import trace for requested mod
ule:
./node_modules/next/dist/share
d/lib/encode-uri-path.js
./node_modules/next/dist/clien
t/route-loader.js
./node_modules/next/dist/clien
t/page-loader.js
./node_modules/next/dist/clien
t/index.js

./node_modules/next/dist/share
d/lib/escape-regexp.js
There are multiple modules wit
h names that only differ in ca
sing.
This can lead to unexpected be
havior when compiling on a fil
esystem with other case-semant
ic.
Use equal casing. Compare thes
e module identifiers:
* javascript/auto|C:\antigravi
ty\afse\node_modules\next\dist
\build\webpack\loaders\next-sw
c-loader.js??ruleSet[1].rules[
16].oneOf[8].use[0]!C:\antigra
vity\AFSE\node_modules\next\di
st\shared\lib\escape-regexp.js
|pages-dir-browser
    Used by 1 module(s), i. e.
    javascript/auto|C:\antigra
vity\afse\node_modules\next\di
st\build\webpack\loaders\next-
swc-loader.js??ruleSet[1].rule
s[16].oneOf[8].use[0]!C:\antig
ravity\AFSE\node_modules\next\
dist\shared\lib\router\utils\r
oute-regex.js|pages-dir-browse
r
* javascript/auto|C:\antigravi
ty\afse\node_modules\next\dist
\build\webpack\loaders\next-sw
c-loader.js??ruleSet[1].rules[
16].oneOf[8].use[0]!C:\antigra
vity\afse\node_modules\next\di
st\shared\lib\escape-regexp.js
|pages-dir-browser
    Used by 1 module(s), i. e.
    javascript/auto|C:\antigra
vity\afse\node_modules\next\di
st\build\webpack\loaders\next-
swc-loader.js??ruleSet[1].rule
s[16].oneOf[8].use[0]!C:\antig
ravity\afse\node_modules\next\
dist\shared\lib\router\utils\r
oute-regex.js|pages-dir-browse
r

Import trace for requested mod
ule:
./node_modules/next/dist/share
d/lib/escape-regexp.js
./node_modules/next/dist/share
d/lib/router/utils/route-regex
.js
./node_modules/next/dist/share
d/lib/router/adapters.js
./node_modules/next/dist/clien
t/index.js

./node_modules/next/dist/share
d/lib/head-manager-context.sha
red-runtime.js
There are multiple modules wit
h names that only differ in ca
sing.
This can lead to unexpected be
havior when compiling on a fil
esystem with other case-semant
ic.
Use equal casing. Compare thes
e module identifiers:
* javascript/auto|C:\antigravi
ty\afse\node_modules\next\dist
\build\webpack\loaders\next-sw
c-loader.js??ruleSet[1].rules[
16].oneOf[8].use[0]!C:\antigra
vity\AFSE\node_modules\next\di
st\shared\lib\head-manager-con
text.shared-runtime.js|pages-d
ir-browser
    Used by 3 module(s), i. e.
    javascript/auto|C:\antigra
vity\afse\node_modules\next\di
st\build\webpack\loaders\next-
swc-loader.js??ruleSet[1].rule
s[16].oneOf[8].use[0]!C:\antig
ravity\AFSE\node_modules\next\
dist\client\index.js|pages-dir
-browser
* javascript/auto|C:\antigravi
ty\afse\node_modules\next\dist
\build\webpack\loaders\next-sw
c-loader.js??ruleSet[1].rules[
16].oneOf[8].use[0]!C:\antigra
vity\afse\node_modules\next\di
st\shared\lib\head-manager-con
text.shared-runtime.js|pages-d
ir-browser
    Used by 2 module(s), i. e.
    javascript/auto|C:\antigra
vity\afse\node_modules\next\di
st\build\webpack\loaders\next-
swc-loader.js??ruleSet[1].rule
s[16].oneOf[8].use[0]!C:\antig
ravity\afse\node_modules\next\
dist\shared\lib\head.js|pages-
dir-browser

Import trace for requested mod
ule:
./node_modules/next/dist/share
d/lib/head-manager-context.sha
red-runtime.js
./node_modules/next/dist/clien
t/index.js

./node_modules/next/dist/share
d/lib/head.js
There are multiple modules wit
h names that only differ in ca
sing.
This can lead to unexpected be
havior when compiling on a fil
esystem with other case-semant
ic.
Use equal casing. Compare thes
e module identifiers:
* javascript/auto|C:\antigravi
ty\afse\node_modules\next\dist
\build\webpack\loaders\next-sw
c-loader.js??ruleSet[1].rules[
16].oneOf[8].use[0]!C:\antigra
vity\AFSE\node_modules\next\di
st\shared\lib\head.js|pages-di
r-browser
    Used by 2 module(s), i. e.
    javascript/auto|C:\antigra
vity\afse\node_modules\next\di
st\build\webpack\loaders\next-
swc-loader.js??ruleSet[1].rule
s[16].oneOf[8].use[0]!C:\antig
ravity\AFSE\node_modules\next\
dist\pages\_error.js|pages-dir
-browser
* javascript/auto|C:\antigravi
ty\afse\node_modules\next\dist
\build\webpack\loaders\next-sw
c-loader.js??ruleSet[1].rules[
16].oneOf[8].use[0]!C:\antigra
vity\afse\node_modules\next\di
st\shared\lib\head.js|pages-di
r-browser
    Used by 2 module(s), i. e.
    javascript/auto|C:\antigra
vity\afse\node_modules\next\di
st\build\webpack\loaders\next-
swc-loader.js??ruleSet[1].rule
s[16].oneOf[8].use[0]!C:\antig
ravity\afse\node_modules\next\
dist\pages\_error.js|pages-dir
-browser

Import trace for requested mod
ule:
./node_modules/next/dist/share
d/lib/head.js
./node_modules/next/dist/pages
/_error.js
./node_modules/next/dist/clien
t/index.js

./node_modules/next/dist/share
d/lib/is-plain-object.js
There are multiple modules wit
h names that only differ in ca
sing.
This can lead to unexpected be
havior when compiling on a fil
esystem with other case-semant
ic.
Use equal casing. Compare thes
e module identifiers:
* javascript/auto|C:\antigravi
ty\afse\node_modules\next\dist
\build\webpack\loaders\next-sw
c-loader.js??ruleSet[1].rules[
16].oneOf[8].use[0]!C:\antigra
vity\AFSE\node_modules\next\di
st\shared\lib\is-plain-object.
js|pages-dir-browser
    Used by 2 module(s), i. e.
    javascript/auto|C:\antigra
vity\AFSE\node_modules\next\di
st\lib\is-error.js|pages-dir-b
rowser
* javascript/auto|C:\antigravi
ty\afse\node_modules\next\dist
\build\webpack\loaders\next-sw
c-loader.js??ruleSet[1].rules[
16].oneOf[8].use[0]!C:\antigra
vity\afse\node_modules\next\di
st\shared\lib\is-plain-object.
js|pages-dir-browser
    Used by 2 module(s), i. e.
    javascript/auto|C:\antigra
vity\afse\node_modules\next\di
st\lib\is-error.js|pages-dir-b
rowser

Import trace for requested mod
ule:
./node_modules/next/dist/share
d/lib/is-plain-object.js
./node_modules/next/dist/lib/i
s-error.js
./node_modules/next/dist/clien
t/index.js

./node_modules/next/dist/share
d/lib/i18n/normalize-locale-pa
th.js
There are multiple modules wit
h names that only differ in ca
sing.
This can lead to unexpected be
havior when compiling on a fil
esystem with other case-semant
ic.
Use equal casing. Compare thes
e module identifiers:
* javascript/auto|C:\antigravi
ty\afse\node_modules\next\dist
\build\webpack\loaders\next-sw
c-loader.js??ruleSet[1].rules[
16].oneOf[8].use[0]!C:\antigra
vity\AFSE\node_modules\next\di
st\shared\lib\i18n\normalize-l
ocale-path.js|pages-dir-browse
r
    Used by 2 module(s), i. e.
    javascript/auto|C:\antigra
vity\afse\node_modules\next\di
st\build\webpack\loaders\next-
swc-loader.js??ruleSet[1].rule
s[16].oneOf[8].use[0]!C:\antig
ravity\AFSE\node_modules\next\
dist\shared\lib\router\router.
js|pages-dir-browser
* javascript/auto|C:\antigravi
ty\afse\node_modules\next\dist
\build\webpack\loaders\next-sw
c-loader.js??ruleSet[1].rules[
16].oneOf[8].use[0]!C:\antigra
vity\afse\node_modules\next\di
st\shared\lib\i18n\normalize-l
ocale-path.js|pages-dir-browse
r
    Used by 2 module(s), i. e.
    javascript/auto|C:\antigra
vity\afse\node_modules\next\di
st\build\webpack\loaders\next-
swc-loader.js??ruleSet[1].rule
s[16].oneOf[8].use[0]!C:\antig
ravity\afse\node_modules\next\
dist\shared\lib\router\router.
js|pages-dir-browser

Import trace for requested mod
ule:
./node_modules/next/dist/share
d/lib/i18n/normalize-locale-pa
th.js
./node_modules/next/dist/share
d/lib/router/router.js
./node_modules/next/dist/clien
t/router.js
./node_modules/next/dist/clien
t/index.js

./node_modules/next/dist/share
d/lib/mitt.js
There are multiple modules wit
h names that only differ in ca
sing.
This can lead to unexpected be
havior when compiling on a fil
esystem with other case-semant
ic.
Use equal casing. Compare thes
e module identifiers:
* javascript/auto|C:\antigravi
ty\afse\node_modules\next\dist
\build\webpack\loaders\next-sw
c-loader.js??ruleSet[1].rules[
16].oneOf[8].use[0]!C:\antigra
vity\AFSE\node_modules\next\di
st\shared\lib\mitt.js|pages-di
r-browser
    Used by 3 module(s), i. e.
    javascript/auto|C:\antigra
vity\afse\node_modules\next\di
st\build\webpack\loaders\next-
swc-loader.js??ruleSet[1].rule
s[16].oneOf[8].use[0]!C:\antig
ravity\AFSE\node_modules\next\
dist\client\index.js|pages-dir
-browser
* javascript/auto|C:\antigravi
ty\afse\node_modules\next\dist
\build\webpack\loaders\next-sw
c-loader.js??ruleSet[1].rules[
16].oneOf[8].use[0]!C:\antigra
vity\afse\node_modules\next\di
st\shared\lib\mitt.js|pages-di
r-browser
    Used by 1 module(s), i. e.
    javascript/auto|C:\antigra
vity\afse\node_modules\next\di
st\build\webpack\loaders\next-
swc-loader.js??ruleSet[1].rule
s[16].oneOf[8].use[0]!C:\antig
ravity\afse\node_modules\next\
dist\shared\lib\router\router.
js|pages-dir-browser

Import trace for requested mod
ule:
./node_modules/next/dist/share
d/lib/mitt.js
./node_modules/next/dist/clien
t/index.js

./node_modules/next/dist/share
d/lib/page-path/denormalize-pa
ge-path.js
There are multiple modules wit
h names that only differ in ca
sing.
This can lead to unexpected be
havior when compiling on a fil
esystem with other case-semant
ic.
Use equal casing. Compare thes
e module identifiers:
* javascript/auto|C:\antigravi
ty\afse\node_modules\next\dist
\build\webpack\loaders\next-sw
c-loader.js??ruleSet[1].rules[
16].oneOf[8].use[0]!C:\antigra
vity\AFSE\node_modules\next\di
st\shared\lib\page-path\denorm
alize-page-path.js|pages-dir-b
rowser
    Used by 1 module(s), i. e.
    javascript/auto|C:\antigra
vity\afse\node_modules\next\di
st\build\webpack\loaders\next-
swc-loader.js??ruleSet[1].rule
s[16].oneOf[8].use[0]!C:\antig
ravity\AFSE\node_modules\next\
dist\shared\lib\router\router.
js|pages-dir-browser
* javascript/auto|C:\antigravi
ty\afse\node_modules\next\dist
\build\webpack\loaders\next-sw
c-loader.js??ruleSet[1].rules[
16].oneOf[8].use[0]!C:\antigra
vity\afse\node_modules\next\di
st\shared\lib\page-path\denorm
alize-page-path.js|pages-dir-b
rowser
    Used by 1 module(s), i. e.
    javascript/auto|C:\antigra
vity\afse\node_modules\next\di
st\build\webpack\loaders\next-
swc-loader.js??ruleSet[1].rule
s[16].oneOf[8].use[0]!C:\antig
ravity\afse\node_modules\next\
dist\shared\lib\router\router.
js|pages-dir-browser

Import trace for requested mod
ule:
./node_modules/next/dist/share
d/lib/page-path/denormalize-pa
ge-path.js
./node_modules/next/dist/share
d/lib/router/router.js
./node_modules/next/dist/clien
t/router.js
./node_modules/next/dist/clien
t/index.js

./node_modules/next/dist/share
d/lib/page-path/ensure-leading
-slash.js
There are multiple modules wit
h names that only differ in ca
sing.
This can lead to unexpected be
havior when compiling on a fil
esystem with other case-semant
ic.
Use equal casing. Compare thes
e module identifiers:
* javascript/auto|C:\antigravi
ty\afse\node_modules\next\dist
\build\webpack\loaders\next-sw
c-loader.js??ruleSet[1].rules[
16].oneOf[8].use[0]!C:\antigra
vity\AFSE\node_modules\next\di
st\shared\lib\page-path\ensure
-leading-slash.js|pages-dir-br
owser
    Used by 1 module(s), i. e.
    javascript/auto|C:\antigra
vity\afse\node_modules\next\di
st\build\webpack\loaders\next-
swc-loader.js??ruleSet[1].rule
s[16].oneOf[8].use[0]!C:\antig
ravity\AFSE\node_modules\next\
dist\shared\lib\router\utils\a
pp-paths.js|pages-dir-browser
* javascript/auto|C:\antigravi
ty\afse\node_modules\next\dist
\build\webpack\loaders\next-sw
c-loader.js??ruleSet[1].rules[
16].oneOf[8].use[0]!C:\antigra
vity\afse\node_modules\next\di
st\shared\lib\page-path\ensure
-leading-slash.js|pages-dir-br
owser
    Used by 1 module(s), i. e.
    javascript/auto|C:\antigra
vity\afse\node_modules\next\di
st\build\webpack\loaders\next-
swc-loader.js??ruleSet[1].rule
s[16].oneOf[8].use[0]!C:\antig
ravity\afse\node_modules\next\
dist\shared\lib\router\utils\a
pp-paths.js|pages-dir-browser

Import trace for requested mod
ule:
./node_modules/next/dist/share
d/lib/page-path/ensure-leading
-slash.js
./node_modules/next/dist/share
d/lib/router/utils/app-paths.j
s
./node_modules/next/dist/share
d/lib/router/utils/interceptio
n-routes.js
./node_modules/next/dist/share
d/lib/router/utils/is-dynamic.
js
./node_modules/next/dist/clien
t/index.js

./node_modules/next/dist/share
d/lib/page-path/normalize-path
-sep.js
There are multiple modules wit
h names that only differ in ca
sing.
This can lead to unexpected be
havior when compiling on a fil
esystem with other case-semant
ic.
Use equal casing. Compare thes
e module identifiers:
* javascript/auto|C:\antigravi
ty\afse\node_modules\next\dist
\build\webpack\loaders\next-sw
c-loader.js??ruleSet[1].rules[
16].oneOf[8].use[0]!C:\antigra
vity\AFSE\node_modules\next\di
st\shared\lib\page-path\normal
ize-path-sep.js|pages-dir-brow
ser
    Used by 1 module(s), i. e.
    javascript/auto|C:\antigra
vity\afse\node_modules\next\di
st\build\webpack\loaders\next-
swc-loader.js??ruleSet[1].rule
s[16].oneOf[8].use[0]!C:\antig
ravity\AFSE\node_modules\next\
dist\shared\lib\page-path\deno
rmalize-page-path.js|pages-dir
-browser
* javascript/auto|C:\antigravi
ty\afse\node_modules\next\dist
\build\webpack\loaders\next-sw
c-loader.js??ruleSet[1].rules[
16].oneOf[8].use[0]!C:\antigra
vity\afse\node_modules\next\di
st\shared\lib\page-path\normal
ize-path-sep.js|pages-dir-brow
ser
    Used by 1 module(s), i. e.
    javascript/auto|C:\antigra
vity\afse\node_modules\next\di
st\build\webpack\loaders\next-
swc-loader.js??ruleSet[1].rule
s[16].oneOf[8].use[0]!C:\antig
ravity\afse\node_modules\next\
dist\shared\lib\page-path\deno
rmalize-page-path.js|pages-dir
-browser

Import trace for requested mod
ule:
./node_modules/next/dist/share
d/lib/page-path/normalize-path
-sep.js
./node_modules/next/dist/share
d/lib/page-path/denormalize-pa
ge-path.js
./node_modules/next/dist/share
d/lib/router/router.js
./node_modules/next/dist/clien
t/router.js
./node_modules/next/dist/clien
t/index.js

./node_modules/next/dist/share
d/lib/router-context.shared-ru
ntime.js
There are multiple modules wit
h names that only differ in ca
sing.
This can lead to unexpected be
havior when compiling on a fil
esystem with other case-semant
ic.
Use equal casing. Compare thes
e module identifiers:
* javascript/auto|C:\antigravi
ty\afse\node_modules\next\dist
\build\webpack\loaders\next-sw
c-loader.js??ruleSet[1].rules[
16].oneOf[8].use[0]!C:\antigra
vity\AFSE\node_modules\next\di
st\shared\lib\router-context.s
hared-runtime.js|pages-dir-bro
wser
    Used by 2 module(s), i. e.
    javascript/auto|C:\antigra
vity\afse\node_modules\next\di
st\build\webpack\loaders\next-
swc-loader.js??ruleSet[1].rule
s[16].oneOf[8].use[0]!C:\antig
ravity\AFSE\node_modules\next\
dist\client\index.js|pages-dir
-browser
* javascript/auto|C:\antigravi
ty\afse\node_modules\next\dist
\build\webpack\loaders\next-sw
c-loader.js??ruleSet[1].rules[
16].oneOf[8].use[0]!C:\antigra
vity\afse\node_modules\next\di
st\shared\lib\router-context.s
hared-runtime.js|pages-dir-bro
wser
    Used by 1 module(s), i. e.
    javascript/auto|C:\antigra
vity\afse\node_modules\next\di
st\build\webpack\loaders\next-
swc-loader.js??ruleSet[1].rule
s[16].oneOf[8].use[0]!C:\antig
ravity\afse\node_modules\next\
dist\client\router.js|pages-di
r-browser

Import trace for requested mod
ule:
./node_modules/next/dist/share
d/lib/router-context.shared-ru
ntime.js
./node_modules/next/dist/clien
t/index.js

./node_modules/next/dist/share
d/lib/router/router.js
There are multiple modules wit
h names that only differ in ca
sing.
This can lead to unexpected be
havior when compiling on a fil
esystem with other case-semant
ic.
Use equal casing. Compare thes
e module identifiers:
* javascript/auto|C:\antigravi
ty\afse\node_modules\next\dist
\build\webpack\loaders\next-sw
c-loader.js??ruleSet[1].rules[
16].oneOf[8].use[0]!C:\antigra
vity\AFSE\node_modules\next\di
st\shared\lib\router\router.js
|pages-dir-browser
    Used by 2 module(s), i. e.
    javascript/auto|C:\antigra
vity\afse\node_modules\next\di
st\build\webpack\loaders\next-
swc-loader.js??ruleSet[1].rule
s[16].oneOf[8].use[0]!C:\antig
ravity\AFSE\node_modules\next\
dist\client\router.js|pages-di
r-browser
* javascript/auto|C:\antigravi
ty\afse\node_modules\next\dist
\build\webpack\loaders\next-sw
c-loader.js??ruleSet[1].rules[
16].oneOf[8].use[0]!C:\antigra
vity\afse\node_modules\next\di
st\shared\lib\router\router.js
|pages-dir-browser
    Used by 2 module(s), i. e.
    javascript/auto|C:\antigra
vity\afse\node_modules\next\di
st\build\webpack\loaders\next-
swc-loader.js??ruleSet[1].rule
s[16].oneOf[8].use[0]!C:\antig
ravity\afse\node_modules\next\
dist\client\router.js|pages-di
r-browser

Import trace for requested mod
ule:
./node_modules/next/dist/share
d/lib/router/router.js
./node_modules/next/dist/clien
t/router.js
./node_modules/next/dist/clien
t/index.js

./node_modules/next/dist/share
d/lib/router/utils/add-locale.
js
There are multiple modules wit
h names that only differ in ca
sing.
This can lead to unexpected be
havior when compiling on a fil
esystem with other case-semant
ic.
Use equal casing. Compare thes
e module identifiers:
* javascript/auto|C:\antigravi
ty\afse\node_modules\next\dist
\build\webpack\loaders\next-sw
c-loader.js??ruleSet[1].rules[
16].oneOf[8].use[0]!C:\antigra
vity\AFSE\node_modules\next\di
st\shared\lib\router\utils\add
-locale.js|pages-dir-browser
    Used by 1 module(s), i. e.
    javascript/auto|C:\antigra
vity\afse\node_modules\next\di
st\build\webpack\loaders\next-
swc-loader.js??ruleSet[1].rule
s[16].oneOf[8].use[0]!C:\antig
ravity\AFSE\node_modules\next\
dist\shared\lib\router\utils\f
ormat-next-pathname-info.js|pa
ges-dir-browser
* javascript/auto|C:\antigravi
ty\afse\node_modules\next\dist
\build\webpack\loaders\next-sw
c-loader.js??ruleSet[1].rules[
16].oneOf[8].use[0]!C:\antigra
vity\afse\node_modules\next\di
st\shared\lib\router\utils\add
-locale.js|pages-dir-browser
    Used by 1 module(s), i. e.
    javascript/auto|C:\antigra
vity\afse\node_modules\next\di
st\build\webpack\loaders\next-
swc-loader.js??ruleSet[1].rule
s[16].oneOf[8].use[0]!C:\antig
ravity\afse\node_modules\next\
dist\shared\lib\router\utils\f
ormat-next-pathname-info.js|pa
ges-dir-browser

Import trace for requested mod
ule:
./node_modules/next/dist/share
d/lib/router/utils/add-locale.
js
./node_modules/next/dist/share
d/lib/router/utils/format-next
-pathname-info.js
./node_modules/next/dist/share
d/lib/router/router.js
./node_modules/next/dist/clien
t/router.js
./node_modules/next/dist/clien
t/index.js

./node_modules/next/dist/share
d/lib/router/utils/add-path-pr
efix.js
There are multiple modules wit
h names that only differ in ca
sing.
This can lead to unexpected be
havior when compiling on a fil
esystem with other case-semant
ic.
Use equal casing. Compare thes
e module identifiers:
* javascript/auto|C:\antigravi
ty\afse\node_modules\next\dist
\build\webpack\loaders\next-sw
c-loader.js??ruleSet[1].rules[
16].oneOf[8].use[0]!C:\antigra
vity\AFSE\node_modules\next\di
st\shared\lib\router\utils\add
-path-prefix.js|pages-dir-brow
ser
    Used by 3 module(s), i. e.
    javascript/auto|C:\antigra
vity\afse\node_modules\next\di
st\build\webpack\loaders\next-
swc-loader.js??ruleSet[1].rule
s[16].oneOf[8].use[0]!C:\antig
ravity\AFSE\node_modules\next\
dist\client\add-base-path.js|p
ages-dir-browser
* javascript/auto|C:\antigravi
ty\afse\node_modules\next\dist
\build\webpack\loaders\next-sw
c-loader.js??ruleSet[1].rules[
16].oneOf[8].use[0]!C:\antigra
vity\afse\node_modules\next\di
st\shared\lib\router\utils\add
-path-prefix.js|pages-dir-brow
ser
    Used by 3 module(s), i. e.
    javascript/auto|C:\antigra
vity\afse\node_modules\next\di
st\build\webpack\loaders\next-
swc-loader.js??ruleSet[1].rule
s[16].oneOf[8].use[0]!C:\antig
ravity\afse\node_modules\next\
dist\client\add-base-path.js|p
ages-dir-browser

Import trace for requested mod
ule:
./node_modules/next/dist/share
d/lib/router/utils/add-path-pr
efix.js
./node_modules/next/dist/clien
t/add-base-path.js
./node_modules/next/dist/clien
t/page-loader.js
./node_modules/next/dist/clien
t/index.js

./node_modules/next/dist/share
d/lib/router/utils/add-path-su
ffix.js
There are multiple modules wit
h names that only differ in ca
sing.
This can lead to unexpected be
havior when compiling on a fil
esystem with other case-semant
ic.
Use equal casing. Compare thes
e module identifiers:
* javascript/auto|C:\antigravi
ty\afse\node_modules\next\dist
\build\webpack\loaders\next-sw
c-loader.js??ruleSet[1].rules[
16].oneOf[8].use[0]!C:\antigra
vity\AFSE\node_modules\next\di
st\shared\lib\router\utils\add
-path-suffix.js|pages-dir-brow
ser
    Used by 1 module(s), i. e.
    javascript/auto|C:\antigra
vity\afse\node_modules\next\di
st\build\webpack\loaders\next-
swc-loader.js??ruleSet[1].rule
s[16].oneOf[8].use[0]!C:\antig
ravity\AFSE\node_modules\next\
dist\shared\lib\router\utils\f
ormat-next-pathname-info.js|pa
ges-dir-browser
* javascript/auto|C:\antigravi
ty\afse\node_modules\next\dist
\build\webpack\loaders\next-sw
c-loader.js??ruleSet[1].rules[
16].oneOf[8].use[0]!C:\antigra
vity\afse\node_modules\next\di
st\shared\lib\router\utils\add
-path-suffix.js|pages-dir-brow
ser
    Used by 1 module(s), i. e.
    javascript/auto|C:\antigra
vity\afse\node_modules\next\di
st\build\webpack\loaders\next-
swc-loader.js??ruleSet[1].rule
s[16].oneOf[8].use[0]!C:\antig
ravity\afse\node_modules\next\
dist\shared\lib\router\utils\f
ormat-next-pathname-info.js|pa
ges-dir-browser

Import trace for requested mod
ule:
./node_modules/next/dist/share
d/lib/router/utils/add-path-su
ffix.js
./node_modules/next/dist/share
d/lib/router/utils/format-next
-pathname-info.js
./node_modules/next/dist/share
d/lib/router/router.js
./node_modules/next/dist/clien
t/router.js
./node_modules/next/dist/clien
t/index.js

./node_modules/next/dist/share
d/lib/router/utils/app-paths.j
s
There are multiple modules wit
h names that only differ in ca
sing.
This can lead to unexpected be
havior when compiling on a fil
esystem with other case-semant
ic.
Use equal casing. Compare thes
e module identifiers:
* javascript/auto|C:\antigravi
ty\afse\node_modules\next\dist
\build\webpack\loaders\next-sw
c-loader.js??ruleSet[1].rules[
16].oneOf[8].use[0]!C:\antigra
vity\AFSE\node_modules\next\di
st\shared\lib\router\utils\app
-paths.js|pages-dir-browser
    Used by 2 module(s), i. e.
    javascript/auto|C:\antigra
vity\afse\node_modules\next\di
st\build\webpack\loaders\next-
swc-loader.js??ruleSet[1].rule
s[16].oneOf[8].use[0]!C:\antig
ravity\AFSE\node_modules\next\
dist\shared\lib\router\utils\i
nterception-routes.js|pages-di
r-browser
* javascript/auto|C:\antigravi
ty\afse\node_modules\next\dist
\build\webpack\loaders\next-sw
c-loader.js??ruleSet[1].rules[
16].oneOf[8].use[0]!C:\antigra
vity\afse\node_modules\next\di
st\shared\lib\router\utils\app
-paths.js|pages-dir-browser
    Used by 2 module(s), i. e.
    javascript/auto|C:\antigra
vity\afse\node_modules\next\di
st\build\webpack\loaders\next-
swc-loader.js??ruleSet[1].rule
s[16].oneOf[8].use[0]!C:\antig
ravity\afse\node_modules\next\
dist\shared\lib\router\utils\i
nterception-routes.js|pages-di
r-browser

Import trace for requested mod
ule:
./node_modules/next/dist/share
d/lib/router/utils/app-paths.j
s
./node_modules/next/dist/share
d/lib/router/utils/interceptio
n-routes.js
./node_modules/next/dist/share
d/lib/router/utils/is-dynamic.
js
./node_modules/next/dist/clien
t/index.js

./node_modules/next/dist/share
d/lib/router/utils/compare-sta
tes.js
There are multiple modules wit
h names that only differ in ca
sing.
This can lead to unexpected be
havior when compiling on a fil
esystem with other case-semant
ic.
Use equal casing. Compare thes
e module identifiers:
* javascript/auto|C:\antigravi
ty\afse\node_modules\next\dist
\build\webpack\loaders\next-sw
c-loader.js??ruleSet[1].rules[
16].oneOf[8].use[0]!C:\antigra
vity\AFSE\node_modules\next\di
st\shared\lib\router\utils\com
pare-states.js|pages-dir-brows
er
    Used by 1 module(s), i. e.
    javascript/auto|C:\antigra
vity\afse\node_modules\next\di
st\build\webpack\loaders\next-
swc-loader.js??ruleSet[1].rule
s[16].oneOf[8].use[0]!C:\antig
ravity\AFSE\node_modules\next\
dist\shared\lib\router\router.
js|pages-dir-browser
* javascript/auto|C:\antigravi
ty\afse\node_modules\next\dist
\build\webpack\loaders\next-sw
c-loader.js??ruleSet[1].rules[
16].oneOf[8].use[0]!C:\antigra
vity\afse\node_modules\next\di
st\shared\lib\router\utils\com
pare-states.js|pages-dir-brows
er
    Used by 1 module(s), i. e.
    javascript/auto|C:\antigra
vity\afse\node_modules\next\di
st\build\webpack\loaders\next-
swc-loader.js??ruleSet[1].rule
s[16].oneOf[8].use[0]!C:\antig
ravity\afse\node_modules\next\
dist\shared\lib\router\router.
js|pages-dir-browser

Import trace for requested mod
ule:
./node_modules/next/dist/share
d/lib/router/utils/compare-sta
tes.js
./node_modules/next/dist/share
d/lib/router/router.js
./node_modules/next/dist/clien
t/router.js
./node_modules/next/dist/clien
t/index.js

./node_modules/next/dist/share
d/lib/router/utils/disable-smo
oth-scroll.js
There are multiple modules wit
h names that only differ in ca
sing.
This can lead to unexpected be
havior when compiling on a fil
esystem with other case-semant
ic.
Use equal casing. Compare thes
e module identifiers:
* javascript/auto|C:\antigravi
ty\afse\node_modules\next\dist
\build\webpack\loaders\next-sw
c-loader.js??ruleSet[1].rules[
16].oneOf[8].use[0]!C:\antigra
vity\AFSE\node_modules\next\di
st\shared\lib\router\utils\dis
able-smooth-scroll.js|pages-di
r-browser
    Used by 2 module(s), i. e.
    javascript/auto|C:\antigra
vity\afse\node_modules\next\di
st\build\webpack\loaders\next-
swc-loader.js??ruleSet[1].rule
s[16].oneOf[8].use[0]!C:\antig
ravity\AFSE\node_modules\next\
dist\client\index.js|pages-dir
-browser
* javascript/auto|C:\antigravi
ty\afse\node_modules\next\dist
\build\webpack\loaders\next-sw
c-loader.js??ruleSet[1].rules[
16].oneOf[8].use[0]!C:\antigra
vity\afse\node_modules\next\di
st\shared\lib\router\utils\dis
able-smooth-scroll.js|pages-di
r-browser
    Used by 1 module(s), i. e.
    javascript/auto|C:\antigra
vity\afse\node_modules\next\di
st\build\webpack\loaders\next-
swc-loader.js??ruleSet[1].rule
s[16].oneOf[8].use[0]!C:\antig
ravity\afse\node_modules\next\
dist\shared\lib\router\router.
js|pages-dir-browser

Import trace for requested mod
ule:
./node_modules/next/dist/share
d/lib/router/utils/disable-smo
oth-scroll.js
./node_modules/next/dist/clien
t/index.js

./node_modules/next/dist/share
d/lib/router/utils/format-next
-pathname-info.js
There are multiple modules wit
h names that only differ in ca
sing.
This can lead to unexpected be
havior when compiling on a fil
esystem with other case-semant
ic.
Use equal casing. Compare thes
e module identifiers:
* javascript/auto|C:\antigravi
ty\afse\node_modules\next\dist
\build\webpack\loaders\next-sw
c-loader.js??ruleSet[1].rules[
16].oneOf[8].use[0]!C:\antigra
vity\AFSE\node_modules\next\di
st\shared\lib\router\utils\for
mat-next-pathname-info.js|page
s-dir-browser
    Used by 1 module(s), i. e.
    javascript/auto|C:\antigra
vity\afse\node_modules\next\di
st\build\webpack\loaders\next-
swc-loader.js??ruleSet[1].rule
s[16].oneOf[8].use[0]!C:\antig
ravity\AFSE\node_modules\next\
dist\shared\lib\router\router.
js|pages-dir-browser
* javascript/auto|C:\antigravi
ty\afse\node_modules\next\dist
\build\webpack\loaders\next-sw
c-loader.js??ruleSet[1].rules[
16].oneOf[8].use[0]!C:\antigra
vity\afse\node_modules\next\di
st\shared\lib\router\utils\for
mat-next-pathname-info.js|page
s-dir-browser
    Used by 1 module(s), i. e.
    javascript/auto|C:\antigra
vity\afse\node_modules\next\di
st\build\webpack\loaders\next-
swc-loader.js??ruleSet[1].rule
s[16].oneOf[8].use[0]!C:\antig
ravity\afse\node_modules\next\
dist\shared\lib\router\router.
js|pages-dir-browser

Import trace for requested mod
ule:
./node_modules/next/dist/share
d/lib/router/utils/format-next
-pathname-info.js
./node_modules/next/dist/share
d/lib/router/router.js
./node_modules/next/dist/clien
t/router.js
./node_modules/next/dist/clien
t/index.js

./node_modules/next/dist/share
d/lib/router/utils/format-url.
js
There are multiple modules wit
h names that only differ in ca
sing.
This can lead to unexpected be
havior when compiling on a fil
esystem with other case-semant
ic.
Use equal casing. Compare thes
e module identifiers:
* javascript/auto|C:\antigravi
ty\afse\node_modules\next\dist
\build\webpack\loaders\next-sw
c-loader.js??ruleSet[1].rules[
16].oneOf[8].use[0]!C:\antigra
vity\AFSE\node_modules\next\di
st\shared\lib\router\utils\for
mat-url.js|pages-dir-browser
    Used by 3 module(s), i. e.
    javascript/auto|C:\antigra
vity\afse\node_modules\next\di
st\build\webpack\loaders\next-
swc-loader.js??ruleSet[1].rule
s[16].oneOf[8].use[0]!C:\antig
ravity\AFSE\node_modules\next\
dist\shared\lib\router\router.
js|pages-dir-browser
* javascript/auto|C:\antigravi
ty\afse\node_modules\next\dist
\build\webpack\loaders\next-sw
c-loader.js??ruleSet[1].rules[
16].oneOf[8].use[0]!C:\antigra
vity\afse\node_modules\next\di
st\shared\lib\router\utils\for
mat-url.js|pages-dir-browser
    Used by 3 module(s), i. e.
    javascript/auto|C:\antigra
vity\afse\node_modules\next\di
st\build\webpack\loaders\next-
swc-loader.js??ruleSet[1].rule
s[16].oneOf[8].use[0]!C:\antig
ravity\afse\node_modules\next\
dist\shared\lib\router\router.
js|pages-dir-browser

Import trace for requested mod
ule:
./node_modules/next/dist/share
d/lib/router/utils/format-url.
js
./node_modules/next/dist/share
d/lib/router/router.js
./node_modules/next/dist/clien
t/router.js
./node_modules/next/dist/clien
t/index.js

./node_modules/next/dist/share
d/lib/router/utils/get-asset-p
ath-from-route.js
There are multiple modules wit
h names that only differ in ca
sing.
This can lead to unexpected be
havior when compiling on a fil
esystem with other case-semant
ic.
Use equal casing. Compare thes
e module identifiers:
* javascript/auto|C:\antigravi
ty\afse\node_modules\next\dist
\build\webpack\loaders\next-sw
c-loader.js??ruleSet[1].rules[
16].oneOf[8].use[0]!C:\antigra
vity\AFSE\node_modules\next\di
st\shared\lib\router\utils\get
-asset-path-from-route.js|page
s-dir-browser
    Used by 2 module(s), i. e.
    javascript/auto|C:\antigra
vity\afse\node_modules\next\di
st\build\webpack\loaders\next-
swc-loader.js??ruleSet[1].rule
s[16].oneOf[8].use[0]!C:\antig
ravity\AFSE\node_modules\next\
dist\client\page-loader.js|pag
es-dir-browser
* javascript/auto|C:\antigravi
ty\afse\node_modules\next\dist
\build\webpack\loaders\next-sw
c-loader.js??ruleSet[1].rules[
16].oneOf[8].use[0]!C:\antigra
vity\afse\node_modules\next\di
st\shared\lib\router\utils\get
-asset-path-from-route.js|page
s-dir-browser
    Used by 1 module(s), i. e.
    javascript/auto|C:\antigra
vity\afse\node_modules\next\di
st\build\webpack\loaders\next-
swc-loader.js??ruleSet[1].rule
s[16].oneOf[8].use[0]!C:\antig
ravity\afse\node_modules\next\
dist\client\route-loader.js|pa
ges-dir-browser

Import trace for requested mod
ule:
./node_modules/next/dist/share
d/lib/router/utils/get-asset-p
ath-from-route.js
./node_modules/next/dist/clien
t/page-loader.js
./node_modules/next/dist/clien
t/index.js

./node_modules/next/dist/share
d/lib/router/utils/get-dynamic
-param.js
There are multiple modules wit
h names that only differ in ca
sing.
This can lead to unexpected be
havior when compiling on a fil
esystem with other case-semant
ic.
Use equal casing. Compare thes
e module identifiers:
* javascript/auto|C:\antigravi
ty\afse\node_modules\next\dist
\build\webpack\loaders\next-sw
c-loader.js??ruleSet[1].rules[
16].oneOf[8].use[0]!C:\antigra
vity\AFSE\node_modules\next\di
st\shared\lib\router\utils\get
-dynamic-param.js|pages-dir-br
owser
    Used by 2 module(s), i. e.
    javascript/auto|C:\antigra
vity\afse\node_modules\next\di
st\build\webpack\loaders\next-
swc-loader.js??ruleSet[1].rule
s[16].oneOf[8].use[0]!C:\antig
ravity\AFSE\node_modules\next\
dist\shared\lib\router\utils\r
oute-regex.js|pages-dir-browse
r
* javascript/auto|C:\antigravi
ty\afse\node_modules\next\dist
\build\webpack\loaders\next-sw
c-loader.js??ruleSet[1].rules[
16].oneOf[8].use[0]!C:\antigra
vity\afse\node_modules\next\di
st\shared\lib\router\utils\get
-dynamic-param.js|pages-dir-br
owser
    Used by 2 module(s), i. e.
    javascript/auto|C:\antigra
vity\afse\node_modules\next\di
st\build\webpack\loaders\next-
swc-loader.js??ruleSet[1].rule
s[16].oneOf[8].use[0]!C:\antig
ravity\afse\node_modules\next\
dist\shared\lib\router\utils\r
oute-regex.js|pages-dir-browse
r

Import trace for requested mod
ule:
./node_modules/next/dist/share
d/lib/router/utils/get-dynamic
-param.js
./node_modules/next/dist/share
d/lib/router/utils/route-regex
.js
./node_modules/next/dist/share
d/lib/router/adapters.js
./node_modules/next/dist/clien
t/index.js

./node_modules/next/dist/share
d/lib/router/utils/get-next-pa
thname-info.js
There are multiple modules wit
h names that only differ in ca
sing.
This can lead to unexpected be
havior when compiling on a fil
esystem with other case-semant
ic.
Use equal casing. Compare thes
e module identifiers:
* javascript/auto|C:\antigravi
ty\afse\node_modules\next\dist
\build\webpack\loaders\next-sw
c-loader.js??ruleSet[1].rules[
16].oneOf[8].use[0]!C:\antigra
vity\AFSE\node_modules\next\di
st\shared\lib\router\utils\get
-next-pathname-info.js|pages-d
ir-browser
    Used by 1 module(s), i. e.
    javascript/auto|C:\antigra
vity\afse\node_modules\next\di
st\build\webpack\loaders\next-
swc-loader.js??ruleSet[1].rule
s[16].oneOf[8].use[0]!C:\antig
ravity\AFSE\node_modules\next\
dist\shared\lib\router\router.
js|pages-dir-browser
* javascript/auto|C:\antigravi
ty\afse\node_modules\next\dist
\build\webpack\loaders\next-sw
c-loader.js??ruleSet[1].rules[
16].oneOf[8].use[0]!C:\antigra
vity\afse\node_modules\next\di
st\shared\lib\router\utils\get
-next-pathname-info.js|pages-d
ir-browser
    Used by 1 module(s), i. e.
    javascript/auto|C:\antigra
vity\afse\node_modules\next\di
st\build\webpack\loaders\next-
swc-loader.js??ruleSet[1].rule
s[16].oneOf[8].use[0]!C:\antig
ravity\afse\node_modules\next\
dist\shared\lib\router\router.
js|pages-dir-browser

Import trace for requested mod
ule:
./node_modules/next/dist/share
d/lib/router/utils/get-next-pa
thname-info.js
./node_modules/next/dist/share
d/lib/router/router.js
./node_modules/next/dist/clien
t/router.js
./node_modules/next/dist/clien
t/index.js

./node_modules/next/dist/share
d/lib/router/utils/html-bots.j
s
There are multiple modules wit
h names that only differ in ca
sing.
This can lead to unexpected be
havior when compiling on a fil
esystem with other case-semant
ic.
Use equal casing. Compare thes
e module identifiers:
* javascript/auto|C:\antigravi
ty\afse\node_modules\next\dist
\build\webpack\loaders\next-sw
c-loader.js??ruleSet[1].rules[
16].oneOf[8].use[0]!C:\antigra
vity\AFSE\node_modules\next\di
st\shared\lib\router\utils\htm
l-bots.js|pages-dir-browser
    Used by 1 module(s), i. e.
    javascript/auto|C:\antigra
vity\afse\node_modules\next\di
st\build\webpack\loaders\next-
swc-loader.js??ruleSet[1].rule
s[16].oneOf[8].use[0]!C:\antig
ravity\AFSE\node_modules\next\
dist\shared\lib\router\utils\i
s-bot.js|pages-dir-browser
* javascript/auto|C:\antigravi
ty\afse\node_modules\next\dist
\build\webpack\loaders\next-sw
c-loader.js??ruleSet[1].rules[
16].oneOf[8].use[0]!C:\antigra
vity\afse\node_modules\next\di
st\shared\lib\router\utils\htm
l-bots.js|pages-dir-browser
    Used by 1 module(s), i. e.
    javascript/auto|C:\antigra
vity\afse\node_modules\next\di
st\build\webpack\loaders\next-
swc-loader.js??ruleSet[1].rule
s[16].oneOf[8].use[0]!C:\antig
ravity\afse\node_modules\next\
dist\shared\lib\router\utils\i
s-bot.js|pages-dir-browser

Import trace for requested mod
ule:
./node_modules/next/dist/share
d/lib/router/utils/html-bots.j
s
./node_modules/next/dist/share
d/lib/router/utils/is-bot.js
./node_modules/next/dist/share
d/lib/router/router.js
./node_modules/next/dist/clien
t/router.js
./node_modules/next/dist/clien
t/index.js

./node_modules/next/dist/share
d/lib/router/utils/index.js
There are multiple modules wit
h names that only differ in ca
sing.
This can lead to unexpected be
havior when compiling on a fil
esystem with other case-semant
ic.
Use equal casing. Compare thes
e module identifiers:
* javascript/auto|C:\antigravi
ty\afse\node_modules\next\dist
\build\webpack\loaders\next-sw
c-loader.js??ruleSet[1].rules[
16].oneOf[8].use[0]!C:\antigra
vity\AFSE\node_modules\next\di
st\shared\lib\router\utils\ind
ex.js|pages-dir-browser
    Used by 4 module(s), i. e.
    javascript/auto|C:\antigra
vity\afse\node_modules\next\di
st\build\webpack\loaders\next-
swc-loader.js??ruleSet[1].rule
s[16].oneOf[8].use[0]!C:\antig
ravity\AFSE\node_modules\next\
dist\shared\lib\router\adapter
s.js|pages-dir-browser
* javascript/auto|C:\antigravi
ty\afse\node_modules\next\dist
\build\webpack\loaders\next-sw
c-loader.js??ruleSet[1].rules[
16].oneOf[8].use[0]!C:\antigra
vity\afse\node_modules\next\di
st\shared\lib\router\utils\ind
ex.js|pages-dir-browser
    Used by 3 module(s), i. e.
    javascript/auto|C:\antigra
vity\afse\node_modules\next\di
st\build\webpack\loaders\next-
swc-loader.js??ruleSet[1].rule
s[16].oneOf[8].use[0]!C:\antig
ravity\afse\node_modules\next\
dist\shared\lib\page-path\deno
rmalize-page-path.js|pages-dir
-browser

Import trace for requested mod
ule:
./node_modules/next/dist/share
d/lib/router/utils/index.js
./node_modules/next/dist/share
d/lib/router/adapters.js
./node_modules/next/dist/clien
t/index.js

./node_modules/next/dist/share
d/lib/router/utils/interceptio
n-routes.js
There are multiple modules wit
h names that only differ in ca
sing.
This can lead to unexpected be
havior when compiling on a fil
esystem with other case-semant
ic.
Use equal casing. Compare thes
e module identifiers:
* javascript/auto|C:\antigravi
ty\afse\node_modules\next\dist
\build\webpack\loaders\next-sw
c-loader.js??ruleSet[1].rules[
16].oneOf[8].use[0]!C:\antigra
vity\AFSE\node_modules\next\di
st\shared\lib\router\utils\int
erception-routes.js|pages-dir-
browser
    Used by 3 module(s), i. e.
    javascript/auto|C:\antigra
vity\afse\node_modules\next\di
st\build\webpack\loaders\next-
swc-loader.js??ruleSet[1].rule
s[16].oneOf[8].use[0]!C:\antig
ravity\AFSE\node_modules\next\
dist\shared\lib\router\utils\i
s-dynamic.js|pages-dir-browser
* javascript/auto|C:\antigravi
ty\afse\node_modules\next\dist
\build\webpack\loaders\next-sw
c-loader.js??ruleSet[1].rules[
16].oneOf[8].use[0]!C:\antigra
vity\afse\node_modules\next\di
st\shared\lib\router\utils\int
erception-routes.js|pages-dir-
browser
    Used by 3 module(s), i. e.
    javascript/auto|C:\antigra
vity\afse\node_modules\next\di
st\build\webpack\loaders\next-
swc-loader.js??ruleSet[1].rule
s[16].oneOf[8].use[0]!C:\antig
ravity\afse\node_modules\next\
dist\shared\lib\router\utils\i
s-dynamic.js|pages-dir-browser

Import trace for requested mod
ule:
./node_modules/next/dist/share
d/lib/router/utils/interceptio
n-routes.js
./node_modules/next/dist/share
d/lib/router/utils/is-dynamic.
js
./node_modules/next/dist/clien
t/index.js

./node_modules/next/dist/share
d/lib/router/utils/interpolate
-as.js
There are multiple modules wit
h names that only differ in ca
sing.
This can lead to unexpected be
havior when compiling on a fil
esystem with other case-semant
ic.
Use equal casing. Compare thes
e module identifiers:
* javascript/auto|C:\antigravi
ty\afse\node_modules\next\dist
\build\webpack\loaders\next-sw
c-loader.js??ruleSet[1].rules[
16].oneOf[8].use[0]!C:\antigra
vity\AFSE\node_modules\next\di
st\shared\lib\router\utils\int
erpolate-as.js|pages-dir-brows
er
    Used by 3 module(s), i. e.
    javascript/auto|C:\antigra
vity\afse\node_modules\next\di
st\build\webpack\loaders\next-
swc-loader.js??ruleSet[1].rule
s[16].oneOf[8].use[0]!C:\antig
ravity\AFSE\node_modules\next\
dist\client\page-loader.js|pag
es-dir-browser
* javascript/auto|C:\antigravi
ty\afse\node_modules\next\dist
\build\webpack\loaders\next-sw
c-loader.js??ruleSet[1].rules[
16].oneOf[8].use[0]!C:\antigra
vity\afse\node_modules\next\di
st\shared\lib\router\utils\int
erpolate-as.js|pages-dir-brows
er
    Used by 2 module(s), i. e.
    javascript/auto|C:\antigra
vity\afse\node_modules\next\di
st\build\webpack\loaders\next-
swc-loader.js??ruleSet[1].rule
s[16].oneOf[8].use[0]!C:\antig
ravity\afse\node_modules\next\
dist\shared\lib\router\router.
js|pages-dir-browser

Import trace for requested mod
ule:
./node_modules/next/dist/share
d/lib/router/utils/interpolate
-as.js
./node_modules/next/dist/clien
t/page-loader.js
./node_modules/next/dist/clien
t/index.js

./node_modules/next/dist/share
d/lib/router/utils/is-bot.js
There are multiple modules wit
h names that only differ in ca
sing.
This can lead to unexpected be
havior when compiling on a fil
esystem with other case-semant
ic.
Use equal casing. Compare thes
e module identifiers:
* javascript/auto|C:\antigravi
ty\afse\node_modules\next\dist
\build\webpack\loaders\next-sw
c-loader.js??ruleSet[1].rules[
16].oneOf[8].use[0]!C:\antigra
vity\AFSE\node_modules\next\di
st\shared\lib\router\utils\is-
bot.js|pages-dir-browser
    Used by 2 module(s), i. e.
    javascript/auto|C:\antigra
vity\afse\node_modules\next\di
st\build\webpack\loaders\next-
swc-loader.js??ruleSet[1].rule
s[16].oneOf[8].use[0]!C:\antig
ravity\AFSE\node_modules\next\
dist\shared\lib\router\router.
js|pages-dir-browser
* javascript/auto|C:\antigravi
ty\afse\node_modules\next\dist
\build\webpack\loaders\next-sw
c-loader.js??ruleSet[1].rules[
16].oneOf[8].use[0]!C:\antigra
vity\afse\node_modules\next\di
st\shared\lib\router\utils\is-
bot.js|pages-dir-browser
    Used by 2 module(s), i. e.
    javascript/auto|C:\antigra
vity\afse\node_modules\next\di
st\build\webpack\loaders\next-
swc-loader.js??ruleSet[1].rule
s[16].oneOf[8].use[0]!C:\antig
ravity\afse\node_modules\next\
dist\shared\lib\router\router.
js|pages-dir-browser

Import trace for requested mod
ule:
./node_modules/next/dist/share
d/lib/router/utils/is-bot.js
./node_modules/next/dist/share
d/lib/router/router.js
./node_modules/next/dist/clien
t/router.js
./node_modules/next/dist/clien
t/index.js

./node_modules/next/dist/share
d/lib/router/utils/is-dynamic.
js
There are multiple modules wit
h names that only differ in ca
sing.
This can lead to unexpected be
havior when compiling on a fil
esystem with other case-semant
ic.
Use equal casing. Compare thes
e module identifiers:
* javascript/auto|C:\antigravi
ty\afse\node_modules\next\dist
\build\webpack\loaders\next-sw
c-loader.js??ruleSet[1].rules[
16].oneOf[8].use[0]!C:\antigra
vity\AFSE\node_modules\next\di
st\shared\lib\router\utils\is-
dynamic.js|pages-dir-browser
    Used by 4 module(s), i. e.
    javascript/auto|C:\antigra
vity\afse\node_modules\next\di
st\build\webpack\loaders\next-
swc-loader.js??ruleSet[1].rule
s[16].oneOf[8].use[0]!C:\antig
ravity\AFSE\node_modules\next\
dist\client\index.js|pages-dir
-browser
* javascript/auto|C:\antigravi
ty\afse\node_modules\next\dist
\build\webpack\loaders\next-sw
c-loader.js??ruleSet[1].rules[
16].oneOf[8].use[0]!C:\antigra
vity\afse\node_modules\next\di
st\shared\lib\router\utils\is-
dynamic.js|pages-dir-browser
    Used by 2 module(s), i. e.
    javascript/auto|C:\antigra
vity\afse\node_modules\next\di
st\build\webpack\loaders\next-
swc-loader.js??ruleSet[1].rule
s[16].oneOf[8].use[0]!C:\antig
ravity\afse\node_modules\next\
dist\shared\lib\router\router.
js|pages-dir-browser

Import trace for requested mod
ule:
./node_modules/next/dist/share
d/lib/router/utils/is-dynamic.
js
./node_modules/next/dist/clien
t/index.js

./node_modules/next/dist/share
d/lib/router/utils/is-local-ur
l.js
There are multiple modules wit
h names that only differ in ca
sing.
This can lead to unexpected be
havior when compiling on a fil
esystem with other case-semant
ic.
Use equal casing. Compare thes
e module identifiers:
* javascript/auto|C:\antigravi
ty\afse\node_modules\next\dist
\build\webpack\loaders\next-sw
c-loader.js??ruleSet[1].rules[
16].oneOf[8].use[0]!C:\antigra
vity\AFSE\node_modules\next\di
st\shared\lib\router\utils\is-
local-url.js|pages-dir-browser
    Used by 2 module(s), i. e.
    javascript/auto|C:\antigra
vity\afse\node_modules\next\di
st\build\webpack\loaders\next-
swc-loader.js??ruleSet[1].rule
s[16].oneOf[8].use[0]!C:\antig
ravity\AFSE\node_modules\next\
dist\shared\lib\router\router.
js|pages-dir-browser
* javascript/auto|C:\antigravi
ty\afse\node_modules\next\dist
\build\webpack\loaders\next-sw
c-loader.js??ruleSet[1].rules[
16].oneOf[8].use[0]!C:\antigra
vity\afse\node_modules\next\di
st\shared\lib\router\utils\is-
local-url.js|pages-dir-browser
    Used by 2 module(s), i. e.
    javascript/auto|C:\antigra
vity\afse\node_modules\next\di
st\build\webpack\loaders\next-
swc-loader.js??ruleSet[1].rule
s[16].oneOf[8].use[0]!C:\antig
ravity\afse\node_modules\next\
dist\shared\lib\router\router.
js|pages-dir-browser

Import trace for requested mod
ule:
./node_modules/next/dist/share
d/lib/router/utils/is-local-ur
l.js
./node_modules/next/dist/share
d/lib/router/router.js
./node_modules/next/dist/clien
t/router.js
./node_modules/next/dist/clien
t/index.js

./node_modules/next/dist/share
d/lib/router/utils/omit.js
There are multiple modules wit
h names that only differ in ca
sing.
This can lead to unexpected be
havior when compiling on a fil
esystem with other case-semant
ic.
Use equal casing. Compare thes
e module identifiers:
* javascript/auto|C:\antigravi
ty\afse\node_modules\next\dist
\build\webpack\loaders\next-sw
c-loader.js??ruleSet[1].rules[
16].oneOf[8].use[0]!C:\antigra
vity\AFSE\node_modules\next\di
st\shared\lib\router\utils\omi
t.js|pages-dir-browser
    Used by 2 module(s), i. e.
    javascript/auto|C:\antigra
vity\afse\node_modules\next\di
st\build\webpack\loaders\next-
swc-loader.js??ruleSet[1].rule
s[16].oneOf[8].use[0]!C:\antig
ravity\AFSE\node_modules\next\
dist\shared\lib\router\router.
js|pages-dir-browser
* javascript/auto|C:\antigravi
ty\afse\node_modules\next\dist
\build\webpack\loaders\next-sw
c-loader.js??ruleSet[1].rules[
16].oneOf[8].use[0]!C:\antigra
vity\afse\node_modules\next\di
st\shared\lib\router\utils\omi
t.js|pages-dir-browser
    Used by 2 module(s), i. e.
    javascript/auto|C:\antigra
vity\afse\node_modules\next\di
st\build\webpack\loaders\next-
swc-loader.js??ruleSet[1].rule
s[16].oneOf[8].use[0]!C:\antig
ravity\afse\node_modules\next\
dist\shared\lib\router\router.
js|pages-dir-browser

Import trace for requested mod
ule:
./node_modules/next/dist/share
d/lib/router/utils/omit.js
./node_modules/next/dist/share
d/lib/router/router.js
./node_modules/next/dist/clien
t/router.js
./node_modules/next/dist/clien
t/index.js

./node_modules/next/dist/share
d/lib/router/utils/parse-path.
js
There are multiple modules wit
h names that only differ in ca
sing.
This can lead to unexpected be
havior when compiling on a fil
esystem with other case-semant
ic.
Use equal casing. Compare thes
e module identifiers:
* javascript/auto|C:\antigravi
ty\afse\node_modules\next\dist
\build\webpack\loaders\next-sw
c-loader.js??ruleSet[1].rules[
16].oneOf[8].use[0]!C:\antigra
vity\AFSE\node_modules\next\di
st\shared\lib\router\utils\par
se-path.js|pages-dir-browser
    Used by 6 module(s), i. e.
    javascript/auto|C:\antigra
vity\afse\node_modules\next\di
st\build\webpack\loaders\next-
swc-loader.js??ruleSet[1].rule
s[16].oneOf[8].use[0]!C:\antig
ravity\AFSE\node_modules\next\
dist\shared\lib\router\router.
js|pages-dir-browser
* javascript/auto|C:\antigravi
ty\afse\node_modules\next\dist
\build\webpack\loaders\next-sw
c-loader.js??ruleSet[1].rules[
16].oneOf[8].use[0]!C:\antigra
vity\afse\node_modules\next\di
st\shared\lib\router\utils\par
se-path.js|pages-dir-browser
    Used by 6 module(s), i. e.
    javascript/auto|C:\antigra
vity\afse\node_modules\next\di
st\build\webpack\loaders\next-
swc-loader.js??ruleSet[1].rule
s[16].oneOf[8].use[0]!C:\antig
ravity\afse\node_modules\next\
dist\shared\lib\router\router.
js|pages-dir-browser

Import trace for requested mod
ule:
./node_modules/next/dist/share
d/lib/router/utils/parse-path.
js
./node_modules/next/dist/share
d/lib/router/router.js
./node_modules/next/dist/clien
t/router.js
./node_modules/next/dist/clien
t/index.js

./node_modules/next/dist/share
d/lib/router/utils/parse-relat
ive-url.js
There are multiple modules wit
h names that only differ in ca
sing.
This can lead to unexpected be
havior when compiling on a fil
esystem with other case-semant
ic.
Use equal casing. Compare thes
e module identifiers:
* javascript/auto|C:\antigravi
ty\afse\node_modules\next\dist
\build\webpack\loaders\next-sw
c-loader.js??ruleSet[1].rules[
16].oneOf[8].use[0]!C:\antigra
vity\AFSE\node_modules\next\di
st\shared\lib\router\utils\par
se-relative-url.js|pages-dir-b
rowser
    Used by 2 module(s), i. e.
    javascript/auto|C:\antigra
vity\afse\node_modules\next\di
st\build\webpack\loaders\next-
swc-loader.js??ruleSet[1].rule
s[16].oneOf[8].use[0]!C:\antig
ravity\AFSE\node_modules\next\
dist\client\page-loader.js|pag
es-dir-browser
* javascript/auto|C:\antigravi
ty\afse\node_modules\next\dist
\build\webpack\loaders\next-sw
c-loader.js??ruleSet[1].rules[
16].oneOf[8].use[0]!C:\antigra
vity\afse\node_modules\next\di
st\shared\lib\router\utils\par
se-relative-url.js|pages-dir-b
rowser
    Used by 1 module(s), i. e.
    javascript/auto|C:\antigra
vity\afse\node_modules\next\di
st\build\webpack\loaders\next-
swc-loader.js??ruleSet[1].rule
s[16].oneOf[8].use[0]!C:\antig
ravity\afse\node_modules\next\
dist\shared\lib\router\router.
js|pages-dir-browser

Import trace for requested mod
ule:
./node_modules/next/dist/share
d/lib/router/utils/parse-relat
ive-url.js
./node_modules/next/dist/clien
t/page-loader.js
./node_modules/next/dist/clien
t/index.js

./node_modules/next/dist/share
d/lib/router/utils/path-has-pr
efix.js
There are multiple modules wit
h names that only differ in ca
sing.
This can lead to unexpected be
havior when compiling on a fil
esystem with other case-semant
ic.
Use equal casing. Compare thes
e module identifiers:
* javascript/auto|C:\antigravi
ty\afse\node_modules\next\dist
\build\webpack\loaders\next-sw
c-loader.js??ruleSet[1].rules[
16].oneOf[8].use[0]!C:\antigra
vity\AFSE\node_modules\next\di
st\shared\lib\router\utils\pat
h-has-prefix.js|pages-dir-brow
ser
    Used by 4 module(s), i. e.
    javascript/auto|C:\antigra
vity\afse\node_modules\next\di
st\build\webpack\loaders\next-
swc-loader.js??ruleSet[1].rule
s[16].oneOf[8].use[0]!C:\antig
ravity\AFSE\node_modules\next\
dist\client\has-base-path.js|p
ages-dir-browser
* javascript/auto|C:\antigravi
ty\afse\node_modules\next\dist
\build\webpack\loaders\next-sw
c-loader.js??ruleSet[1].rules[
16].oneOf[8].use[0]!C:\antigra
vity\afse\node_modules\next\di
st\shared\lib\router\utils\pat
h-has-prefix.js|pages-dir-brow
ser
    Used by 4 module(s), i. e.
    javascript/auto|C:\antigra
vity\afse\node_modules\next\di
st\build\webpack\loaders\next-
swc-loader.js??ruleSet[1].rule
s[16].oneOf[8].use[0]!C:\antig
ravity\afse\node_modules\next\
dist\client\has-base-path.js|p
ages-dir-browser

Import trace for requested mod
ule:
./node_modules/next/dist/share
d/lib/router/utils/path-has-pr
efix.js
./node_modules/next/dist/clien
t/has-base-path.js
./node_modules/next/dist/clien
t/index.js

./node_modules/next/dist/share
d/lib/router/utils/querystring
.js
There are multiple modules wit
h names that only differ in ca
sing.
This can lead to unexpected be
havior when compiling on a fil
esystem with other case-semant
ic.
Use equal casing. Compare thes
e module identifiers:
* javascript/auto|C:\antigravi
ty\afse\node_modules\next\dist
\build\webpack\loaders\next-sw
c-loader.js??ruleSet[1].rules[
16].oneOf[8].use[0]!C:\antigra
vity\AFSE\node_modules\next\di
st\shared\lib\router\utils\que
rystring.js|pages-dir-browser
    Used by 5 module(s), i. e.
    javascript/auto|C:\antigra
vity\afse\node_modules\next\di
st\build\webpack\loaders\next-
swc-loader.js??ruleSet[1].rule
s[16].oneOf[8].use[0]!C:\antig
ravity\AFSE\node_modules\next\
dist\client\index.js|pages-dir
-browser
* javascript/auto|C:\antigravi
ty\afse\node_modules\next\dist
\build\webpack\loaders\next-sw
c-loader.js??ruleSet[1].rules[
16].oneOf[8].use[0]!C:\antigra
vity\afse\node_modules\next\di
st\shared\lib\router\utils\que
rystring.js|pages-dir-browser
    Used by 4 module(s), i. e.
    javascript/auto|C:\antigra
vity\afse\node_modules\next\di
st\build\webpack\loaders\next-
swc-loader.js??ruleSet[1].rule
s[16].oneOf[8].use[0]!C:\antig
ravity\afse\node_modules\next\
dist\shared\lib\router\utils\p
arse-relative-url.js|pages-dir
-browser

Import trace for requested mod
ule:
./node_modules/next/dist/share
d/lib/router/utils/querystring
.js
./node_modules/next/dist/clien
t/index.js

./node_modules/next/dist/share
d/lib/router/utils/remove-path
-prefix.js
There are multiple modules wit
h names that only differ in ca
sing.
This can lead to unexpected be
havior when compiling on a fil
esystem with other case-semant
ic.
Use equal casing. Compare thes
e module identifiers:
* javascript/auto|C:\antigravi
ty\afse\node_modules\next\dist
\build\webpack\loaders\next-sw
c-loader.js??ruleSet[1].rules[
16].oneOf[8].use[0]!C:\antigra
vity\AFSE\node_modules\next\di
st\shared\lib\router\utils\rem
ove-path-prefix.js|pages-dir-b
rowser
    Used by 1 module(s), i. e.
    javascript/auto|C:\antigra
vity\afse\node_modules\next\di
st\build\webpack\loaders\next-
swc-loader.js??ruleSet[1].rule
s[16].oneOf[8].use[0]!C:\antig
ravity\AFSE\node_modules\next\
dist\shared\lib\router\utils\g
et-next-pathname-info.js|pages
-dir-browser
* javascript/auto|C:\antigravi
ty\afse\node_modules\next\dist
\build\webpack\loaders\next-sw
c-loader.js??ruleSet[1].rules[
16].oneOf[8].use[0]!C:\antigra
vity\afse\node_modules\next\di
st\shared\lib\router\utils\rem
ove-path-prefix.js|pages-dir-b
rowser
    Used by 1 module(s), i. e.
    javascript/auto|C:\antigra
vity\afse\node_modules\next\di
st\build\webpack\loaders\next-
swc-loader.js??ruleSet[1].rule
s[16].oneOf[8].use[0]!C:\antig
ravity\afse\node_modules\next\
dist\shared\lib\router\utils\g
et-next-pathname-info.js|pages
-dir-browser

Import trace for requested mod
ule:
./node_modules/next/dist/share
d/lib/router/utils/remove-path
-prefix.js
./node_modules/next/dist/share
d/lib/router/utils/get-next-pa
thname-info.js
./node_modules/next/dist/share
d/lib/router/router.js
./node_modules/next/dist/clien
t/router.js
./node_modules/next/dist/clien
t/index.js

./node_modules/next/dist/share
d/lib/router/utils/remove-trai
ling-slash.js
There are multiple modules wit
h names that only differ in ca
sing.
This can lead to unexpected be
havior when compiling on a fil
esystem with other case-semant
ic.
Use equal casing. Compare thes
e module identifiers:
* javascript/auto|C:\antigravi
ty\afse\node_modules\next\dist
\build\webpack\loaders\next-sw
c-loader.js??ruleSet[1].rules[
16].oneOf[8].use[0]!C:\antigra
vity\AFSE\node_modules\next\di
st\shared\lib\router\utils\rem
ove-trailing-slash.js|pages-di
r-browser
    Used by 5 module(s), i. e.
    javascript/auto|C:\antigra
vity\afse\node_modules\next\di
st\build\webpack\loaders\next-
swc-loader.js??ruleSet[1].rule
s[16].oneOf[8].use[0]!C:\antig
ravity\AFSE\node_modules\next\
dist\client\page-loader.js|pag
es-dir-browser
* javascript/auto|C:\antigravi
ty\afse\node_modules\next\dist
\build\webpack\loaders\next-sw
c-loader.js??ruleSet[1].rules[
16].oneOf[8].use[0]!C:\antigra
vity\afse\node_modules\next\di
st\shared\lib\router\utils\rem
ove-trailing-slash.js|pages-di
r-browser
    Used by 4 module(s), i. e.
    javascript/auto|C:\antigra
vity\afse\node_modules\next\di
st\build\webpack\loaders\next-
swc-loader.js??ruleSet[1].rule
s[16].oneOf[8].use[0]!C:\antig
ravity\afse\node_modules\next\
dist\shared\lib\router\router.
js|pages-dir-browser

Import trace for requested mod
ule:
./node_modules/next/dist/share
d/lib/router/utils/remove-trai
ling-slash.js
./node_modules/next/dist/clien
t/page-loader.js
./node_modules/next/dist/clien
t/index.js

./node_modules/next/dist/share
d/lib/router/utils/route-match
-utils.js
There are multiple modules wit
h names that only differ in ca
sing.
This can lead to unexpected be
havior when compiling on a fil
esystem with other case-semant
ic.
Use equal casing. Compare thes
e module identifiers:
* javascript/auto|C:\antigravi
ty\afse\node_modules\next\dist
\build\webpack\loaders\next-sw
c-loader.js??ruleSet[1].rules[
16].oneOf[8].use[0]!C:\antigra
vity\AFSE\node_modules\next\di
st\shared\lib\router\utils\rou
te-match-utils.js|pages-dir-br
owser
    Used by 2 module(s), i. e.
    javascript/auto|C:\antigra
vity\afse\node_modules\next\di
st\build\webpack\loaders\next-
swc-loader.js??ruleSet[1].rule
s[16].oneOf[8].use[0]!C:\antig
ravity\AFSE\node_modules\next\
dist\shared\lib\router\utils\r
oute-matcher.js|pages-dir-brow
ser
* javascript/auto|C:\antigravi
ty\afse\node_modules\next\dist
\build\webpack\loaders\next-sw
c-loader.js??ruleSet[1].rules[
16].oneOf[8].use[0]!C:\antigra
vity\afse\node_modules\next\di
st\shared\lib\router\utils\rou
te-match-utils.js|pages-dir-br
owser
    Used by 2 module(s), i. e.
    javascript/auto|C:\antigra
vity\afse\node_modules\next\di
st\build\webpack\loaders\next-
swc-loader.js??ruleSet[1].rule
s[16].oneOf[8].use[0]!C:\antig
ravity\afse\node_modules\next\
dist\shared\lib\router\utils\r
oute-matcher.js|pages-dir-brow
ser

Import trace for requested mod
ule:
./node_modules/next/dist/share
d/lib/router/utils/route-match
-utils.js
./node_modules/next/dist/share
d/lib/router/utils/route-match
er.js
./node_modules/next/dist/share
d/lib/router/utils/interpolate
-as.js
./node_modules/next/dist/clien
t/page-loader.js
./node_modules/next/dist/clien
t/index.js

./node_modules/next/dist/share
d/lib/router/utils/route-match
er.js
There are multiple modules wit
h names that only differ in ca
sing.
This can lead to unexpected be
havior when compiling on a fil
esystem with other case-semant
ic.
Use equal casing. Compare thes
e module identifiers:
* javascript/auto|C:\antigravi
ty\afse\node_modules\next\dist
\build\webpack\loaders\next-sw
c-loader.js??ruleSet[1].rules[
16].oneOf[8].use[0]!C:\antigra
vity\AFSE\node_modules\next\di
st\shared\lib\router\utils\rou
te-matcher.js|pages-dir-browse
r
    Used by 3 module(s), i. e.
    javascript/auto|C:\antigra
vity\afse\node_modules\next\di
st\build\webpack\loaders\next-
swc-loader.js??ruleSet[1].rule
s[16].oneOf[8].use[0]!C:\antig
ravity\AFSE\node_modules\next\
dist\shared\lib\router\utils\i
nterpolate-as.js|pages-dir-bro
wser
* javascript/auto|C:\antigravi
ty\afse\node_modules\next\dist
\build\webpack\loaders\next-sw
c-loader.js??ruleSet[1].rules[
16].oneOf[8].use[0]!C:\antigra
vity\afse\node_modules\next\di
st\shared\lib\router\utils\rou
te-matcher.js|pages-dir-browse
r
    Used by 3 module(s), i. e.
    javascript/auto|C:\antigra
vity\afse\node_modules\next\di
st\build\webpack\loaders\next-
swc-loader.js??ruleSet[1].rule
s[16].oneOf[8].use[0]!C:\antig
ravity\afse\node_modules\next\
dist\shared\lib\router\router.
js|pages-dir-browser

Import trace for requested mod
ule:
./node_modules/next/dist/share
d/lib/router/utils/route-match
er.js
./node_modules/next/dist/share
d/lib/router/utils/interpolate
-as.js
./node_modules/next/dist/clien
t/page-loader.js
./node_modules/next/dist/clien
t/index.js

./node_modules/next/dist/share
d/lib/router/utils/route-regex
.js
There are multiple modules wit
h names that only differ in ca
sing.
This can lead to unexpected be
havior when compiling on a fil
esystem with other case-semant
ic.
Use equal casing. Compare thes
e module identifiers:
* javascript/auto|C:\antigravi
ty\afse\node_modules\next\dist
\build\webpack\loaders\next-sw
c-loader.js??ruleSet[1].rules[
16].oneOf[8].use[0]!C:\antigra
vity\AFSE\node_modules\next\di
st\shared\lib\router\utils\rou
te-regex.js|pages-dir-browser
    Used by 5 module(s), i. e.
    javascript/auto|C:\antigra
vity\afse\node_modules\next\di
st\build\webpack\loaders\next-
swc-loader.js??ruleSet[1].rule
s[16].oneOf[8].use[0]!C:\antig
ravity\AFSE\node_modules\next\
dist\shared\lib\router\adapter
s.js|pages-dir-browser
* javascript/auto|C:\antigravi
ty\afse\node_modules\next\dist
\build\webpack\loaders\next-sw
c-loader.js??ruleSet[1].rules[
16].oneOf[8].use[0]!C:\antigra
vity\afse\node_modules\next\di
st\shared\lib\router\utils\rou
te-regex.js|pages-dir-browser
    Used by 4 module(s), i. e.
    javascript/auto|C:\antigra
vity\afse\node_modules\next\di
st\build\webpack\loaders\next-
swc-loader.js??ruleSet[1].rule
s[16].oneOf[8].use[0]!C:\antig
ravity\afse\node_modules\next\
dist\shared\lib\router\router.
js|pages-dir-browser

Import trace for requested mod
ule:
./node_modules/next/dist/share
d/lib/router/utils/route-regex
.js
./node_modules/next/dist/share
d/lib/router/adapters.js
./node_modules/next/dist/clien
t/index.js

./node_modules/next/dist/share
d/lib/router/utils/sorted-rout
es.js
There are multiple modules wit
h names that only differ in ca
sing.
This can lead to unexpected be
havior when compiling on a fil
esystem with other case-semant
ic.
Use equal casing. Compare thes
e module identifiers:
* javascript/auto|C:\antigravi
ty\afse\node_modules\next\dist
\build\webpack\loaders\next-sw
c-loader.js??ruleSet[1].rules[
16].oneOf[8].use[0]!C:\antigra
vity\AFSE\node_modules\next\di
st\shared\lib\router\utils\sor
ted-routes.js|pages-dir-browse
r
    Used by 2 module(s), i. e.
    javascript/auto|C:\antigra
vity\afse\node_modules\next\di
st\build\webpack\loaders\next-
swc-loader.js??ruleSet[1].rule
s[16].oneOf[8].use[0]!C:\antig
ravity\AFSE\node_modules\next\
dist\shared\lib\router\utils\i
ndex.js|pages-dir-browser
* javascript/auto|C:\antigravi
ty\afse\node_modules\next\dist
\build\webpack\loaders\next-sw
c-loader.js??ruleSet[1].rules[
16].oneOf[8].use[0]!C:\antigra
vity\afse\node_modules\next\di
st\shared\lib\router\utils\sor
ted-routes.js|pages-dir-browse
r
    Used by 2 module(s), i. e.
    javascript/auto|C:\antigra
vity\afse\node_modules\next\di
st\build\webpack\loaders\next-
swc-loader.js??ruleSet[1].rule
s[16].oneOf[8].use[0]!C:\antig
ravity\afse\node_modules\next\
dist\shared\lib\router\utils\i
ndex.js|pages-dir-browser

Import trace for requested mod
ule:
./node_modules/next/dist/share
d/lib/router/utils/sorted-rout
es.js
./node_modules/next/dist/share
d/lib/router/utils/index.js
./node_modules/next/dist/share
d/lib/router/adapters.js
./node_modules/next/dist/clien
t/index.js

./node_modules/next/dist/share
d/lib/segment.js
There are multiple modules wit
h names that only differ in ca
sing.
This can lead to unexpected be
havior when compiling on a fil
esystem with other case-semant
ic.
Use equal casing. Compare thes
e module identifiers:
* javascript/auto|C:\antigravi
ty\afse\node_modules\next\dist
\build\webpack\loaders\next-sw
c-loader.js??ruleSet[1].rules[
16].oneOf[8].use[0]!C:\antigra
vity\AFSE\node_modules\next\di
st\shared\lib\segment.js|pages
-dir-browser
    Used by 2 module(s), i. e.
    javascript/auto|C:\antigra
vity\afse\node_modules\next\di
st\build\webpack\loaders\next-
swc-loader.js??ruleSet[1].rule
s[16].oneOf[8].use[0]!C:\antig
ravity\AFSE\node_modules\next\
dist\shared\lib\router\utils\a
pp-paths.js|pages-dir-browser
* javascript/auto|C:\antigravi
ty\afse\node_modules\next\dist
\build\webpack\loaders\next-sw
c-loader.js??ruleSet[1].rules[
16].oneOf[8].use[0]!C:\antigra
vity\afse\node_modules\next\di
st\shared\lib\segment.js|pages
-dir-browser
    Used by 2 module(s), i. e.
    javascript/auto|C:\antigra
vity\afse\node_modules\next\di
st\build\webpack\loaders\next-
swc-loader.js??ruleSet[1].rule
s[16].oneOf[8].use[0]!C:\antig
ravity\afse\node_modules\next\
dist\shared\lib\router\utils\a
pp-paths.js|pages-dir-browser

Import trace for requested mod
ule:
./node_modules/next/dist/share
d/lib/segment.js
./node_modules/next/dist/share
d/lib/router/utils/app-paths.j
s
./node_modules/next/dist/share
d/lib/router/utils/interceptio
n-routes.js
./node_modules/next/dist/share
d/lib/router/utils/is-dynamic.
js
./node_modules/next/dist/clien
t/index.js

./node_modules/next/dist/share
d/lib/side-effect.js
There are multiple modules wit
h names that only differ in ca
sing.
This can lead to unexpected be
havior when compiling on a fil
esystem with other case-semant
ic.
Use equal casing. Compare thes
e module identifiers:
* javascript/auto|C:\antigravi
ty\afse\node_modules\next\dist
\build\webpack\loaders\next-sw
c-loader.js??ruleSet[1].rules[
16].oneOf[8].use[0]!C:\antigra
vity\AFSE\node_modules\next\di
st\shared\lib\side-effect.js|p
ages-dir-browser
    Used by 1 module(s), i. e.
    javascript/auto|C:\antigra
vity\afse\node_modules\next\di
st\build\webpack\loaders\next-
swc-loader.js??ruleSet[1].rule
s[16].oneOf[8].use[0]!C:\antig
ravity\AFSE\node_modules\next\
dist\shared\lib\head.js|pages-
dir-browser
* javascript/auto|C:\antigravi
ty\afse\node_modules\next\dist
\build\webpack\loaders\next-sw
c-loader.js??ruleSet[1].rules[
16].oneOf[8].use[0]!C:\antigra
vity\afse\node_modules\next\di
st\shared\lib\side-effect.js|p
ages-dir-browser
    Used by 1 module(s), i. e.
    javascript/auto|C:\antigra
vity\afse\node_modules\next\di
st\build\webpack\loaders\next-
swc-loader.js??ruleSet[1].rule
s[16].oneOf[8].use[0]!C:\antig
ravity\afse\node_modules\next\
dist\shared\lib\head.js|pages-
dir-browser

Import trace for requested mod
ule:
./node_modules/next/dist/share
d/lib/side-effect.js
./node_modules/next/dist/share
d/lib/head.js
./node_modules/next/dist/pages
/_error.js
./node_modules/next/dist/clien
t/index.js

./node_modules/next/dist/share
d/lib/utils.js
There are multiple modules wit
h names that only differ in ca
sing.
This can lead to unexpected be
havior when compiling on a fil
esystem with other case-semant
ic.
Use equal casing. Compare thes
e module identifiers:
* javascript/auto|C:\antigravi
ty\afse\node_modules\next\dist
\build\webpack\loaders\next-sw
c-loader.js??ruleSet[1].rules[
16].oneOf[8].use[0]!C:\antigra
vity\AFSE\node_modules\next\di
st\shared\lib\utils.js|pages-d
ir-browser
    Used by 8 module(s), i. e.
    javascript/auto|C:\antigra
vity\afse\node_modules\next\di
st\build\webpack\loaders\next-
swc-loader.js??ruleSet[1].rule
s[16].oneOf[8].use[0]!C:\antig
ravity\AFSE\node_modules\next\
dist\client\index.js|pages-dir
-browser
* javascript/auto|C:\antigravi
ty\afse\node_modules\next\dist
\build\webpack\loaders\next-sw
c-loader.js??ruleSet[1].rules[
16].oneOf[8].use[0]!C:\antigra
vity\afse\node_modules\next\di
st\shared\lib\utils.js|pages-d
ir-browser
    Used by 7 module(s), i. e.
    javascript/auto|C:\antigra
vity\afse\node_modules\next\di
st\build\webpack\loaders\next-
swc-loader.js??ruleSet[1].rule
s[16].oneOf[8].use[0]!C:\antig
ravity\afse\node_modules\next\
dist\pages\_app.js|pages-dir-b
rowser

Import trace for requested mod
ule:
./node_modules/next/dist/share
d/lib/utils.js
./node_modules/next/dist/clien
t/index.js

./node_modules/next/dist/share
d/lib/utils/warn-once.js
There are multiple modules wit
h names that only differ in ca
sing.
This can lead to unexpected be
havior when compiling on a fil
esystem with other case-semant
ic.
Use equal casing. Compare thes
e module identifiers:
* javascript/auto|C:\antigravi
ty\afse\node_modules\next\dist
\build\webpack\loaders\next-sw
c-loader.js??ruleSet[1].rules[
16].oneOf[8].use[0]!C:\antigra
vity\AFSE\node_modules\next\di
st\shared\lib\utils\warn-once.
js|pages-dir-browser
    Used by 2 module(s), i. e.
    javascript/auto|C:\antigra
vity\afse\node_modules\next\di
st\build\webpack\loaders\next-
swc-loader.js??ruleSet[1].rule
s[16].oneOf[8].use[0]!C:\antig
ravity\AFSE\node_modules\next\
dist\shared\lib\router\utils\d
isable-smooth-scroll.js|pages-
dir-browser
* javascript/auto|C:\antigravi
ty\afse\node_modules\next\dist
\build\webpack\loaders\next-sw
c-loader.js??ruleSet[1].rules[
16].oneOf[8].use[0]!C:\antigra
vity\afse\node_modules\next\di
st\shared\lib\utils\warn-once.
js|pages-dir-browser
    Used by 2 module(s), i. e.
    javascript/auto|C:\antigra
vity\afse\node_modules\next\di
st\build\webpack\loaders\next-
swc-loader.js??ruleSet[1].rule
s[16].oneOf[8].use[0]!C:\antig
ravity\afse\node_modules\next\
dist\shared\lib\head.js|pages-
dir-browser

Import trace for requested mod
ule:
./node_modules/next/dist/share
d/lib/utils/warn-once.js
./node_modules/next/dist/share
d/lib/router/utils/disable-smo
oth-scroll.js
./node_modules/next/dist/clien
t/index.js

 鉁?Compiled successfully in 4.3s
   Skipping linting
   Checking validity of types ...
   Collecting page data ...
   Generating static pages (0/22) ...
TypeError: Cannot read propert
ies of null (reading 'useConte
xt')
    at p (C:\antigravity\AFSE\
.next\server\pages\_error.js:1
:45483)
Error occurred prerendering pa
ge "/500". Read more: https://
nextjs.org/docs/messages/prere
nder-error
TypeError: Cannot read propert
ies of null (reading 'useConte
xt')
    at p (C:\antigravity\AFSE\
.next\server\pages\_error.js:1
:45483)
Export encountered an error on
 /_error: /500, exiting the bu
ild.
 猕?Next.js build worker exited
 with code: 1 and signal: null
